03-29 19:24:12.557 11394 11527 E CscParser: update(): xml file exist
03-29 19:24:12.563 11394 11527 D NetworkController: SignalStrength from intent slotId=0
03-29 19:24:12.565  6620  6661 D UE4     : [2022.03.29-18.24.12:565][232]LogStreaming: Warning: Failed to read file '../../../TestAndroid/Saved/SaveGames/HighscoreData.sav' error.
03-29 19:24:12.581  6620  6661 D UE4     : [2022.03.29-18.24.12:581][233]LogStreaming: Warning: Failed to read file '../../../TestAndroid/Saved/SaveGames/HighscoreData.sav' error.
03-29 19:24:12.598  6620  6661 D UE4     : [2022.03.29-18.24.12:598][234]LogStreaming: Warning: Failed to read file '../../../TestAndroid/Saved/SaveGames/HighscoreData.sav' error.
03-29 19:24:12.616  6620  6661 D UE4     : [2022.03.29-18.24.12:616][235]LogStreaming: Warning: Failed to read file '../../../TestAndroid/Saved/SaveGames/HighscoreData.sav' error.
03-29 19:24:12.631  6620  6661 D UE4     : [2022.03.29-18.24.12:631][236]LogStreaming: Warning: Failed to read file '../../../TestAndroid/Saved/SaveGames/HighscoreData.sav' error.
03-29 19:24:12.647  6620  6661 D UE4     : [2022.03.29-18.24.12:647][237]LogStreaming: Warning: Failed to read file '../../../TestAndroid/Saved/SaveGames/HighscoreData.sav' error.
03-29 19:24:12.665  6620  6661 D UE4     : [2022.03.29-18.24.12:665][238]LogStreaming: Warning: Failed to read file '../../../TestAndroid/Saved/SaveGames/HighscoreData.sav' error.
03-29 19:24:12.681  6620  6661 D UE4     : [2022.03.29-18.24.12:681][239]LogStreaming: Warning: Failed to read file '../../../TestAndroid/Saved/SaveGames/HighscoreData.sav' error.
03-29 19:24:12.698  6620  6661 D UE4     : [2022.03.29-18.24.12:698][240]LogStreaming: Warning: Failed to read file '../../../TestAndroid/Saved/SaveGames/HighscoreData.sav' error.
03-29 19:24:12.714  6620  6661 D UE4     : [2022.03.29-18.24.12:714][241]LogStreaming: Warning: Failed to read file '../../../TestAndroid/Saved/SaveGames/HighscoreData.sav' error.
03-29 19:24:12.730  6620  6661 D UE4     : [2022.03.29-18.24.12:730][242]LogStreaming: Warning: Failed to read file '../../../TestAndroid/Saved/SaveGames/HighscoreData.sav' error.
03-29 19:24:12.753  6620  6661 D UE4     : [2022.03.29-18.24.12:753][243]LogStreaming: Warning: Failed to read file '../../../TestAndroid/Saved/SaveGames/HighscoreData.sav' error.
03-29 19:24:12.765  6620  6661 D UE4     : [2022.03.29-18.24.12:765][244]LogStreaming: Warning: Failed to read file '../../../TestAndroid/Saved/SaveGames/HighscoreData.sav' error.
03-29 19:24:12.784  6620  6661 D UE4     : [2022.03.29-18.24.12:783][245]LogStreaming: Warning: Failed to read file '../../../TestAndroid/Saved/SaveGames/HighscoreData.sav' error.
03-29 19:24:12.798  6620  6661 D UE4     : [2022.03.29-18.24.12:798][246]LogStreaming: Warning: Failed to read file '../../../TestAndroid/Saved/SaveGames/HighscoreData.sav' error.
03-29 19:24:12.816  6620  6661 D UE4     : [2022.03.29-18.24.12:816][247]LogStreaming: Warning: Failed to read file '../../../TestAndroid/Saved/SaveGames/HighscoreData.sav' error.
03-29 19:24:12.830  6620  6661 D UE4     : [2022.03.29-18.24.12:830][248]LogStreaming: Warning: Failed to read file '../../../TestAndroid/Saved/SaveGames/HighscoreData.sav' error.
03-29 19:24:12.846  6620  6661 D UE4     : [2022.03.29-18.24.12:846][249]LogStreaming: Warning: Failed to read file '../../../TestAndroid/Saved/SaveGames/HighscoreData.sav' error.
03-29 19:24:12.865  6620  6661 D UE4     : [2022.03.29-18.24.12:865][250]LogStreaming: Warning: Failed to read file '../../../TestAndroid/Saved/SaveGames/HighscoreData.sav' error.
03-29 19:24:12.877 11394 11527 D MobileStatusTracker(0/1): onSignalStrengthsChanged signalStrength=SignalStrength:{mCdma=Invalid,mGsm=Invalid,mWcdma=Invalid,mTdscdma=Invalid,mLte=CellSignalStrengthLte: rssi=-75 rsrp=-102 rsrq=-9 rssnr=11 cqiTableIndex=2147483647 cqi=2147483647 ta=2147483647 level=3 parametersUseForLevel=0,mNr=Invalid,SignalBarInfo{ lteLevel=2 },rat=14,primary=CellSignalStrengthLte} level=2
03-29 19:24:12.878 11394 11527 D CscParser: OMC path : /optics/configs/carriers/single/ROM/conf/customer.xml
03-29 19:24:12.879 11394 11527 I CscParser: getCustomerPath : omc customer file can read
03-29 19:24:12.879 11394 11527 E CscParser: update(): xml file exist
03-29 19:24:12.882  6620  6661 D UE4     : [2022.03.29-18.24.12:882][251]LogStreaming: Warning: Failed to read file '../../../TestAndroid/Saved/SaveGames/HighscoreData.sav' error.
03-29 19:24:12.883 11394 11527 D NetworkController: SignalStrength from intent slotId=0
03-29 19:24:12.884  6620  6663 D UE4     : [GameActivity] Used memory: 239216 (VmRSS:	  234496 kB)
03-29 19:24:12.897  6620  6661 D UE4     : [2022.03.29-18.24.12:897][252]LogStreaming: Warning: Failed to read file '../../../TestAndroid/Saved/SaveGames/HighscoreData.sav' error.
03-29 19:24:12.901  1266 11040 D SemNscXgbMsL1: Probability - Cloud gaming: [0.008259427]
03-29 19:24:12.901  1266 11040 D SemNscXgbMsL1: Probability - Real time: [0.37660784]
03-29 19:24:12.902  1266 11040 D SemNscXgbMsL1: Probability - Non real time: [0.69355863]
03-29 19:24:12.902  1266 11040 D SemNscXgbMsL1: 1 sample inference time: 0.993073 msecs
03-29 19:24:12.903  1266 11040 D SemNscXgbL2Rt: L2 RT 1 sample inference time: 1.425729 msecs
03-29 19:24:12.904  1266 11040 D SemNscXgbL2Nrt: L2 NRT 1 sample inference time: 0.889792 msecs
03-29 19:24:12.911  6620  6661 D UE4     : [2022.03.29-18.24.12:911][253]LogStreaming: Warning: Failed to read file '../../../TestAndroid/Saved/SaveGames/HighscoreData.sav' error.
03-29 19:24:12.933  6620  6661 D UE4     : [2022.03.29-18.24.12:933][254]LogStreaming: Warning: Failed to read file '../../../TestAndroid/Saved/SaveGames/HighscoreData.sav' error.
03-29 19:24:12.949  6620  6661 D UE4     : [2022.03.29-18.24.12:949][255]LogStreaming: Warning: Failed to read file '../../../TestAndroid/Saved/SaveGames/HighscoreData.sav' error.
03-29 19:24:12.970  6620  6661 D UE4     : [2022.03.29-18.24.12:970][256]LogStreaming: Warning: Failed to read file '../../../TestAndroid/Saved/SaveGames/HighscoreData.sav' error.
03-29 19:24:12.988  6620  6661 D UE4     : [2022.03.29-18.24.12:988][257]LogStreaming: Warning: Failed to read file '../../../TestAndroid/Saved/SaveGames/HighscoreData.sav' error.
03-29 19:24:13.006  6620  6661 D UE4     : [2022.03.29-18.24.13:006][258]LogStreaming: Warning: Failed to read file '../../../TestAndroid/Saved/SaveGames/HighscoreData.sav' error.
03-29 19:24:13.018  6620  6661 D UE4     : [2022.03.29-18.24.13:018][259]LogStreaming: Warning: Failed to read file '../../../TestAndroid/Saved/SaveGames/HighscoreData.sav' error.
03-29 19:24:13.026  1266 12872 D FreecessController: com.google.android.gm(state: Freezeable -> Frozen, Reason: uidIdle)
03-29 19:24:13.027  1266 12872 D FreecessController: FZ : com.google.android.gm(6381)
03-29 19:24:13.032  1266 12872 D FreecessController: FZ : com.google.android.gm(0), reason: Bg
03-29 19:24:13.032   992  1014 E TrafficController: FREECESS
03-29 19:24:13.035  1266 12872 I PowerManagerService: [PWL] SetWakeLockEnableDisable uid = 10256 , disable= true
03-29 19:24:13.035  1266 12872 I PowerManagerService: [PWL] can not change uid =  10256
03-29 19:24:13.035  1266 12872 W LocationManagerService: onFreezeStateChanged, uid[10256]=true
03-29 19:24:13.038  6620  6661 D UE4     : [2022.03.29-18.24.13:038][260]LogStreaming: Warning: Failed to read file '../../../TestAndroid/Saved/SaveGames/HighscoreData.sav' error.
03-29 19:24:13.052  6620  6661 D UE4     : [2022.03.29-18.24.13:051][261]LogStreaming: Warning: Failed to read file '../../../TestAndroid/Saved/SaveGames/HighscoreData.sav' error.
03-29 19:24:13.065  6620  6661 D UE4     : [2022.03.29-18.24.13:065][262]LogStreaming: Warning: Failed to read file '../../../TestAndroid/Saved/SaveGames/HighscoreData.sav' error.
03-29 19:24:13.083  6620  6661 D UE4     : [2022.03.29-18.24.13:083][263]LogStreaming: Warning: Failed to read file '../../../TestAndroid/Saved/SaveGames/HighscoreData.sav' error.
03-29 19:24:13.105  6620  6661 D UE4     : [2022.03.29-18.24.13:105][264]LogStreaming: Warning: Failed to read file '../../../TestAndroid/Saved/SaveGames/HighscoreData.sav' error.
03-29 19:24:13.121  6620  6661 D UE4     : [2022.03.29-18.24.13:121][265]LogStreaming: Warning: Failed to read file '../../../TestAndroid/Saved/SaveGames/HighscoreData.sav' error.
03-29 19:24:13.134   668   668 D io_stats: !@   8,0 r 9905125 225861792 w 2606288 44391764 d 798509 50746932 f 0 0 iot 2837136 0 th 0 0 0 pt 0 inp 0 0 60140.363
03-29 19:24:13.135  6620  6661 D UE4     : [2022.03.29-18.24.13:135][266]LogStreaming: Warning: Failed to read file '../../../TestAndroid/Saved/SaveGames/HighscoreData.sav' error.
03-29 19:24:13.151  6620  6661 D UE4     : [2022.03.29-18.24.13:151][267]LogStreaming: Warning: Failed to read file '../../../TestAndroid/Saved/SaveGames/HighscoreData.sav' error.
03-29 19:24:13.168  6620  6661 D UE4     : [2022.03.29-18.24.13:168][268]LogStreaming: Warning: Failed to read file '../../../TestAndroid/Saved/SaveGames/HighscoreData.sav' error.
03-29 19:24:13.187  6620  6661 D UE4     : [2022.03.29-18.24.13:186][269]LogStreaming: Warning: Failed to read file '../../../TestAndroid/Saved/SaveGames/HighscoreData.sav' error.
03-29 19:24:13.204  6620  6661 D UE4     : [2022.03.29-18.24.13:204][270]LogStreaming: Warning: Failed to read file '../../../TestAndroid/Saved/SaveGames/HighscoreData.sav' error.
03-29 19:24:13.221  6620  6661 D UE4     : [2022.03.29-18.24.13:221][271]LogStreaming: Warning: Failed to read file '../../../TestAndroid/Saved/SaveGames/HighscoreData.sav' error.
03-29 19:24:13.235  1266  1266 V SamsungAlarmManager: setLocked to kernel - W:146201216 / NW:146178219, now=146173352
03-29 19:24:13.236  6620  6661 D UE4     : [2022.03.29-18.24.13:235][272]LogStreaming: Warning: Failed to read file '../../../TestAndroid/Saved/SaveGames/HighscoreData.sav' error.
03-29 19:24:13.249  6620  6661 D UE4     : [2022.03.29-18.24.13:249][273]LogStreaming: Warning: Failed to read file '../../../TestAndroid/Saved/SaveGames/HighscoreData.sav' error.
03-29 19:24:13.267  6620  6661 D UE4     : [2022.03.29-18.24.13:267][274]LogStreaming: Warning: Failed to read file '../../../TestAndroid/Saved/SaveGames/HighscoreData.sav' error.
03-29 19:24:13.285  6620  6661 D UE4     : [2022.03.29-18.24.13:285][275]LogStreaming: Warning: Failed to read file '../../../TestAndroid/Saved/SaveGames/HighscoreData.sav' error.
03-29 19:24:13.301  6620  6661 D UE4     : [2022.03.29-18.24.13:301][276]LogStreaming: Warning: Failed to read file '../../../TestAndroid/Saved/SaveGames/HighscoreData.sav' error.
03-29 19:24:13.322  6620  6661 D UE4     : [2022.03.29-18.24.13:322][277]LogStreaming: Warning: Failed to read file '../../../TestAndroid/Saved/SaveGames/HighscoreData.sav' error.
03-29 19:24:13.334  6620  6661 D UE4     : [2022.03.29-18.24.13:334][278]LogStreaming: Warning: Failed to read file '../../../TestAndroid/Saved/SaveGames/HighscoreData.sav' error.
03-29 19:24:13.351  6620  6661 D UE4     : [2022.03.29-18.24.13:351][279]LogStreaming: Warning: Failed to read file '../../../TestAndroid/Saved/SaveGames/HighscoreData.sav' error.
03-29 19:24:13.368  6620  6661 D UE4     : [2022.03.29-18.24.13:368][280]LogStreaming: Warning: Failed to read file '../../../TestAndroid/Saved/SaveGames/HighscoreData.sav' error.
03-29 19:24:13.388  6620  6661 D UE4     : [2022.03.29-18.24.13:387][281]LogStreaming: Warning: Failed to read file '../../../TestAndroid/Saved/SaveGames/HighscoreData.sav' error.
03-29 19:24:13.401  6620  6661 D UE4     : [2022.03.29-18.24.13:400][282]LogStreaming: Warning: Failed to read file '../../../TestAndroid/Saved/SaveGames/HighscoreData.sav' error.
03-29 19:24:13.408  1266 11040 D SemNscXgbMsL1: Probability - Cloud gaming: [0.012475669]
03-29 19:24:13.408  1266 11040 D SemNscXgbMsL1: Probability - Real time: [0.88788867]
03-29 19:24:13.409  1266 11040 D SemNscXgbMsL1: Probability - Non real time: [0.7748912]
03-29 19:24:13.409  1266 11040 D SemNscXgbMsL1: 1 sample inference time: 2.759271 msecs
03-29 19:24:13.412  1266 11040 D SemNscXgbL2Rt: L2 RT 1 sample inference time: 2.855417 msecs
03-29 19:24:13.414  1266 11040 D SemNscXgbL2Nrt: L2 NRT 1 sample inference time: 1.717917 msecs
03-29 19:24:13.414  1266 11040 I SemWifiServiceDetector: NSD results: [1, 1, 1, 0, 1, 1, 1, 1] Traff. type 1 Thr 0
03-29 19:24:13.418  1266 11043 D SemWifiOptimizer: enable=1 state=0x10 prev=0x00 new=0x10 force=0
03-29 19:24:13.418  6620  6661 D UE4     : [2022.03.29-18.24.13:418][283]LogStreaming: Warning: Failed to read file '../../../TestAndroid/Saved/SaveGames/HighscoreData.sav' error.
03-29 19:24:13.436  6620  6661 D UE4     : [2022.03.29-18.24.13:436][284]LogStreaming: Warning: Failed to read file '../../../TestAndroid/Saved/SaveGames/HighscoreData.sav' error.
03-29 19:24:13.451  6620  6661 D UE4     : [2022.03.29-18.24.13:451][285]LogStreaming: Warning: Failed to read file '../../../TestAndroid/Saved/SaveGames/HighscoreData.sav' error.
03-29 19:24:13.466  6620  6661 D UE4     : [2022.03.29-18.24.13:466][286]LogStreaming: Warning: Failed to read file '../../../TestAndroid/Saved/SaveGames/HighscoreData.sav' error.
03-29 19:24:13.486  6620  6661 D UE4     : [2022.03.29-18.24.13:486][287]LogStreaming: Warning: Failed to read file '../../../TestAndroid/Saved/SaveGames/HighscoreData.sav' error.
03-29 19:24:13.502  6620  6661 D UE4     : [2022.03.29-18.24.13:502][288]LogStreaming: Warning: Failed to read file '../../../TestAndroid/Saved/SaveGames/HighscoreData.sav' error.
03-29 19:24:13.511  1266  2854 D InputReader: Btn_touch(10): value=1 when=60140.741710
03-29 19:24:13.512  1266  2854 I InputReader: Touch event's action is 0x0 (id=2, t=0) [pCnt=1, s=0.7319 ] when=60140.741710
03-29 19:24:13.513  1266  2853 I InputDispatcher: Delivering touch to (6620): action: 0x0, f=0x0, d=0, '4cc2135', t=1 +(0,-88)
03-29 19:24:13.514  6620  6620 I ViewRootImpl@4eb33de[GameActivity]: ViewPostIme pointer 0
03-29 19:24:13.518  6620  6661 D UE4     : [2022.03.29-18.24.13:518][289]LogStreaming: Warning: Failed to read file '../../../TestAndroid/Saved/SaveGames/HighscoreData.sav' error.
03-29 19:24:13.529  6620  6661 D UE4     : [2022.03.29-18.24.13:529][290]LogStreaming: Warning: Failed to read file '../../../TestAndroid/Saved/SaveGames/HighscoreData.sav' error.
03-29 19:24:13.546  6620  6661 D UE4     : [2022.03.29-18.24.13:546][291]LogStreaming: Warning: Failed to read file '../../../TestAndroid/Saved/SaveGames/HighscoreData.sav' error.
03-29 19:24:13.560  1266  2854 D InputReader: Btn_touch(10): value=0 when=60140.789898
03-29 19:24:13.560  1266  2854 I InputReader: Touch event's action is 0x1 (id=2, t=0) [pCnt=1, s=] when=60140.789898
03-29 19:24:13.562  6620  6620 I ViewRootImpl@4eb33de[GameActivity]: ViewPostIme pointer 1
03-29 19:24:13.563  1266  2853 I InputDispatcher: Delivering touch to (6620): action: 0x1, f=0x0, d=0, '4cc2135', t=1 +(0,-88)
03-29 19:24:13.563  6620  6661 D UE4     : [2022.03.29-18.24.13:563][292]LogStreaming: Warning: Failed to read file '../../../TestAndroid/Saved/SaveGames/HighscoreData.sav' error.
03-29 19:24:13.580  6620  6661 D UE4     : [2022.03.29-18.24.13:580][293]LogStreaming: Warning: Failed to read file '../../../TestAndroid/Saved/SaveGames/HighscoreData.sav' error.
03-29 19:24:13.596  6620  6661 D UE4     : [2022.03.29-18.24.13:596][294]LogStreaming: Warning: Failed to read file '../../../TestAndroid/Saved/SaveGames/HighscoreData.sav' error.
03-29 19:24:13.613  6620  6661 D UE4     : [2022.03.29-18.24.13:613][295]LogStreaming: Warning: Failed to read file '../../../TestAndroid/Saved/SaveGames/HighscoreData.sav' error.
03-29 19:24:13.644 17063 30929 W MediaProvider: isAppCloneUserPair for user 0: false
03-29 19:24:13.679  1266 17307 D SamsungAlarmManager: Cancel Alarm calling from uid:10244 pid :13837 / OP:PendingIntent{a762e46: PendingIntentRecord{5cb4521 com.google.android.gms/com.google.android.gms.gcm broadcastIntent}}
03-29 19:24:13.680  1266 17307 V SamsungAlarmManager: setLocked to kernel - W:146201216 / NW:146178219, now=146173796
03-29 19:24:13.700  1266 17307 D SamsungAlarmManager: setInexact (T:3/F:0/AC:false) 20220329T193943 now=146173817 - CU:10244/CP:13837/OP:PendingIntent{a772d34: PendingIntentRecord{5cb4521 com.google.android.gms/com.google.android.gms.gcm broadcastIntent}}
03-29 19:24:13.700  1266 17307 V SamsungAlarmManager: setLocked to kernel - W:146201216 / NW:146178219, now=146173817
03-29 19:24:13.716 13837  6546 I NetworkScheduler.Stats: Task com.google.android.gms/com.google.android.gms.ipa.base.IpaGcmTaskService started execution. cause:9 exec_start_elapsed_seconds: 146173 [CONTEXT service_id=218 ]
03-29 19:24:13.730 13837  5862 I NetworkScheduler.Stats: Task com.google.android.gms/com.google.android.gms.ipa.base.IpaGcmTaskService finished executing. cause:9 result: 1 elapsed_millis: 35 uptime_millis: 35 exec_start_elapsed_seconds: 146173 [CONTEXT service_id=218 ]
03-29 19:24:13.742  1266 17383 D SamsungAlarmManager: Cancel Alarm calling from uid:10244 pid :13837 / OP:PendingIntent{a7afc59: PendingIntentRecord{5cb4521 com.google.android.gms/com.google.android.gms.gcm broadcastIntent}}
03-29 19:24:13.744  1266 17383 V SamsungAlarmManager: setLocked to kernel - W:146201216 / NW:146178219, now=146173860
03-29 19:24:13.746  1266 17383 D SamsungAlarmManager: setInexact (T:3/F:0/AC:false) 20220329T193943 now=146173863 - CU:10244/CP:13837/OP:PendingIntent{516c01e: PendingIntentRecord{5cb4521 com.google.android.gms/com.google.android.gms.gcm broadcastIntent}}
03-29 19:24:13.746  1266 17383 V SamsungAlarmManager: setLocked to kernel - W:146201216 / NW:146178219, now=146173863
03-29 19:24:13.783  1085  4343 I sensors-hal: handle_sns_client_event:123, auto_rotation_event_2: mode:255, type:1:1/-0.136,4.075,8.686, ar:0
03-29 19:24:13.919  1266 11040 D SemNscXgbMsL1: Probability - Cloud gaming: [0.005213568]
03-29 19:24:13.919  1266 11040 D SemNscXgbMsL1: Probability - Real time: [0.50131345]
03-29 19:24:13.920  1266 11040 D SemNscXgbMsL1: Probability - Non real time: [0.8970982]
03-29 19:24:13.920  1266 11040 D SemNscXgbMsL1: 1 sample inference time: 1.65375 msecs
03-29 19:24:13.923  1266 11040 D SemNscXgbL2Rt: L2 RT 1 sample inference time: 2.822344 msecs
03-29 19:24:13.925  1266 11040 D SemNscXgbL2Nrt: L2 NRT 1 sample inference time: 1.999739 msecs
03-29 19:24:14.207  5614  5614 I SCS@AiSearch user 0: (ObserverWorker::AOSP_MP) [main] entering in startWork():  
03-29 19:24:14.208  5614  5614 I SCS@AiSearch user 0: (BaseCollector::AOSP_MP) [main] entering in onChange():  
03-29 19:24:14.210  5614  5656 I SCS@AiSearch user 0: (BaseCollector::AOSP_MP) [pool-12-thread-1] entering in collectChanges():  
03-29 19:24:14.231  1266 17383 D PackageManager: setEnabledSetting : userId = 0 packageName = com.samsung.android.scs cmp = androidx.work.impl.background.systemalarm.RescheduleReceiver newState = 1 callingPackage = 10114/com.samsung.android.scs
03-29 19:24:14.370  5614  5656 I SCS@AiSearch user 0: (IndexManager) [pool-12-thread-1] entering in addIndex():  
03-29 19:24:14.371  5614  5656 I SCS@AiSearch user 0: (BaseCollector::AOSP_MP) fetch: fetching took  100 ms
03-29 19:24:14.371  5614  5656 I SCS@AiSearch user 0: (BaseCollector::AOSP_MP) fetchChanges: applied 0 items
03-29 19:24:14.371  5614  5656 I SCS@AiSearch user 0: (BaseCollector::AOSP_MP) Collect finished. Result: true
03-29 19:24:14.372  5614  5656 I SCS@AiSearch user 0: (BaseCollector::DOCUMENTS) ObserverWorker run immediately with unique work name: DOCUMENTS
03-29 19:24:14.373  5614  5656 I SCS@AiSearch user 0: (BaseCollector::AOSP_MP) ObserverWorker enqueued with unique work name: com.sec.android.app.myfiles
03-29 19:24:14.373  5614  5647 I WM-WorkerWrapper: Worker result SUCCESS for Work [ id=b3e080e5-aaf0-4a96-be50-240f48c13621, tags={ com.sec.android.app.myfiles, com.samsung.android.scs.ai.search.data.collector.ObserverWorker } ]
03-29 19:24:14.402  1266  2902 D PackageManager: setEnabledSetting : userId = 0 packageName = com.samsung.android.scs cmp = androidx.work.impl.background.systemalarm.RescheduleReceiver newState = 1 callingPackage = 10114/com.samsung.android.scs
03-29 19:24:14.426  1266 11040 D SemNscXgbMsL1: Probability - Cloud gaming: [0.009959285]
03-29 19:24:14.426  1266 11040 D SemNscXgbMsL1: Probability - Real time: [0.823679]
03-29 19:24:14.426  1266 11040 D SemNscXgbMsL1: Probability - Non real time: [0.76164573]
03-29 19:24:14.426  1266 11040 D SemNscXgbMsL1: 1 sample inference time: 0.367865 msecs
03-29 19:24:14.427  1266 11040 D SemNscXgbL2Rt: L2 RT 1 sample inference time: 0.851615 msecs
03-29 19:24:14.428  1266 11040 D SemNscXgbL2Nrt: L2 NRT 1 sample inference time: 0.391146 msecs
03-29 19:24:14.442  1266  2860 D BatteryService: Sending ACTION_BATTERY_CHANGED. scale:100, info:{.chargerAcOnline = false, .chargerUsbOnline = true, .chargerWirelessOnline = false, .maxChargingCurrent = 0, .maxChargingVoltage = 0, .batteryStatus = CHARGING, .batteryHealth = GOOD, .batteryPresent = true, .batteryLevel = 49, .batteryVoltage = 3846, .batteryTemperature = 286, .batteryCurrent = -496, .batteryCycleCount = 0, .batteryFullCharge = 4500000, .batteryChargeCounter = 2209500, .batteryTechnology = Li-ion}
03-29 19:24:14.442  1266  2860 D BatteryService: online:4, current avg:-28, charge type:1, POGO powered:false, power sharing:false, high voltage charger:false, charger_type:0, capacity:280000, misc_event:0x10000, current_event:0x0, current_now:-496
03-29 19:24:14.443  1266  2847 D MotionRecognitionService:   onReceive : ACTION_BATTERY_CHANGED, Plugged: 2
03-29 19:24:14.443  1266  2847 I MotionRecognitionService: [TA] In/out: true, curr state: 1
03-29 19:24:14.443  1266  2847 I MotionRecognitionService: [TA] Before receiving the SAR request for Main. Return.
03-29 19:24:14.444  1266  1266 E PocketModeEvent: PocketModeSetting is off 
03-29 19:24:14.444  1266  1266 D PhoneWindowManagerExt: ACTION_BATTERY_CHANGED - Level=49, status=2
03-29 19:24:14.444  1266  1266 D SemWifiApBroadcastReceiver: Received : android.intent.action.BATTERY_CHANGED
03-29 19:24:14.444  1266  1266 D AdaptiveBrightnessLongtermModelBuilder: Received android.intent.action.BATTERY_CHANGED
03-29 19:24:14.445 12287 12287 D SemBigDataInfoController: Intent : android.intent.action.BATTERY_CHANGED
03-29 19:24:14.445 11394 11394 D KeyguardUpdateMonitor: received broadcast android.intent.action.BATTERY_CHANGED
03-29 19:24:14.446 11394 11394 I PowerUI : mBootCompleted = true |  mFullyConnected = true
03-29 19:24:14.446 11394 11394 I PowerUI : BATTERY_HEALTH_CHECK extraHealth=2 mBatteryMiscEvent=65536
03-29 19:24:14.446 11394 11394 D PowerUI : priorPlugType = 2 mPlugType = 2 priorBatteryStatus = 2 mBatteryStatus = 2
03-29 19:24:14.446 11394 11394 I PowerUI : oldMisalign : false, curMisalign : false
03-29 19:24:14.448 12287 12287 D SemBigDataInfoController: Intent : android.intent.action.BATTERY_CHANGED
03-29 19:24:14.448 11394 11394 D PowerUI.Notification: showChargingNotice oldChargingType : 1 currentChargingType : 1 oldChargingTime : 15045000 mChargingTime : 15045000
03-29 19:24:14.448 11394 11394 D PowerUI.Notification: There is no change about charging status, so return!
03-29 19:24:14.448 11394 11394 D PowerUI : Battery swelling mode - priorBatterySwellingMode = 0 mBatterySwellingMode = 0 mBatteryStatus = 2
03-29 19:24:14.449 11394 11394 I PowerUI : mBatteryMiscEvent = 65536
03-29 19:24:14.450 11394 12610 D PowerUI.Notification: 1. restoreScreenTimeOut - saved_value : :
03-29 19:24:14.450 11394 12610 E PowerUI.Notification: no saved value, so we do nothing !!
03-29 19:24:14.453  1266  1975 D BaseRestrictionMgr: Package: com.instagram.android, userid: 0, hostingType: broadcast is Restricted by policy: 4 caller is: null
03-29 19:24:14.453  1266  1975 W BroadcastQueue: intent:Intent { act=android.intent.action.BATTERY_CHANGED flg=0x60000010 (has extras) } is skipped in RestrictedPackage to ProcessRecord{c26778e 2504:com.instagram.android/u0a305}
03-29 19:24:14.453  1266  1975 D BaseRestrictionMgr: Package: com.google.android.youtube, userid: 0, hostingType: broadcast is Restricted by policy: 4 caller is: null
03-29 19:24:14.453  1266  1975 W BroadcastQueue: intent:Intent { act=android.intent.action.BATTERY_CHANGED flg=0x60000010 (has extras) } is skipped in RestrictedPackage to ProcessRecord{edfdccf 11620:com.google.android.youtube/u0a248}
03-29 19:24:14.455  1266  1975 D BaseRestrictionMgr: Package: com.facebook.katana, userid: 0, hostingType: broadcast is Restricted by policy: 4 caller is: null
03-29 19:24:14.455  1266  1975 W BroadcastQueue: intent:Intent { act=android.intent.action.BATTERY_CHANGED flg=0x60000010 (has extras) } is skipped in RestrictedPackage to ProcessRecord{efe9358 3134:com.facebook.katana/u0a294}
03-29 19:24:14.455 11394 11394 D KeyguardUpdateMonitor: handleBatteryUpdate
03-29 19:24:14.455  1266  1975 D BaseRestrictionMgr: Package: com.facebook.katana, userid: 0, hostingType: broadcast is Restricted by policy: 4 caller is: null
03-29 19:24:14.455  1266  1975 W BroadcastQueue: intent:Intent { act=android.intent.action.BATTERY_CHANGED flg=0x60000010 (has extras) } is skipped in RestrictedPackage to ProcessRecord{efe9358 3134:com.facebook.katana/u0a294}
03-29 19:24:14.455  1266  1975 D BaseRestrictionMgr: Package: com.facebook.orca, userid: 0, hostingType: broadcast is Restricted by policy: 4 caller is: null
03-29 19:24:14.455  1266  1975 W BroadcastQueue: intent:Intent { act=android.intent.action.BATTERY_CHANGED flg=0x60000010 (has extras) } is skipped in RestrictedPackage to ProcessRecord{b05111c 4649:com.facebook.orca/u0a333}
03-29 19:24:14.456  1266  1975 D BaseRestrictionMgr: Package: com.facebook.orca, userid: 0, hostingType: broadcast is Restricted by policy: 4 caller is: null
03-29 19:24:14.456  1266  1975 W BroadcastQueue: intent:Intent { act=android.intent.action.BATTERY_CHANGED flg=0x60000010 (has extras) } is skipped in RestrictedPackage to ProcessRecord{b05111c 4649:com.facebook.orca/u0a333}
03-29 19:24:14.470 11394 11394 D QS      : setQSExpansion 0.0 -141.4
03-29 19:24:14.473 11394 11394 D QS      : setQSExpansion 0.0 -141.4
03-29 19:24:14.473 11394 11394 V SecQSFragmentAnimatorBase: setQsExpansionPosition 0.0
03-29 19:24:14.473 11394 11394 V QsExpandAnimator: setQsExpansionPosition 0.0 0
03-29 19:24:14.474 11394 11394 D QS      : setQSExpansion 0.0 -141.4
03-29 19:24:14.477 11394 11394 D IndicatorGardenInputProperty: updateRotation() prv:-1 >> new:0
03-29 19:24:14.477 11394 11394 D DeviceState: getDeviceResolutionPixelSize - currentDensity = 420 deviceDensity = 420 initialDisplaySizeFactor = 1080 currentDisplaySizeFactor = 1080 initialDisplayDensity = 420 proportionalDensity = 420 proportionalPixel = 72
03-29 19:24:14.477 11394 11394 D DeviceState: getDeviceResolutionPixelSize - currentDensity = 420 deviceDensity = 420 initialDisplaySizeFactor = 1080 currentDisplaySizeFactor = 1080 initialDisplayDensity = 420 proportionalDensity = 420 proportionalPixel = 36
03-29 19:24:14.477 11394 11394 D DeviceState: getDeviceResolutionPixelSize - currentDensity = 420 deviceDensity = 420 initialDisplaySizeFactor = 1080 currentDisplaySizeFactor = 1080 initialDisplayDensity = 420 proportionalDensity = 420 proportionalPixel = 33
03-29 19:24:14.477 11394 11394 E IndicatorGardenAlgorithmBasicCutout: NOT MATCH !!!! resourceHeight:87, cutoutHeight:88 ([IndicatorGardenInputProperty]  Rotation(0-0,90-1,180-2,270-3)0, Density:2.625, ScreenWidthSize:1080, CoverSidePadding:0, mIndicatorGardenCenterOffset:11, mCameraCutoutCropSize:0, mGardenPaddingStart:21, mIndicatorCornerPadding:72, mCameraSidePadding:36, mCameraTopMargin:33, DpCutout:DisplayCutout{insets=Rect(0, 88 - 0, 0) waterfall=Insets{left=0, top=0, right=0, bottom=0} boundingRect={Bounds=[Rect(0, 0 - 0, 0), Rect(512, 0 - 568, 88), Rect(0, 0 - 0, 0), Rect(0, 0 - 0, 0)]} cutoutPathParserInfo={CutoutPathParserInfo{displayWidth=1080 displayHeight=2400 density={2.625} cutoutSpec={M 0,0 M 0,12.25101276465640 a 10.60613009248640,10.60613009248640 0 1,0 0,21.21226018497290 a 10.60613009248640,10.60613009248640 0 1,0 0,-21.21226018497290 Z @dp} rotation={0} scale={1.0}}}}) 
03-29 19:24:14.477 11394 11394 E IndicatorGardenAlgorithmBasicCutout: NOT MATCH !!!! resourceHeight:87, cutoutHeight:88 ([IndicatorGardenInputProperty]  Rotation(0-0,90-1,180-2,270-3)0, Density:2.625, ScreenWidthSize:1080, CoverSidePadding:0, mIndicatorGardenCenterOffset:11, mCameraCutoutCropSize:0, mGardenPaddingStart:21, mIndicatorCornerPadding:72, mCameraSidePadding:36, mCameraTopMargin:33, DpCutout:DisplayCutout{insets=Rect(0, 88 - 0, 0) waterfall=Insets{left=0, top=0, right=0, bottom=0} boundingRect={Bounds=[Rect(0, 0 - 0, 0), Rect(512, 0 - 568, 88), Rect(0, 0 - 0, 0), Rect(0, 0 - 0, 0)]} cutoutPathParserInfo={CutoutPathParserInfo{displayWidth=1080 displayHeight=2400 density={2.625} cutoutSpec={M 0,0 M 0,12.25101276465640 a 10.60613009248640,10.60613009248640 0 1,0 0,21.21226018497290 a 10.60613009248640,10.60613009248640 0 1,0 0,-21.21226018497290 Z @dp} rotation={0} scale={1.0}}}}) 
03-29 19:24:14.478 11394 11394 W Looper  : Slow dispatch took 14ms main h=android.view.Choreographer$FrameHandler c=android.view.Choreographer$FrameDisplayEventReceiver@6b3aa52 m=0
03-29 19:24:14.479 11394 11394 I AODBatteryManager: updateBatteryData: ACTION_BATTERY_CHANGED
03-29 19:24:14.480 11394 11394 I AODBatteryManager: saveBatteryData : AOD BatteryData [mBatteryLevel=49, mBatteryStatus=CHARGING, mBatteryPlugType=USB, mBatteryPlugged=true, mRemainingChargeTime=15045000, mBatteryChargingType=1, mBatteryChargerType=NORMAL, mBatteryOnline=USB, mBatterySwellingMode=NONE, mBatteryProtectMode=false]
03-29 19:24:14.480 11394 11394 W Looper  : Slow delivery took 27ms main h=android.app.ActivityThread$H c=android.app.LoadedApk$ReceiverDispatcher$Args$$ExternalSyntheticLambda0@6aa557b m=0
03-29 19:24:14.481 11394 11394 W Looper  : Drained
03-29 19:24:14.813  1266 12864 W NetlinkSocket: maximum read
03-29 19:24:14.817 11394 11527 D MobileStatusTracker(1/2): onSignalStrengthsChanged signalStrength=SignalStrength:{mCdma=Invalid,mGsm=Invalid,mWcdma=Invalid,mTdscdma=Invalid,mLte=CellSignalStrengthLte: rssi=-81 rsrp=-108 rsrq=-17 rssnr=-2 cqiTableIndex=2147483647 cqi=2147483647 ta=2147483647 level=3 parametersUseForLevel=0,mNr=Invalid,SignalBarInfo{ lteLevel=2 },rat=14,primary=CellSignalStrengthLte} level=2
03-29 19:24:14.818  1266 12864 W NetlinkSocket: maximum read
03-29 19:24:14.818 11394 11527 D CscParser: OMC path : /optics/configs/carriers/single/ROM/conf/customer.xml
03-29 19:24:14.819 11394 11527 I CscParser: getCustomerPath : omc customer file can read
03-29 19:24:14.819 11394 11527 E CscParser: update(): xml file exist
03-29 19:24:14.827 11394 11527 D NetworkController: SignalStrength from intent slotId=1
03-29 19:24:14.833 11394 11527 D MobileStatusTracker(0/1): onSignalStrengthsChanged signalStrength=SignalStrength:{mCdma=Invalid,mGsm=Invalid,mWcdma=Invalid,mTdscdma=Invalid,mLte=CellSignalStrengthLte: rssi=-73 rsrp=-102 rsrq=-9 rssnr=11 cqiTableIndex=2147483647 cqi=2147483647 ta=2147483647 level=3 parametersUseForLevel=0,mNr=Invalid,SignalBarInfo{ lteLevel=2 },rat=14,primary=CellSignalStrengthLte} level=2
03-29 19:24:14.833 11394 11527 D CscParser: OMC path : /optics/configs/carriers/single/ROM/conf/customer.xml
03-29 19:24:14.833 11394 11527 I CscParser: getCustomerPath : omc customer file can read
03-29 19:24:14.834 11394 11527 E CscParser: update(): xml file exist
03-29 19:24:14.840 11394 11527 D NetworkController: SignalStrength from intent slotId=0
03-29 19:24:14.912  1266  6838 D WifiConnectivityMonitor.DnsPingerHandler: setCurrentLinkProperties: lp={InterfaceName: wlan0 LinkAddresses: [ fe80::1886:24ff:fec7:7b92/64,10.141.2.87/23 ] DnsAddresses: [ /8.8.8.8,/1.1.1.2 ] UsePrivateDns: true ValidatedPrivateDnsAddresses: [8.8.8.8,1.1.1.2] Domains: null MTU: 0 ServerAddress: /10.141.2.1 TcpBufferSizes: 524288,1048576,4194304,524288,1048576,4194304 Routes: [ fe80::/64 -> :: wlan0 mtu 0,10.141.2.0/23 -> 0.0.0.0 wlan0 mtu 0,0.0.0.0/0 -> 10.141.2.1 wlan0 mtu 0 ]}
03-29 19:24:14.916  1266  2854 D InputReader: Btn_touch(10): value=1 when=60142.146151
03-29 19:24:14.917  1266  2854 I InputReader: Touch event's action is 0x0 (id=2, t=0) [pCnt=1, s=0.7320 ] when=60142.146151
03-29 19:24:14.917  1266  2853 I InputDispatcher: Delivering touch to (6620): action: 0x0, f=0x0, d=0, '4cc2135', t=1 +(0,-88)
03-29 19:24:14.919  6620  6620 I ViewRootImpl@4eb33de[GameActivity]: ViewPostIme pointer 0
03-29 19:24:14.932  1266 11040 D SemNscXgbMsL1: Probability - Cloud gaming: [0.0035849854]
03-29 19:24:14.932  1266 11040 D SemNscXgbMsL1: Probability - Real time: [0.40832654]
03-29 19:24:14.932  1266 11040 D SemNscXgbMsL1: Probability - Non real time: [0.9159569]
03-29 19:24:14.932  1266 11040 D SemNscXgbMsL1: 1 sample inference time: 0.546979 msecs
03-29 19:24:14.933  1266 11040 D SemNscXgbL2Rt: L2 RT 1 sample inference time: 0.647292 msecs
03-29 19:24:14.933  1266 11040 D SemNscXgbL2Nrt: L2 NRT 1 sample inference time: 0.437604 msecs
03-29 19:24:14.958  2476  2506 D SemNativeCarrierFeature_vendor: getInstance
03-29 19:24:14.958  2476  2506 D SemNativeCarrierFeature_vendor: fDefaultFilePath : /optics/configs/carriers/single/ROM/conf/system/customer_carrier_feature.json
03-29 19:24:14.959  2476  2506 D SemNativeCarrierFeature_vendor: fSpecificFilePath : /optics/configs/carriers/single/ROM/conf/system/customer_carrier_feature.json
03-29 19:24:14.964  1266  2854 D InputReader: Btn_touch(10): value=0 when=60142.194050
03-29 19:24:14.964  1266  2854 I InputReader: Touch event's action is 0x1 (id=2, t=0) [pCnt=1, s=] when=60142.194050
03-29 19:24:14.964  1266  2853 I InputDispatcher: Delivering touch to (6620): action: 0x1, f=0x0, d=0, '4cc2135', t=1 +(0,-88)
03-29 19:24:14.965  6620  6620 I ViewRootImpl@4eb33de[GameActivity]: ViewPostIme pointer 1
03-29 19:24:14.976  6620  6661 D UE4     : [2022.03.29-18.24.14:976][377]LogNet: Browse: /Game/2DSideScrollerBP/Maps/Main_Level?Name=Player?restart
03-29 19:24:14.976  6620  6661 D UE4     : [2022.03.29-18.24.14:976][377]LogLoad: LoadMap: /Game/2DSideScrollerBP/Maps/Main_Level?Name=Player
03-29 19:24:14.976  6620  6661 D UE4     : [2022.03.29-18.24.14:976][377]LogWorld: BeginTearingDown for /Game/2DSideScrollerBP/Maps/Main_Level
03-29 19:24:14.978  6620  6661 D UE4     : [2022.03.29-18.24.14:978][377]LogWorld: UWorld::CleanupWorld for Main_Level, bSessionEnded=true, bCleanupResources=true
03-29 19:24:14.979  6620  6661 D UE4     : [2022.03.29-18.24.14:979][377]LogSlate: InvalidateAllWidgets triggered.  All widgets were invalidated
03-29 19:24:14.992  2476  2526 D SemNativeCarrierFeature_vendor: getInstance
03-29 19:24:14.992  2476  2526 D SemNativeCarrierFeature_vendor: fDefaultFilePath : /optics/configs/carriers/single/ROM/conf/system/customer_carrier_feature.json
03-29 19:24:14.993  2476  2526 D SemNativeCarrierFeature_vendor: fSpecificFilePath : /optics/configs/carriers/single/ROM/conf/system/customer_carrier_feature.json
03-29 19:24:15.005  2476  2526 D SemNativeCarrierFeature_vendor: getInstance
03-29 19:24:15.005  2476  2526 D SemNativeCarrierFeature_vendor: fDefaultFilePath : /optics/configs/carriers/single/ROM/conf/system/customer_carrier_feature.json
03-29 19:24:15.005  2476  2526 D SemNativeCarrierFeature_vendor: fSpecificFilePath : /optics/configs/carriers/single/ROM/conf/system/customer_carrier_feature.json
03-29 19:24:15.018  6620  6661 D UE4     : [2022.03.29-18.24.15:018][377]LogAudio: Display: Audio Device unregistered from world 'None'.
03-29 19:24:15.023  6620  6661 D UE4     : [2022.03.29-18.24.15:023][377]LogUObjectHash: Compacting FUObjectHashTables data took   0.66ms
03-29 19:24:15.028  6620  6661 D UE4     : [2022.03.29-18.24.15:028][377]LogStreaming: Display: FlushAsyncLoading: 1 QueuedPackages, 0 AsyncPackages
03-29 19:24:15.037  1266  2902 I LocationAccessPolicy: checkLocationPermission - callingUid: 10064, callingPid: 11394, result: DENIED_SOFT
03-29 19:24:15.037  1266  2902 I LocationAccessPolicy: checkLocationPermission - callingUid: 10064, callingPid: 11394, result: DENIED_SOFT
03-29 19:24:15.037  1266  2902 I LocationAccessPolicy: checkLocationPermission - callingUid: 10305, callingPid: 2504, result: DENIED_SOFT
03-29 19:24:15.037  1266  2902 I LocationAccessPolicy: checkLocationPermission - callingUid: 10305, callingPid: 2504, result: DENIED_SOFT
03-29 19:24:15.038  1266  1266 D SemWifiService: onServiceStateChanged : 0dataNetworkType : 13
03-29 19:24:15.038  1266  2902 I LocationAccessPolicy: checkLocationPermission - callingUid: 10064, callingPid: 11394, result: DENIED_SOFT
03-29 19:24:15.038  1266  2902 I LocationAccessPolicy: checkLocationPermission - callingUid: 10064, callingPid: 11394, result: DENIED_SOFT
03-29 19:24:15.038  1266  1266 W NSLocationMonitor: onServiceStateChanged, state=0 / channel=347
03-29 19:24:15.038  1266  1266 I NSLocationMonitor: networkType[13]=LTE / nrState=false
03-29 19:24:15.038  1266  1266 W NSLocationMonitor: onServiceStateChanged, state=0 / channel=347
03-29 19:24:15.038  1266  1266 I NSLocationMonitor: networkType[13]=LTE / nrState=false
03-29 19:24:15.039  1266 12864 W NetlinkSocket: maximum read
03-29 19:24:15.039 11394 11527 D MobileStatusTracker(1/2): onServiceStateChanged voiceState=0 dataState=0
03-29 19:24:15.040 11394 11527 D CscParser: OMC path : /optics/configs/carriers/single/ROM/conf/customer.xml
03-29 19:24:15.040 11394 11527 I CscParser: getCustomerPath : omc customer file can read
03-29 19:24:15.040 12490 13545 I VolteServiceModule: onServiceStateChanged({mVoiceRegState=0(IN_SERVICE), mDataRegState=0(IN_SERVICE), mChannelNumber=347, duplexMode()=1, mCellBandwidths=[], mOperatorAlphaLong=<MASKED>, mOperatorAlphaShort=<MASKED>, isManualNetworkSelection=false(automatic), getRilVoiceRadioTechnology=14(LTE), getRilDataRadioTechnology=14(LTE), mCssIndicator=unsupported, mNetworkId=<MASKED>, mSystemId=<MASKED>, mCdmaRoamingIndicator=-1, mCdmaDefaultRoamingIndicator=-1, VoiceRegType=0, Snap=0, MobileData=IN_SERVICE, MobileDataRoamingType=home, MobileDataRat=LTE, OptRadioTech=0, PsOnly=false, FemtocellInd=0, SprDisplayRoam=false, mIsEmergencyOnly=false, isUsingCarrierAggregation=false, mArfcnRsrpBoost=0, mNetworkRegistrationInfos=[NetworkRegistrationInfo{ domain=CS transportType=WWAN registrationState=HOME roamingType=NOT_ROAMING accessNetworkTechnology=LTE rejectCause=0 emergencyEnabled=false availableServices=[VOICE,SMS,VIDEO] cellIdentity=CellIdentityLte:{ mCi=1******27 mPci=0 mTac=8**3 mEarfcn=347 mBands=[1] mBandwidth=2147483647 mMcc=234 mMnc=15 mAlphaLong=vodafone UK mAlphaShort=voda UK mAdditionalPlmns={} mCsgInfo=null} voiceSpecificInfo=VoiceSpecificRegistrationInfo { mCssSupported=false mRoamingIndicator=0 mSystemIsInPrl=0 mDefaultRoamingIndicator=0} dataSpecificInfo=null nrState=**** rRplmn=23415 isUsingCarrierAggregation=false}, NetworkRegistrationInfo{ domain=PS transportType=WWAN registrationState=HOME roamingType=NOT_ROAMING accessNetworkTechnology=LTE rejectCause=0 emergencyEnabled=false availableServices=[DATA] cellIdentity=CellIdentityLte:{ mCi=1******27 mPci=0 mTac=8**3 mEarfcn=347 mBands=[1] mBandwidth=2147483647 mMcc=234 mMnc=15 mAlphaLong=vodafone UK mAlphaShort=voda UK mAdditionalPlmns={} mCsgInfo=null} voiceSpecificInfo=null dataSpecificInfo=android.telephony.DataSpecificRegistrationInfo :{ maxDataCalls = 16 isDcNrRestricted = false isNrAvailable = false isEnDcAvailable = false LteVopsSupportInfo :  mVopsSupport = 2 mEmcBearerSupport = 3 } nrState=**** rRplmn=23415 isUsingCarrierAggregation=false}], mNrFrequencyRange=0, mOperatorAlphaLongRaw=<MASKED>, mOperatorAlphaShortRaw=<MASKED>, mIsDataRoamingFromRegistration=false, mIsIwlanPreferred=false})
03-29 19:24:15.041 11394 11527 E CscParser: update(): xml file exist
03-29 19:24:15.041 12490 13545 I VolteServiceModule: mIsLteEpsOnlyAttached(1):false
03-29 19:24:15.042 12897 13028 W NetworkManager_FLP: updateServiceStateChanged, serviceState=0 / isRegistered=true / channel=347 / networkTypeName=LTE / nr=false
03-29 19:24:15.043 12490 13037 I PdnController<1>: Default Phone Id = :1MobileConnected=true
03-29 19:24:15.043 12490 13037 I PdnController<1>: onServiceStateChanged: state={mVoiceRegState=0(IN_SERVICE), mDataRegState=0(IN_SERVICE), mChannelNumber=347, duplexMode()=1, mCellBandwidths=[], mOperatorAlphaLong=<MASKED>, mOperatorAlphaShort=<MASKED>, isManualNetworkSelection=false(automatic), getRilVoiceRadioTechnology=14(LTE), getRilDataRadioTechnology=14(LTE), mCssIndicator=unsupported, mNetworkId=<MASKED>, mSystemId=<MASKED>, mCdmaRoamingIndicator=-1, mCdmaDefaultRoamingIndicator=-1, VoiceRegType=0, Snap=0, MobileData=IN_SERVICE, MobileDataRoamingType=home, MobileDataRat=LTE, OptRadioTech=0, PsOnly=false, FemtocellInd=0, SprDisplayRoam=false, mIsEmergencyOnly=false, isUsingCarrierAggregation=false, mArfcnRsrpBoost=0, mNetworkRegistrationInfos=[NetworkRegistrationInfo{ domain=CS transportType=WWAN registrationState=HOME roamingType=NOT_ROAMING accessNetworkTechnology=LTE rejectCause=0 emergencyEnabled=false availableServices=[VOICE,SMS,VIDEO] cellIdentity=CellIdentityLte:{ mCi=1******27 mPci=0 mTac=8**3 mEarfcn=347 mBands=[1] mBandwidth=2147483647 mMcc=234 mMnc=15 mAlphaLong=vodafone UK mAlphaShort=voda UK mAdditionalPlmns={} mCsgInfo=null} voiceSpecificInfo=VoiceSpecificRegistrationInfo { mCssSupported=false mRoamingIndicator=0 mSystemIsInPrl=0 mDefaultRoamingIndicator=0} dataSpecificInfo=null nrState=**** rRplmn=23415 isUsingCarrierAggregation=false}, NetworkRegistrationInfo{ domain=PS transportType=WWAN registrationState=HOME roamingType=NOT_ROAMING accessNetworkTechnology=LTE rejectCause=0 emergencyEnabled=false availableServices=[DATA] cellIdentity=CellIdentityLte:{ mCi=1******27 mPci=0 mTac=8**3 mEarfcn=347 mBands=[1] mBandwidth=2147483647 mMcc=234 mMnc=15 mAlphaLong=vodafone UK mAlphaShort=voda UK mAdditionalPlmns={} mCsgInfo=null} voiceSpecificInfo=null dataSpecificInfo=android.telephony.DataSpecificRegistrationInfo :{ maxDataCalls = 16 isDcNrRestricted = false isNrAvailable = false isEnDcAvailable = false LteVopsSupportInfo :  mVopsSupport = 2 mEmcBearerSupport = 3 } nrState=**** rRplmn=23415 isUsingCarrierAggregation=false}], mNrFrequencyRange=0, mOperatorAlphaLongRaw=<MASKED>, mOperatorAlphaShortRaw=<MASKED>, mIsDataRoamingFromRegistration=false, mIsIwlanPreferred=false}Changed=
03-29 19:24:15.043 12490 13037 I PdnController<1>: notifyDataConnectionState
03-29 19:24:15.043 12490 13037 I PdnController<1>: initialize PendedEPDGWeakSignal flag
03-29 19:24:15.043 12897 13028 W NetworkManager_FLP: updateServiceStateChanged, serviceState=0 / isRegistered=true / channel=347 / networkTypeName=LTE / nr=false
03-29 19:24:15.043 12490 13037 I PdnController<1>: setPendedEPDGWeakSignal
03-29 19:24:15.043 12490 13037 I PdnController<1>: notifyDataConnectionState: needNotify=false networkType=13 isEpdgConnected=false dataNetType=13=>13 dataRegState=0=>0
03-29 19:24:15.043 12490 13037 I PdnController<1>: notifySnapshotState: snapshotState=0 old=0
03-29 19:24:15.043 12490 13037 I GeolocationCon: handleMessage : what = SERVICE_STATE_CHANGED
03-29 19:24:15.044 12490 13037 I GeolocationCon: onServiceStateChanged[1] : mCountryIso = gb, iso = gb
03-29 19:24:15.047 11394 11394 D KeyguardUpdateMonitor: received broadcast android.intent.action.SERVICE_STATE
03-29 19:24:15.047 11394 11527 D NetworkController: ServiceState from intent slotId=1
03-29 19:24:15.048 11394 11394 V KeyguardUpdateMonitor: action android.intent.action.SERVICE_STATE serviceState={mVoiceRegState=0(IN_SERVICE), mDataRegState=0(IN_SERVICE), mChannelNumber=347, duplexMode()=1, mCellBandwidths=[], mOperatorAlphaLong=<MASKED>, mOperatorAlphaShort=<MASKED>, isManualNetworkSelection=false(automatic), getRilVoiceRadioTechnology=14(LTE), getRilDataRadioTechnology=14(LTE), mCssIndicator=unsupported, mNetworkId=<MASKED>, mSystemId=<MASKED>, mCdmaRoamingIndicator=-1, mCdmaDefaultRoamingIndicator=-1, VoiceRegType=0, Snap=0, MobileData=IN_SERVICE, MobileDataRoamingType=home, MobileDataRat=LTE, OptRadioTech=0, PsOnly=false, FemtocellInd=0, SprDisplayRoam=false, mIsEmergencyOnly=false, isUsingCarrierAggregation=false, mArfcnRsrpBoost=0, mNetworkRegistrationInfos=[NetworkRegistrationInfo{ domain=CS transportType=WWAN registrationState=HOME roamingType=NOT_ROAMING accessNetworkTechnology=LTE rejectCause=0 emergencyEnabled=false availableServices=[VOICE,SMS,VIDEO] cellIdentity=CellIdentityLte:{ mCi=1******27 mPci=0 mTac=8**3 mEarfcn=347 mBands=[1] mBandwidth=2147483647 mMcc=234 mMnc=15 mAlphaLong=vodafone UK mAlphaShort=voda UK mAdditionalPlmns={} mCsgInfo=null} voiceSpecificInfo=VoiceSpecificRegistrationInfo { mCssSupported=false mRoamingIndicator=0 mSystemIsInPrl=0 mDefaultRoamingIndicator=0} dataSpecificInfo=null nrState=**** rRplmn=23415 isUsingCarrierAggregation=false}, NetworkRegistrationInfo{ domain=PS transportType=WWAN registrationState=HOME roamingType=NOT_ROAMING accessNetworkTechnology=LTE rejectCause=0 emergencyEnabled=false availableServices=[DATA] cellIdentity=CellIdentityLte:{ mCi=1******27 mPci=0 mTac=8**3 mEarfcn=347 mBands=[1] mBandwidth=2147483647 mMcc=234 mMnc=15 mAlphaLong=vodafone UK mAlphaShort=voda UK mAdditionalPlmns={} mCsgInfo=null} voiceSpecificInfo=null dataSpecificInfo=android.telephony.DataSpecificRegistrationInfo :{ maxDataCalls = 16 isDcNrRestricted = false isNrAvailable = false isEnDcAvailable = false LteVopsSupportInfo :  mVopsSupport = 2 mEmcBearerSupport = 3 } nrState=**** rRplmn=23415 isUsingCarrierAggregation=false}], mNrFrequencyRange=0, mOperatorAlphaLongRaw=<MASKED>, mOperatorAlphaShortRaw=<MASKED>, mIsDataRoamingFromRegistration=false, mIsIwlanPreferred=false} subId=2 slotId=1
03-29 19:24:15.048 11394 11394 D MultiSIMController: onReceive() - action = android.intent.action.SERVICE_STATE
03-29 19:24:15.048  1266  1266 D SemWifiService: received: android.intent.action.SERVICE_STATE
03-29 19:24:15.048  1266  1975 W BroadcastQueue: Permission Denial: receiving Intent { act=android.intent.action.SERVICE_STATE flg=0x1000010 (has extras) } to com.google.android.cellbroadcastreceiver/com.android.cellbroadcastreceiver.CellBroadcastReceiver requires android.permission.READ_PHONE_STATE due to sender android (uid 1001)
03-29 19:24:15.048  1266  2902 W ContextImpl: Calling a method in the system process without a qualified user: android.app.ContextImpl.sendBroadcastMultiplePermissions:1325 com.android.server.TelephonyRegistry.broadcastServiceStateChanged:2912 com.android.server.TelephonyRegistry.notifyServiceStateForPhoneId:1621 com.android.internal.telephony.ITelephonyRegistry$Stub.onTransact:455 android.os.Binder.execTransactInternal:1220 
03-29 19:24:15.048 11394 11394 D KeyguardUpdateMonitor: handleServiceStateChange(subId=2, slotId=1, serviceState={mVoiceRegState=0(IN_SERVICE), mDataRegState=0(IN_SERVICE), mChannelNumber=347, duplexMode()=1, mCellBandwidths=[], mOperatorAlphaLong=<MASKED>, mOperatorAlphaShort=<MASKED>, isManualNetworkSelection=false(automatic), getRilVoiceRadioTechnology=14(LTE), getRilDataRadioTechnology=14(LTE), mCssIndicator=unsupported, mNetworkId=<MASKED>, mSystemId=<MASKED>, mCdmaRoamingIndicator=-1, mCdmaDefaultRoamingIndicator=-1, VoiceRegType=0, Snap=0, MobileData=IN_SERVICE, MobileDataRoamingType=home, MobileDataRat=LTE, OptRadioTech=0, PsOnly=false, FemtocellInd=0, SprDisplayRoam=false, mIsEmergencyOnly=false, isUsingCarrierAggregation=false, mArfcnRsrpBoost=0, mNetworkRegistrationInfos=[NetworkRegistrationInfo{ domain=CS transportType=WWAN registrationState=HOME roamingType=NOT_ROAMING accessNetworkTechnology=LTE rejectCause=0 emergencyEnabled=false availableServices=[VOICE,SMS,VIDEO] cellIdentity=CellIdentityLte:{ mCi=1******27 mPci=0 mTac=8**3 mEarfcn=347 mBands=[1] mBandwidth=2147483647 mMcc=234 mMnc=15 mAlphaLong=vodafone UK mAlphaShort=voda UK mAdditionalPlmns={} mCsgInfo=null} voiceSpecificInfo=VoiceSpecificRegistrationInfo { mCssSupported=false mRoamingIndicator=0 mSystemIsInPrl=0 mDefaultRoamingIndicator=0} dataSpecificInfo=null nrState=**** rRplmn=23415 isUsingCarrierAggregation=false}, NetworkRegistrationInfo{ domain=PS transportType=WWAN registrationState=HOME roamingType=NOT_ROAMING accessNetworkTechnology=LTE rejectCause=0 emergencyEnabled=false availableServices=[DATA] cellIdentity=CellIdentityLte:{ mCi=1******27 mPci=0 mTac=8**3 mEarfcn=347 mBands=[1] mBandwidth=2147483647 mMcc=234 mMnc=15 mAlphaLong=vodafone UK mAlphaShort=voda UK mAdditionalPlmns={} mCsgInfo=null} voiceSpecificInfo=null dataSpecificInfo=android.telephony.DataSpecificRegistrationInfo :{ maxDataCalls = 16 isDcNrRestricted = false isNrAvailable = false isEnDcAvailable = false LteVopsSupportInfo :  mVopsSupport = 2 mEmcBearerSupport = 3 } nrState=**** rRplmn=23415 isUsingCarrierAggregation=false}], mNrFrequencyRange=0, mOperatorAlphaLongRaw=<MASKED>, mOperatorAlphaShortRaw=<MASKED>, mIsDataRoamingFromRegistration=false, mIsIwlanPreferred=false}
03-29 19:24:15.048 11394 11394 D KeyguardBottomAreaShortcutView: mIndicationArea margin start : 163, end : 163, bottom : 401
03-29 19:24:15.049  1266 11003 V SemWifiBackOff.5G: checkAndSetup nrFrequencyRange=0 / prevNrFrequencyRange=0
03-29 19:24:15.049  1266 11003 V SemWifiBackOff.5G: restore back off mode, current: [NONE]
03-29 19:24:15.049 11394 11394 D CarrierTextController: onRefreshCarrierInfo(), mTelephonyCapable: true
03-29 19:24:15.049 11394 11394 D CarrierTextController: updateCarrierText(): 2
03-29 19:24:15.050 11394 11394 D CarrierTextController: Handling (subId=1): 5 EE | orange
03-29 19:24:15.050 11394 11394 D CarrierTextController: carrierTextForSimState = EE | orange
03-29 19:24:15.050 12287 12287 D ServiceStateProvider: subId=2
03-29 19:24:15.050  1266  1266 D SemWifiService: received: android.intent.action.SERVICE_STATE
