03-30 13:51:47.184  4115  4154 D UE4     : [2022.03.30-12.51.47:184][  0]LogAndroid: Display: Detected thermal sensor `modem-skin-usr` at /sys/devices/virtual/thermal/thermal_zone15/temp
03-30 13:51:47.184  4115  4154 D UE4     : [2022.03.30-12.51.47:184][  0]LogAndroid: Display: Detected thermal sensor `modem-wifi-usr` at /sys/devices/virtual/thermal/thermal_zone16/temp
03-30 13:51:47.184  4115  4154 D UE4     : [2022.03.30-12.51.47:184][  0]LogAndroid: Display: Detected thermal sensor `modem-ambient-usr` at /sys/devices/virtual/thermal/thermal_zone17/temp
03-30 13:51:47.184  4115  4154 D UE4     : [2022.03.30-12.51.47:184][  0]LogAndroid: Display: Detected thermal sensor `modem-0-usr` at /sys/devices/virtual/thermal/thermal_zone18/temp
03-30 13:51:47.184  4115  4154 D UE4     : [2022.03.30-12.51.47:184][  0]LogAndroid: Display: Detected thermal sensor `modem-1-usr` at /sys/devices/virtual/thermal/thermal_zone19/temp
03-30 13:51:47.184  4115  4154 D UE4     : [2022.03.30-12.51.47:184][  0]LogAndroid: Display: Detected thermal sensor `modem-streamer-usr` at /sys/devices/virtual/thermal/thermal_zone20/temp
03-30 13:51:47.184  4115  4154 D UE4     : [2022.03.30-12.51.47:184][  0]LogAndroid: Display: Detected thermal sensor `modem-mmw0-mod-usr` at /sys/devices/virtual/thermal/thermal_zone21/temp
03-30 13:51:47.185  4115  4154 D UE4     : [2022.03.30-12.51.47:185][  0]LogAndroid: Display: Detected thermal sensor `modem-mmw1-mod-usr` at /sys/devices/virtual/thermal/thermal_zone22/temp
03-30 13:51:47.185  4115  4154 D UE4     : [2022.03.30-12.51.47:185][  0]LogAndroid: Display: Detected thermal sensor `modem-mmw2-mod-usr` at /sys/devices/virtual/thermal/thermal_zone23/temp
03-30 13:51:47.185  4115  4154 D UE4     : [2022.03.30-12.51.47:185][  0]LogAndroid: Display: Detected thermal sensor `modem-mmw3-mod-usr` at /sys/devices/virtual/thermal/thermal_zone24/temp
03-30 13:51:47.185  4115  4154 D UE4     : [2022.03.30-12.51.47:185][  0]LogAndroid: Display: Detected thermal sensor `modem-mmw-pa1-usr` at /sys/devices/virtual/thermal/thermal_zone25/temp
03-30 13:51:47.185  4115  4154 D UE4     : [2022.03.30-12.51.47:185][  0]LogAndroid: Display: Detected thermal sensor `modem-mmw-pa2-usr` at /sys/devices/virtual/thermal/thermal_zone26/temp
03-30 13:51:47.185  4115  4154 D UE4     : [2022.03.30-12.51.47:185][  0]LogAndroid: Display: Detected thermal sensor `modem-mmw-pa3-usr` at /sys/devices/virtual/thermal/thermal_zone27/temp
03-30 13:51:47.185  4115  4154 D UE4     : [2022.03.30-12.51.47:185][  0]LogAndroid: Display: Detected thermal sensor `aoss-0-usr` at /sys/devices/virtual/thermal/thermal_zone28/temp
03-30 13:51:47.186  4115  4154 D UE4     : [2022.03.30-12.51.47:186][  0]LogAndroid: Display: Detected thermal sensor `cpu-0-0-usr` at /sys/devices/virtual/thermal/thermal_zone29/temp
03-30 13:51:47.186  4115  4154 D UE4     : [2022.03.30-12.51.47:186][  0]LogAndroid: Display: Detected thermal sensor `cpu-0-1-usr` at /sys/devices/virtual/thermal/thermal_zone30/temp
03-30 13:51:47.186  4115  4154 D UE4     : [2022.03.30-12.51.47:186][  0]LogAndroid: Display: Detected thermal sensor `cpu-0-2-usr` at /sys/devices/virtual/thermal/thermal_zone31/temp
03-30 13:51:47.186  4115  4154 D UE4     : [2022.03.30-12.51.47:186][  0]LogAndroid: Display: Detected thermal sensor `cpu-0-3-usr` at /sys/devices/virtual/thermal/thermal_zone32/temp
03-30 13:51:47.186  4115  4154 D UE4     : [2022.03.30-12.51.47:186][  0]LogAndroid: Display: Detected thermal sensor `cpu-0-4-usr` at /sys/devices/virtual/thermal/thermal_zone33/temp
03-30 13:51:47.186  4115  4154 D UE4     : [2022.03.30-12.51.47:186][  0]LogAndroid: Display: Detected thermal sensor `cpu-0-5-usr` at /sys/devices/virtual/thermal/thermal_zone34/temp
03-30 13:51:47.186  4115  4154 D UE4     : [2022.03.30-12.51.47:186][  0]LogAndroid: Display: Detected thermal sensor `cpuss-0-usr` at /sys/devices/virtual/thermal/thermal_zone35/temp
03-30 13:51:47.186  4115  4154 D UE4     : [2022.03.30-12.51.47:186][  0]LogAndroid: Display: Detected thermal sensor `cpuss-1-usr` at /sys/devices/virtual/thermal/thermal_zone36/temp
03-30 13:51:47.187  4115  4154 D UE4     : [2022.03.30-12.51.47:187][  0]LogAndroid: Display: Detected thermal sensor `cpu-1-0-usr` at /sys/devices/virtual/thermal/thermal_zone37/temp
03-30 13:51:47.187  4115  4154 D UE4     : [2022.03.30-12.51.47:187][  0]LogAndroid: Display: Detected thermal sensor `cpu-1-1-usr` at /sys/devices/virtual/thermal/thermal_zone38/temp
03-30 13:51:47.187  4115  4154 D UE4     : [2022.03.30-12.51.47:187][  0]LogAndroid: Display: Detected thermal sensor `cpu-1-2-usr` at /sys/devices/virtual/thermal/thermal_zone39/temp
03-30 13:51:47.187  4115  4154 D UE4     : [2022.03.30-12.51.47:187][  0]LogAndroid: Display: Detected thermal sensor `cpu-1-3-usr` at /sys/devices/virtual/thermal/thermal_zone40/temp
03-30 13:51:47.187  4115  4154 D UE4     : [2022.03.30-12.51.47:187][  0]LogAndroid: Display: Detected thermal sensor `gpuss-0-usr` at /sys/devices/virtual/thermal/thermal_zone41/temp
03-30 13:51:47.188  4115  4154 D UE4     : [2022.03.30-12.51.47:188][  0]LogAndroid: Display: Detected thermal sensor `gpuss-1-usr` at /sys/devices/virtual/thermal/thermal_zone42/temp
03-30 13:51:47.188  4115  4154 D UE4     : [2022.03.30-12.51.47:188][  0]LogAndroid: Display: Detected thermal sensor `aoss-1-usr` at /sys/devices/virtual/thermal/thermal_zone43/temp
03-30 13:51:47.188  4115  4154 D UE4     : [2022.03.30-12.51.47:188][  0]LogAndroid: Display: Detected thermal sensor `cwlan-usr` at /sys/devices/virtual/thermal/thermal_zone44/temp
03-30 13:51:47.188  4115  4154 D UE4     : [2022.03.30-12.51.47:188][  0]LogAndroid: Display: Detected thermal sensor `audio-usr` at /sys/devices/virtual/thermal/thermal_zone45/temp
03-30 13:51:47.188  4115  4154 D UE4     : [2022.03.30-12.51.47:188][  0]LogAndroid: Display: Detected thermal sensor `ddr-usr` at /sys/devices/virtual/thermal/thermal_zone46/temp
03-30 13:51:47.188  4115  4154 D UE4     : [2022.03.30-12.51.47:188][  0]LogAndroid: Display: Detected thermal sensor `q6-hvx-usr` at /sys/devices/virtual/thermal/thermal_zone47/temp
03-30 13:51:47.188  4115  4154 D UE4     : [2022.03.30-12.51.47:188][  0]LogAndroid: Display: Detected thermal sensor `camera-usr` at /sys/devices/virtual/thermal/thermal_zone48/temp
03-30 13:51:47.188  4115  4154 D UE4     : [2022.03.30-12.51.47:188][  0]LogAndroid: Display: Detected thermal sensor `mdm-core-0-usr` at /sys/devices/virtual/thermal/thermal_zone49/temp
03-30 13:51:47.189  4115  4154 D UE4     : [2022.03.30-12.51.47:189][  0]LogAndroid: Display: Detected thermal sensor `mdm-core-1-usr` at /sys/devices/virtual/thermal/thermal_zone50/temp
03-30 13:51:47.189  4115  4154 D UE4     : [2022.03.30-12.51.47:189][  0]LogAndroid: Display: Detected thermal sensor `mdm-vec-usr` at /sys/devices/virtual/thermal/thermal_zone51/temp
03-30 13:51:47.189  4115  4154 D UE4     : [2022.03.30-12.51.47:189][  0]LogAndroid: Display: Detected thermal sensor `mdm-scl-usr` at /sys/devices/virtual/thermal/thermal_zone52/temp
03-30 13:51:47.189  4115  4154 D UE4     : [2022.03.30-12.51.47:189][  0]LogAndroid: Display: Detected thermal sensor `npu-usr` at /sys/devices/virtual/thermal/thermal_zone53/temp
03-30 13:51:47.189  4115  4154 D UE4     : [2022.03.30-12.51.47:189][  0]LogAndroid: Display: Detected thermal sensor `video-usr` at /sys/devices/virtual/thermal/thermal_zone54/temp
03-30 13:51:47.189  4115  4154 D UE4     : [2022.03.30-12.51.47:189][  0]LogAndroid: Display: Detected thermal sensor `gpuss-max-step` at /sys/devices/virtual/thermal/thermal_zone55/temp
03-30 13:51:47.190  4115  4154 D UE4     : [2022.03.30-12.51.47:190][  0]LogAndroid: Display: Detected thermal sensor `cpu-0-0-step` at /sys/devices/virtual/thermal/thermal_zone56/temp
03-30 13:51:47.190  4115  4154 D UE4     : [2022.03.30-12.51.47:190][  0]LogAndroid: Display: Detected thermal sensor `cpu-0-1-step` at /sys/devices/virtual/thermal/thermal_zone57/temp
03-30 13:51:47.190  4115  4154 D UE4     : [2022.03.30-12.51.47:190][  0]LogAndroid: Display: Detected thermal sensor `cpu-0-2-step` at /sys/devices/virtual/thermal/thermal_zone58/temp
03-30 13:51:47.190  4115  4154 D UE4     : [2022.03.30-12.51.47:190][  0]LogAndroid: Display: Detected thermal sensor `cpu-0-3-step` at /sys/devices/virtual/thermal/thermal_zone59/temp
03-30 13:51:47.190  4115  4154 D UE4     : [2022.03.30-12.51.47:190][  0]LogAndroid: Display: Detected thermal sensor `cpu-0-4-step` at /sys/devices/virtual/thermal/thermal_zone60/temp
03-30 13:51:47.190  4115  4154 D UE4     : [2022.03.30-12.51.47:190][  0]LogAndroid: Display: Detected thermal sensor `cpu-0-5-step` at /sys/devices/virtual/thermal/thermal_zone61/temp
03-30 13:51:47.191  4115  4154 D UE4     : [2022.03.30-12.51.47:190][  0]LogAndroid: Display: Detected thermal sensor `cpu-1-0-step` at /sys/devices/virtual/thermal/thermal_zone62/temp
03-30 13:51:47.191  4115  4154 D UE4     : [2022.03.30-12.51.47:191][  0]LogAndroid: Display: Detected thermal sensor `cpu-1-1-step` at /sys/devices/virtual/thermal/thermal_zone63/temp
03-30 13:51:47.191  4115  4154 D UE4     : [2022.03.30-12.51.47:191][  0]LogAndroid: Display: Detected thermal sensor `cpu-1-2-step` at /sys/devices/virtual/thermal/thermal_zone64/temp
03-30 13:51:47.191  4115  4154 D UE4     : [2022.03.30-12.51.47:191][  0]LogAndroid: Display: Detected thermal sensor `cpu-1-3-step` at /sys/devices/virtual/thermal/thermal_zone65/temp
03-30 13:51:47.191  4115  4154 D UE4     : [2022.03.30-12.51.47:191][  0]LogAndroid: Display: Detected thermal sensor `q6-hvx-step` at /sys/devices/virtual/thermal/thermal_zone66/temp
03-30 13:51:47.191  4115  4154 D UE4     : [2022.03.30-12.51.47:191][  0]LogAndroid: Display: Detected thermal sensor `chg-skin-therm-usr` at /sys/devices/virtual/thermal/thermal_zone67/temp
03-30 13:51:47.191  4115  4154 D UE4     : [2022.03.30-12.51.47:191][  0]LogAndroid: Display: Detected thermal sensor `conn-therm-usr` at /sys/devices/virtual/thermal/thermal_zone68/temp
03-30 13:51:47.192  4115  4154 D UE4     : [2022.03.30-12.51.47:192][  0]LogAndroid: Display: Detected thermal sensor `sdm-skin-therm-usr` at /sys/devices/virtual/thermal/thermal_zone69/temp
03-30 13:51:47.192  4115  4154 D UE4     : [2022.03.30-12.51.47:192][  0]LogAndroid: Display: Detected thermal sensor `rfc-cam-pa3-usr` at /sys/devices/virtual/thermal/thermal_zone70/temp
03-30 13:51:47.192  4115  4154 D UE4     : [2022.03.30-12.51.47:192][  0]LogAndroid: Display: Detected thermal sensor `camera-therm-usr` at /sys/devices/virtual/thermal/thermal_zone71/temp
03-30 13:51:47.192  4115  4154 D UE4     : [2022.03.30-12.51.47:192][  0]LogAndroid: Display: Detected thermal sensor `quiet-therm-usr` at /sys/devices/virtual/thermal/thermal_zone72/temp
03-30 13:51:47.192  4115  4154 D UE4     : [2022.03.30-12.51.47:192][  0]LogAndroid: Display: Detected thermal sensor `pa-therm0-usr` at /sys/devices/virtual/thermal/thermal_zone73/temp
03-30 13:51:47.192  4115  4154 D UE4     : [2022.03.30-12.51.47:192][  0]LogAndroid: Display: Detected thermal sensor `pa-therm1-usr` at /sys/devices/virtual/thermal/thermal_zone74/temp
03-30 13:51:47.192  4115  4154 D UE4     : [2022.03.30-12.51.47:192][  0]LogAndroid: Display: Detected thermal sensor `xo-therm-usr` at /sys/devices/virtual/thermal/thermal_zone75/temp
03-30 13:51:47.193  4115  4154 D UE4     : [2022.03.30-12.51.47:193][  0]LogAndroid: Display: Detected thermal sensor `npu-step` at /sys/devices/virtual/thermal/thermal_zone76/temp
03-30 13:51:47.193  4115  4154 D UE4     : [2022.03.30-12.51.47:193][  0]LogAndroid: Display: Detected thermal sensor `min-temp-0-lowf` at /sys/devices/virtual/thermal/thermal_zone77/temp
03-30 13:51:47.193  4115  4154 D UE4     : [2022.03.30-12.51.47:193][  0]LogAndroid: Display: Detected thermal sensor `min-temp-0-lowc` at /sys/devices/virtual/thermal/thermal_zone78/temp
03-30 13:51:47.193  4115  4154 D UE4     : [2022.03.30-12.51.47:193][  0]LogAndroid: Display: Detected thermal sensor `min-temp-1-lowf` at /sys/devices/virtual/thermal/thermal_zone79/temp
03-30 13:51:47.193  4115  4154 D UE4     : [2022.03.30-12.51.47:193][  0]LogAndroid: Display: Detected thermal sensor `min-temp-1-lowc` at /sys/devices/virtual/thermal/thermal_zone80/temp
03-30 13:51:47.193  4115  4154 D UE4     : [2022.03.30-12.51.47:193][  0]LogAndroid: Display: Detected thermal sensor `sm5714-fuelgauge` at /sys/devices/virtual/thermal/thermal_zone81/temp
03-30 13:51:47.193  4115  4154 D UE4     : [2022.03.30-12.51.47:193][  0]LogAndroid: Display: Detected thermal sensor `ac` at /sys/devices/virtual/thermal/thermal_zone82/temp
03-30 13:51:47.194  4115  4154 D UE4     : [2022.03.30-12.51.47:194][  0]LogAndroid: Display: Detected thermal sensor `battery` at /sys/devices/virtual/thermal/thermal_zone83/temp
03-30 13:51:47.194  4115  4154 D UE4     : [2022.03.30-12.51.47:194][  0]LogAndroid: Display: Selecting thermal sensor located at `/sys/devices/virtual/thermal/thermal_zone1/temp`
03-30 13:51:47.194  4115  4154 D UE4     : [2022.03.30-12.51.47:194][  0]LogInit: Memory total: Physical=5427.14MB (6GB approx) Available=1606.70MB PageSize=4.0KB
03-30 13:51:47.201  4115  4154 D UE4     : [2022.03.30-12.51.47:201][  0]LogInit: Physics initialised using underlying interface: PhysX
03-30 13:51:47.206  4115  4154 D UE4     : [2022.03.30-12.51.47:206][  0]LogInit: Using OS detected language (en-GB).
03-30 13:51:47.206  4115  4154 D UE4     : [2022.03.30-12.51.47:206][  0]LogInit: Using OS detected locale (en-GB).
03-30 13:51:47.220  4115  4154 D UE4     : [2022.03.30-12.51.47:220][  0]LogTextLocalizationManager: No specific localization for 'en-GB' exists, so the 'en' localization will be used.
03-30 13:51:47.229 27654 27782 E A       : Processing of GCM event failed.
03-30 13:51:47.229 27654 27782 E A       : java.lang.NullPointerException: No binary data in push message
03-30 13:51:47.229 27654 27782 E A       : 	at com.google.common.base.bb.a(PG:1)
03-30 13:51:47.229 27654 27782 E A       : 	at com.google.android.apps.gsa.staticplugins.bb.k.a(PG:6)
03-30 13:51:47.229 27654 27782 E A       : 	at dagger.b.a.h.apply(PG:2)
03-30 13:51:47.229 27654 27782 E A       : 	at com.google.common.util.concurrent.h.e(PG:2)
03-30 13:51:47.229 27654 27782 E A       : 	at com.google.common.util.concurrent.j.run(PG:9)
03-30 13:51:47.229 27654 27782 E A       : 	at com.google.cc.h.a.q.run(PG:3)
03-30 13:51:47.229 27654 27782 E A       : 	at com.google.android.libraries.i.ai.run(PG:1)
03-30 13:51:47.229 27654 27782 E A       : 	at java.util.concurrent.ThreadPoolExecutor.runWorker(ThreadPoolExecutor.java:1167)
03-30 13:51:47.229 27654 27782 E A       : 	at java.util.concurrent.ThreadPoolExecutor$Worker.run(ThreadPoolExecutor.java:641)
03-30 13:51:47.229 27654 27782 E A       : 	at com.google.android.libraries.i.f.run(PG:2)
03-30 13:51:47.229 27654 27782 E A       : 	at com.google.android.libraries.i.t.run(PG:4)
03-30 13:51:47.229 27654 27782 E A       : 	at java.lang.Thread.run(Thread.java:920)
03-30 13:51:47.233 17133 17133 W GCM     : broadcast intent callback: result=CANCELLED forIntent { act=com.google.android.c2dm.intent.RECEIVE pkg=com.google.android.googlequicksearchbox (has extras) }
03-30 13:51:47.246   867   867 I LatinIME: Timeout waiting for dictionary load
03-30 13:51:47.289  1266  2782 D OverlayManager: reconcileSettingsForPackage pkgName=com.justeat.app.uk userId=0
03-30 13:51:47.289  1266  2782 I OverlayManager: updateOverlaysForTarget() called with: targetPackage = [com.justeat.app.uk], userId = [0], flags = [0], skipLocaleOverlays = [true]
03-30 13:51:47.290  1266  1930 D CompanionDeviceManagerService: onPackageModified(packageName = com.justeat.app.uk)
03-30 13:51:47.295 11394 11394 D SPluginManagerImpl: onReceive: android.intent.action.PACKAGE_CHANGED, size:{com.samsung.android.systemui.multistar.MultiStarManager$1@651d873=SPluginInstanceManager@127035391 (action=com.samsung.systemui.action.PLUGIN_MULTISTAR), com.android.systemui.lockstar.PluginLockStarManager@8dd4baf=SPluginInstanceManager@54536652 (action=com.samsung.systemui.action.PLUGIN_LOCK_STAR), com.android.systemui.slimindicator.SlimIndicatorPluginMediator@bad2dc6=SPluginInstanceManager@248914965 (action=com.samsung.systemui.action.SPLUGIN_SLIMINDICATOR), com.android.systemui.pluginlock.PluginLockMediatorImpl@be7d99c=SPluginInstanceManager@225047338 (action=com.samsung.systemui.action.PLUGIN_LOCK), com.android.systemui.BixbyInteractor$2@c0b362c=SPluginInstanceManager@179275035 (action=com.samsung.systemui.bixby2.PLUGIN), com.android.systemui.navigationbar.NavBarInteractorManager$1@dbcc47b=SPluginInstanceManager@86775480 (action=com.samsung.systemui.navigationbar.PLUGIN), com.android.systemui.noticenter.NotiCenterPlugin$NotiCenterPluginListener@e33e6f0=SPluginInstanceManager@218229905 (action=com.samsung.systemui.action.PLUGIN_NOTICENTER), com.android.systemui.volume.VolumeStarInteractor$1@f34914e=SPluginInstanceManager@151787510 (action=com.samsung.systemui.volume.PLUGIN)}
03-30 13:51:47.296 11394 11394 D KeyguardUpdateMonitor: received broadcast android.intent.action.PACKAGE_CHANGED
03-30 13:51:47.300  1266  2815 D SEP_UNION_SemDeviceInfoManagerService: onReceive : android.intent.action.PACKAGE_CHANGED, userId = 0 
03-30 13:51:47.301 12779 12865 I SystemBroadcastReceiver: [#CMH#] onReceive completed :  0
03-30 13:51:47.302 12779 12779 I Controller: [#CMH#] onPackageChanged()  null
03-30 13:51:47.303 29204 29362 I Bugle   : BroadcastReceiverAsyncWorkTracker: Acknowledging broadcast of albs@103c04
03-30 13:51:47.305 30703 30703 I SCS@AiSearch user 0: (PackageBroadcastReceiver) onReceive android.intent.action.PACKAGE_CHANGED
03-30 13:51:47.305 30703 30703 I SCS@AiSearch user 0: (PackageBroadcastReceiver) packageName: com.justeat.app.uk
03-30 13:51:47.305 30703 30703 I SCS@AiSearch user 0: (PackageBroadcastReceiver) Packages changed: [com.justeat.app.uk]
03-30 13:51:47.305 12925 12925 V AvrcpMediaPlayerList: mPackageChangedBroadcastReceiver: action: android.intent.action.PACKAGE_CHANGED
03-30 13:51:47.307 27654 27654 V ClearcutMetricXmitter: Transmission is done.
03-30 13:51:47.309 30703 30703 I SCS@AiSearch user 0: (AppsDataObserver) scheduling worker CMD_UPDATE_LIST
03-30 13:51:47.320  1266 12620 D PackageManager: setEnabledSetting : userId = 0 packageName = com.samsung.android.scs cmp = androidx.work.impl.background.systemalarm.RescheduleReceiver newState = 1 callingPackage = 10114/com.samsung.android.scs
03-30 13:51:47.323  1266 17300 D SamsungAlarmManager: Cancel Alarm calling from uid:10244 pid :17133 / OP:PendingIntent{749d28e: PendingIntentRecord{e8d7a13 com.google.android.gms/com.google.android.gms.tron broadcastIntent}}
03-30 13:51:47.324  1266 17300 V SamsungAlarmManager: setLocked to kernel - W:212628864, now=212627440
03-30 13:51:47.329 11394 11394 W Looper  : Slow dispatch took 33ms main h=android.app.ActivityThread$H c=com.android.systemui.broadcast.ActionReceiver$onReceive$1$1$1@4b35a48 m=0
03-30 13:51:47.329 11394 11394 D FaceWidgetMetadataParser: updatePackage() com.justeat.app.uk false
03-30 13:51:47.331 11394 11394 W FaceWidgetMetadataParser: updatePackage() there is no metadata
03-30 13:51:47.331 11394 11394 D FaceWidgetMetadataParser: removePackage() key = com.justeat.app.uk
03-30 13:51:47.331 11394 11394 W Looper  : Slow delivery took 33ms main h=com.android.keyguard.KeyguardUpdateMonitor$17 c=null m=1302
03-30 13:51:47.337 12484 12484 D RegisteredNfcFServicesCache: Service unchanged, not updating
03-30 13:51:47.338  4115  4154 D UE4     : [2022.03.30-12.51.47:338][  0]LogSlate: New Slate User Created.  User Index 0, Is Virtual User: 0
03-30 13:51:47.338  4115  4154 D UE4     : [2022.03.30-12.51.47:338][  0]LogSlate: Slate User Registered.  User Index 0, Is Virtual User: 0
03-30 13:51:47.341  1088  4114 I HYPER-HAL: [RequestManager.cpp]releaseLocked(): Released ID : 148238386
03-30 13:51:47.342  1266  2815 D ActivityManager: Received SERVICE intent 0x5fce63d Key{startService pkg=com.samsung.android.app.routines intent=act=com.samsung.android.rotine.ACTION_PACKAGE_CHANGED cmp=com.samsung.android.app.routines/.domainmodel.core.service.RoutineService flags=0x0 u=0} requestCode=10000 from uid 1000
03-30 13:51:47.342  1266  2815 D SEP_UNION_SemDeviceInfoManagerService: sendIntentAction() action = android.intent.action.PACKAGE_CHANGED, tag =  
03-30 13:51:47.343 30299 30299 I Routine@Core[3.5.01.24]: RoutineService: onCreate
03-30 13:51:47.344 30299 30299 I SEP_UNION_SemUnionManager: getUnionService() : semeventdelegator 
03-30 13:51:47.345 12287 12287 D CarrierSvcBindHelper: No carrier app for: 0
03-30 13:51:47.346  1266 12620 D SEP_UNION_SemDeviceInfoManagerService: registerPendingIntentInternal() action = android.intent.action.PACKAGE_CHANGED, android.intent.action.PACKAGE_ADDED, android.intent.action.PACKAGE_FULLY_REMOVED, android.intent.action.MY_PACKAGE_REPLACED, android.intent.action.PACKAGE_REPLACED, android.intent.action.PACKAGE_REMOVED, callingPackage = com.samsung.android.app.routines, userId = 0, flag = 0, conditions = null 
03-30 13:51:47.348  4115  4154 D UE4     : [2022.03.30-12.51.47:348][  0]LogAndroid: VulkanRHI will NOT be used:
03-30 13:51:47.348  4115  4154 D UE4     : [2022.03.30-12.51.47:348][  0]LogAndroid:  ** Vulkan support is not available (Driver, RHI or shaders are missing, or disabled by cmdline, see above logging for details)
03-30 13:51:47.348  4115  4154 D UE4     : [2022.03.30-12.51.47:348][  0]LogAndroid:  ** Vulkan is disabled via console variable.
03-30 13:51:47.348  4115  4154 D UE4     : [2022.03.30-12.51.47:348][  0]LogAndroid: OpenGL ES will be used.
03-30 13:51:47.348  4115  4154 D UE4     : [2022.03.30-12.51.47:348][  0]LogAndroid: Vulkan SM5 is available but disabled for this device.
03-30 13:51:47.348 30299 30299 I SEP_UNION_SemUnionManager: getUnionService() : semeventdelegator 
03-30 13:51:47.348  4115  4154 D UE4     : [2022.03.30-12.51.47:348][  0]LogRHI: App is packaged for OpenGL ES 3.1 and an ES 3.2-capable device was detected.
03-30 13:51:47.348 30299 30299 I SEP_UNION_SemUnionManager: getUnionService() : semeventdelegator 
03-30 13:51:47.349  4115  4154 D UE4     : Device supports the following refresh rates 60 
03-30 13:51:47.349  4115  4154 D UE4     : FPlatformOpenGLDevice:Init
03-30 13:51:47.349  4115  4154 D UE4     : AndroidEGL::InitRenderSurface 0, 1
03-30 13:51:47.349  4115  4154 D UE4     : AndroidEGL::InitRenderSurface, Using width: 592, height 1280 
03-30 13:51:47.349  4115  4154 D UE4     : [GameActivity] [JAVA] - SetDesiredViewSize width=592 and height=1280
03-30 13:51:47.349  4115  4154 D UE4     : AndroidEGL::InitRenderSurface, wnd: 0xe9e160b8, width: 592, height 1280 
03-30 13:51:47.349  4115  4154 D UE4     : AndroidEGL::CreateEGLRenderSurface() Already initialized: 0xefea0b50
03-30 13:51:47.349  4115  4154 D UE4     : AndroidEGL::InitSharedSurface 0
03-30 13:51:47.349  4115  4154 D UE4     : AndroidEGL::InitSharedSurface, Using width: 592, height 1280 
03-30 13:51:47.349  4115  4154 D UE4     : AndroidEGL::InitSharedSurface, width: 592, height 1280 
03-30 13:51:47.349  4115  4154 D UE4     : AndroidEGL::CreateEGLSharedSurface() Already initialized: 0xefea1480
03-30 13:51:47.349 12287 12287 D CarrierSvcBindHelper: No carrier app for: 1
03-30 13:51:47.350 12287 12287 D ImsResolver: maybeAddedImsService, packageName: com.justeat.app.uk
03-30 13:51:47.350  4115  4154 D UE4     : [2022.03.30-12.51.47:350][  0]LogRHI: Extension eglPresentationTimeANDROID Present
03-30 13:51:47.350  4115  4154 D UE4     : [2022.03.30-12.51.47:350][  0]LogRHI: Extension eglGetNextFrameIdANDROID Present
03-30 13:51:47.350  4115  4154 D UE4     : [2022.03.30-12.51.47:350][  0]LogRHI: Extension eglGetCompositorTimingANDROID Present
03-30 13:51:47.350  4115  4154 D UE4     : [2022.03.30-12.51.47:350][  0]LogRHI: Extension eglGetFrameTimestampsANDROID Present
03-30 13:51:47.350  4115  4154 D UE4     : [2022.03.30-12.51.47:350][  0]LogRHI: Extension eglQueryTimestampSupportedANDROID NOT Available
03-30 13:51:47.350  4115  4154 D UE4     : [2022.03.30-12.51.47:350][  0]LogRHI: Extension eglGetCompositorTimingSupportedANDROID Present
03-30 13:51:47.350  4115  4154 D UE4     : [2022.03.30-12.51.47:350][  0]LogRHI: Extension eglGetFrameTimestampsSupportedANDROID NOT Available
03-30 13:51:47.353  1266 17300 D SamsungAlarmManager: setInexact (T:3/F:0/AC:false) 20220330T165147 now=212627469 - CU:10244/CP:17133/OP:PendingIntent{42c4e45: PendingIntentRecord{e8d7a13 com.google.android.gms/com.google.android.gms.tron broadcastIntent}}
03-30 13:51:47.353  1266 17300 V SamsungAlarmManager: setLocked to kernel - W:212628864, now=212627469
03-30 13:51:47.354  1266  2815 D CompatibilityChangeReporter: Compat change id reported: 135634846; UID 10083; state: DISABLED
03-30 13:51:47.354  1266  2815 D CompatibilityChangeReporter: Compat change id reported: 177438394; UID 10083; state: DISABLED
03-30 13:51:47.354  1266  2815 D CompatibilityChangeReporter: Compat change id reported: 135772972; UID 10083; state: DISABLED
03-30 13:51:47.354  1266  2815 D CompatibilityChangeReporter: Compat change id reported: 135754954; UID 10083; state: ENABLED
03-30 13:51:47.356 12484 12484 I NfcKnoxUtil: isNFCAllowed is called for userId - 150
03-30 13:51:47.356  4115  4154 D UE4     : [2022.03.30-12.51.47:356][  0]LogRHI: Initializing OpenGL RHI
03-30 13:51:47.356  4115  4154 D UE4     : [2022.03.30-12.51.47:356][  0]LogRHI:   GL_VENDOR: Qualcomm
03-30 13:51:47.356  4115  4154 D UE4     : [2022.03.30-12.51.47:356][  0]LogRHI:   GL_RENDERER: Adreno (TM) 619
03-30 13:51:47.356  1266  2815 D ActivityManager: Received SERVICE intent 0xef40a1f Key{startService pkg=com.samsung.android.app.galaxyfinder intent=act=package_changed cmp=com.samsung.android.app.galaxyfinder/.acceleration.AppCoreService flags=0x0 u=0} requestCode=0 from uid 1000
03-30 13:51:47.356  4115  4154 D UE4     : [2022.03.30-12.51.47:356][  0]LogRHI:   GL_VERSION: OpenGL ES 3.2 V@0502.0 (GIT@cfe4c0c0a2, Iffde15f970, 1633096560) (Date:10/01/21)
03-30 13:51:47.356  4115  4154 D UE4     : [2022.03.30-12.51.47:356][  0]LogRHI:   GL_SHADING_LANGUAGE_VERSION: OpenGL ES GLSL ES 3.20
03-30 13:51:47.356  1266  1976 D CompatibilityChangeReporter: Compat change id reported: 143937733; UID 10083; state: ENABLED
03-30 13:51:47.356  4115  4154 D UE4     : [2022.03.30-12.51.47:356][  0]LogRHI: OpenGL Extensions:
03-30 13:51:47.356  4115  4154 D UE4     : [2022.03.30-12.51.47:356][  0]LogRHI:   GL_OES_EGL_image
03-30 13:51:47.356  4115  4154 D UE4     : [2022.03.30-12.51.47:356][  0]LogRHI:   GL_OES_EGL_image_external
03-30 13:51:47.356  4115  4154 D UE4     : [2022.03.30-12.51.47:356][  0]LogRHI:   GL_OES_EGL_sync
03-30 13:51:47.356  4115  4154 D UE4     : [2022.03.30-12.51.47:356][  0]LogRHI:   GL_OES_vertex_half_float
03-30 13:51:47.357  4115  4154 D UE4     : [2022.03.30-12.51.47:357][  0]LogRHI:   GL_OES_framebuffer_object
03-30 13:51:47.357  4115  4154 D UE4     : [2022.03.30-12.51.47:357][  0]LogRHI:   GL_OES_rgb8_rgba8
03-30 13:51:47.357  4115  4154 D UE4     : [2022.03.30-12.51.47:357][  0]LogRHI:   GL_OES_compressed_ETC1_RGB8_texture
03-30 13:51:47.357  4115  4154 D UE4     : [2022.03.30-12.51.47:357][  0]LogRHI:   GL_AMD_compressed_ATC_texture
03-30 13:51:47.357  4115  4154 D UE4     : [2022.03.30-12.51.47:357][  0]LogRHI:   GL_KHR_texture_compression_astc_ldr
03-30 13:51:47.357  4115  4154 D UE4     : [2022.03.30-12.51.47:357][  0]LogRHI:   GL_KHR_texture_compression_astc_hdr
03-30 13:51:47.357  4115  4154 D UE4     : [2022.03.30-12.51.47:357][  0]LogRHI:   GL_OES_texture_compression_astc
03-30 13:51:47.357  4115  4154 D UE4     : [2022.03.30-12.51.47:357][  0]LogRHI:   GL_OES_texture_npot
03-30 13:51:47.357  4115  4154 D UE4     : [2022.03.30-12.51.47:357][  0]LogRHI:   GL_EXT_texture_filter_anisotropic
03-30 13:51:47.357  4115  4154 D UE4     : [2022.03.30-12.51.47:357][  0]LogRHI:   GL_EXT_texture_format_BGRA8888
03-30 13:51:47.357  4115  4154 D UE4     : [2022.03.30-12.51.47:357][  0]LogRHI:   GL_EXT_read_format_bgra
03-30 13:51:47.357  4115  4154 D UE4     : [2022.03.30-12.51.47:357][  0]LogRHI:   GL_OES_texture_3D
03-30 13:51:47.357  4115  4154 D UE4     : [2022.03.30-12.51.47:357][  0]LogRHI:   GL_EXT_color_buffer_float
03-30 13:51:47.357  4115  4154 D UE4     : [2022.03.30-12.51.47:357][  0]LogRHI:   GL_EXT_color_buffer_half_float
03-30 13:51:47.357  4115  4154 D UE4     : [2022.03.30-12.51.47:357][  0]LogRHI:   GL_QCOM_alpha_test
03-30 13:51:47.357  4115  4154 D UE4     : [2022.03.30-12.51.47:357][  0]LogRHI:   GL_OES_depth24
03-30 13:51:47.357  4115  4154 D UE4     : [2022.03.30-12.51.47:357][  0]LogRHI:   GL_OES_packed_depth_stencil
03-30 13:51:47.357  4115  4154 D UE4     : [2022.03.30-12.51.47:357][  0]LogRHI:   GL_OES_depth_texture
03-30 13:51:47.357  1266  2815 D SEP_UNION_SemDeviceInfoManagerService: sendIntentAction() action = android.intent.action.PACKAGE_CHANGED, tag =  
03-30 13:51:47.357  4115  4154 D UE4     : [2022.03.30-12.51.47:357][  0]LogRHI:   GL_OES_depth_texture_cube_map
03-30 13:51:47.357  4115  4154 D UE4     : [2022.03.30-12.51.47:357][  0]LogRHI:   GL_EXT_sRGB
03-30 13:51:47.358  4115  4154 D UE4     : [2022.03.30-12.51.47:358][  0]LogRHI:   GL_OES_texture_float
03-30 13:51:47.358  4115  4154 D UE4     : [2022.03.30-12.51.47:358][  0]LogRHI:   GL_OES_texture_float_linear
03-30 13:51:47.358  4115  4154 D UE4     : [2022.03.30-12.51.47:358][  0]LogRHI:   GL_OES_texture_half_float
03-30 13:51:47.358  4115  4154 D UE4     : [2022.03.30-12.51.47:358][  0]LogRHI:   GL_OES_texture_half_float_linear
03-30 13:51:47.358  4115  4154 D UE4     : [2022.03.30-12.51.47:358][  0]LogRHI:   GL_EXT_texture_type_2_10_10_10_REV
03-30 13:51:47.358  4115  4154 D UE4     : [2022.03.30-12.51.47:358][  0]LogRHI:   GL_EXT_texture_sRGB_decode
03-30 13:51:47.358  4115  4154 D UE4     : [2022.03.30-12.51.47:358][  0]LogRHI:   GL_EXT_texture_format_sRGB_override
03-30 13:51:47.358  4115  4154 D UE4     : [2022.03.30-12.51.47:358][  0]LogRHI:   GL_OES_element_index_uint
03-30 13:51:47.358  4115  4154 D UE4     : [2022.03.30-12.51.47:358][  0]LogRHI:   GL_EXT_copy_image
03-30 13:51:47.358  4115  4154 D UE4     : [2022.03.30-12.51.47:358][  0]LogRHI:   GL_EXT_geometry_shader
03-30 13:51:47.358  4115  4154 D UE4     : [2022.03.30-12.51.47:358][  0]LogRHI:   GL_EXT_tessellation_shader
03-30 13:51:47.358  4115  4154 D UE4     : [2022.03.30-12.51.47:358][  0]LogRHI:   GL_OES_texture_stencil8
03-30 13:51:47.358  4115  4154 D UE4     : [2022.03.30-12.51.47:358][  0]LogRHI:   GL_EXT_shader_io_blocks
03-30 13:51:47.358  4115  4154 D UE4     : [2022.03.30-12.51.47:358][  0]LogRHI:   GL_OES_shader_image_atomic
03-30 13:51:47.358  4115  4154 D UE4     : [2022.03.30-12.51.47:358][  0]LogRHI:   GL_OES_sample_variables
03-30 13:51:47.358  4115  4154 D UE4     : [2022.03.30-12.51.47:358][  0]LogRHI:   GL_EXT_texture_border_clamp
03-30 13:51:47.358  4115  4154 D UE4     : [2022.03.30-12.51.47:358][  0]LogRHI:   GL_EXT_EGL_image_external_wrap_modes
03-30 13:51:47.358  4115  4154 D UE4     : [2022.03.30-12.51.47:358][  0]LogRHI:   GL_EXT_multisampled_render_to_texture
03-30 13:51:47.358  4115  4154 D UE4     : [2022.03.30-12.51.47:358][  0]LogRHI:   GL_EXT_multisampled_render_to_texture2
03-30 13:51:47.358  4115  4154 D UE4     : [2022.03.30-12.51.47:358][  0]LogRHI:   GL_OES_shader_multisample_interpolation
03-30 13:51:47.358  4115  4154 D UE4     : [2022.03.30-12.51.47:358][  0]LogRHI:   GL_EXT_texture_cube_map_array
03-30 13:51:47.359  4115  4154 D UE4     : [2022.03.30-12.51.47:358][  0]LogRHI:   GL_EXT_draw_buffers_indexed
03-30 13:51:47.359  4115  4154 D UE4     : [2022.03.30-12.51.47:359][  0]LogRHI:   GL_EXT_gpu_shader5
03-30 13:51:47.359  4115  4154 D UE4     : [2022.03.30-12.51.47:359][  0]LogRHI:   GL_EXT_robustness
03-30 13:51:47.359  4115  4154 D UE4     : [2022.03.30-12.51.47:359][  0]LogRHI:   GL_EXT_texture_buffer
03-30 13:51:47.359  4115  4154 D UE4     : [2022.03.30-12.51.47:359][  0]LogRHI:   GL_EXT_shader_framebuffer_fetch
03-30 13:51:47.359  1266 12620 D SEP_UNION_SemDeviceInfoManagerService: Same PendingIntent is in com.samsung.android.app.routines 
03-30 13:51:47.359  4115  4154 D UE4     : [2022.03.30-12.51.47:359][  0]LogRHI:   GL_ARM_shader_framebuffer_fetch_depth_stencil
03-30 13:51:47.359  4115  4154 D UE4     : [2022.03.30-12.51.47:359][  0]LogRHI:   GL_OES_texture_storage_multisample_2d_array
03-30 13:51:47.359  1266 12620 D SEP_UNION_SemDeviceInfoManagerService: Same PendingIntent is in com.samsung.android.app.routines 
03-30 13:51:47.359  4115  4154 D UE4     : [2022.03.30-12.51.47:359][  0]LogRHI:   GL_OES_sample_shading
03-30 13:51:47.359  1266 12620 D SEP_UNION_SemDeviceInfoManagerService: Same PendingIntent is in com.samsung.android.app.routines 
03-30 13:51:47.359  4115  4154 D UE4     : [2022.03.30-12.51.47:359][  0]LogRHI:   GL_OES_get_program_binary
03-30 13:51:47.359  1266 12620 D SEP_UNION_SemDeviceInfoManagerService: Same PendingIntent is in com.samsung.android.app.routines 
03-30 13:51:47.359  4115  4154 D UE4     : [2022.03.30-12.51.47:359][  0]LogRHI:   GL_EXT_debug_label
03-30 13:51:47.359  1266 12620 D SEP_UNION_SemDeviceInfoManagerService: Same PendingIntent is in com.samsung.android.app.routines 
03-30 13:51:47.359  4115  4154 D UE4     : [2022.03.30-12.51.47:359][  0]LogRHI:   GL_KHR_blend_equation_advanced
03-30 13:51:47.359  1266 12620 D SEP_UNION_SemDeviceInfoManagerService: Same PendingIntent is in com.samsung.android.app.routines 
03-30 13:51:47.359  4115  4154 D UE4     : [2022.03.30-12.51.47:359][  0]LogRHI:   GL_KHR_blend_equation_advanced_coherent
03-30 13:51:47.359  4115  4154 D UE4     : [2022.03.30-12.51.47:359][  0]LogRHI:   GL_QCOM_tiled_rendering
03-30 13:51:47.359  4115  4154 D UE4     : [2022.03.30-12.51.47:359][  0]LogRHI:   GL_ANDROID_extension_pack_es31a
03-30 13:51:47.359  4115  4154 D UE4     : [2022.03.30-12.51.47:359][  0]LogRHI:   GL_EXT_primitive_bounding_box
03-30 13:51:47.359  1266 12620 D SEP_UNION_SemDeviceInfoManagerService: registerPendingIntentInternal() action = android.intent.action.DATE_CHANGED, callingPackage = com.samsung.android.app.routines, userId = 0, flag = 0, conditions = null 
03-30 13:51:47.359  4115  4154 D UE4     : [2022.03.30-12.51.47:359][  0]LogRHI:   GL_OES_standard_derivatives
03-30 13:51:47.359  4115  4154 D UE4     : [2022.03.30-12.51.47:359][  0]LogRHI:   GL_OES_vertex_array_object
03-30 13:51:47.359  4115  4154 D UE4     : [2022.03.30-12.51.47:359][  0]LogRHI:   GL_EXT_disjoint_timer_query
03-30 13:51:47.359  1266 12620 D SEP_UNION_SemDeviceInfoManagerService: Same PendingIntent is in com.samsung.android.app.routines 
03-30 13:51:47.359  4115  4154 D UE4     : [2022.03.30-12.51.47:359][  0]LogRHI:   GL_KHR_debug
03-30 13:51:47.359 12484 12484 D NfcKnoxUtil: NFC checking for 150
03-30 13:51:47.359  4115  4154 D UE4     : [2022.03.30-12.51.47:359][  0]LogRHI:   GL_EXT_YUV_target
03-30 13:51:47.359  4115  4154 D UE4     : [2022.03.30-12.51.47:359][  0]LogRHI:   GL_EXT_sRGB_write_control
03-30 13:51:47.360  1266 12620 D SEP_UNION_SemDeviceInfoManagerService: registerPendingIntentInternal() action = android.intent.action.PACKAGE_DATA_CLEARED, callingPackage = com.samsung.android.app.routines, userId = 0, flag = 0, conditions = null 
03-30 13:51:47.360  4115  4154 D UE4     : [2022.03.30-12.51.47:360][  0]LogRHI:   GL_EXT_texture_norm16
03-30 13:51:47.360  4115  4154 D UE4     : [2022.03.30-12.51.47:360][  0]LogRHI:   GL_EXT_discard_framebuffer
03-30 13:51:47.360  4115  4154 D UE4     : [2022.03.30-12.51.47:360][  0]LogRHI:   GL_OES_surfaceless_context
03-30 13:51:47.360  4115  4154 D UE4     : [2022.03.30-12.51.47:360][  0]LogRHI:   GL_OVR_multiview
03-30 13:51:47.360  1266 12620 D SEP_UNION_SemDeviceInfoManagerService: Same PendingIntent is in com.samsung.android.app.routines 
03-30 13:51:47.360  4115  4154 D UE4     : [2022.03.30-12.51.47:360][  0]LogRHI:   GL_OVR_multiview2
03-30 13:51:47.360  4115  4154 D UE4     : [2022.03.30-12.51.47:360][  0]LogRHI:   GL_EXT_texture_sRGB_R8
03-30 13:51:47.360  4115  4154 D UE4     : [2022.03.30-12.51.47:360][  0]LogRHI:   GL_KHR_no_error
03-30 13:51:47.360  4115  4154 D UE4     : [2022.03.30-12.51.47:360][  0]LogRHI:   GL_EXT_debug_marker
03-30 13:51:47.360  4115  4154 D UE4     : [2022.03.30-12.51.47:360][  0]LogRHI:   GL_OES_EGL_image_external_essl3
03-30 13:51:47.360  4115  4154 D UE4     : [2022.03.30-12.51.47:360][  0]LogRHI:   GL_OVR_multiview_multisampled_render_to_texture
03-30 13:51:47.360  4115  4154 D UE4     : [2022.03.30-12.51.47:360][  0]LogRHI:   GL_EXT_buffer_storage
03-30 13:51:47.360  4115  4154 D UE4     : [2022.03.30-12.51.47:360][  0]LogRHI:   GL_EXT_external_buffer
03-30 13:51:47.360  4115  4154 D UE4     : [2022.03.30-12.51.47:360][  0]LogRHI:   GL_EXT_blit_framebuffer_params
03-30 13:51:47.360  4115  4154 D UE4     : [2022.03.30-12.51.47:360][  0]LogRHI:   GL_EXT_clip_cull_distance
03-30 13:51:47.360  4115  4154 D UE4     : [2022.03.30-12.51.47:360][  0]LogRHI:   GL_EXT_protected_textures
03-30 13:51:47.360  4115  4154 D UE4     : [2022.03.30-12.51.47:360][  0]LogRHI:   GL_EXT_shader_non_constant_global_initializers
03-30 13:51:47.360  4115  4154 D UE4     : [2022.03.30-12.51.47:360][  0]LogRHI:   GL_QCOM_texture_foveated
03-30 13:51:47.360  4115  4154 D UE4     : [2022.03.30-12.51.47:360][  0]LogRHI:   GL_QCOM_texture_foveated_subsampled_layout
03-30 13:51:47.360  4115  4154 D UE4     : [2022.03.30-12.51.47:360][  0]LogRHI:   GL_QCOM_shader_framebuffer_fetch_noncoherent
03-30 13:51:47.360  4115  4154 D UE4     : [2022.03.30-12.51.47:360][  0]LogRHI:   GL_QCOM_shader_framebuffer_fetch_rate
03-30 13:51:47.360  4115  4154 D UE4     : [2022.03.30-12.51.47:360][  0]LogRHI:   GL_EXT_memory_object
03-30 13:51:47.361  4115  4154 D UE4     : [2022.03.30-12.51.47:361][  0]LogRHI:   GL_EXT_memory_object_fd
03-30 13:51:47.361  4115  4154 D UE4     : [2022.03.30-12.51.47:361][  0]LogRHI:   GL_EXT_EGL_image_array
03-30 13:51:47.361  4115  4154 D UE4     : [2022.03.30-12.51.47:361][  0]LogRHI:   GL_NV_shader_noperspective_interpolation
03-30 13:51:47.361  4115  4154 D UE4     : [2022.03.30-12.51.47:361][  0]LogRHI:   GL_KHR_robust_buffer_access_behavior
03-30 13:51:47.361  4115  4154 D UE4     : [2022.03.30-12.51.47:361][  0]LogRHI:   GL_EXT_EGL_image_storage
03-30 13:51:47.361  4115  4154 D UE4     : [2022.03.30-12.51.47:361][  0]LogRHI:   GL_EXT_blend_func_extended
03-30 13:51:47.361  4115  4154 D UE4     : [2022.03.30-12.51.47:361][  0]LogRHI:   GL_EXT_clip_control
03-30 13:51:47.361  4115  4154 D UE4     : [2022.03.30-12.51.47:361][  0]LogRHI:   GL_OES_texture_view
03-30 13:51:47.361  4115  4154 D UE4     : [2022.03.30-12.51.47:361][  0]LogRHI:   GL_EXT_fragment_invocation_density
03-30 13:51:47.361  4115  4154 D UE4     : [2022.03.30-12.51.47:361][  0]LogRHI:   GL_QCOM_validate_shader_binary
03-30 13:51:47.361  4115  4154 D UE4     : [2022.03.30-12.51.47:361][  0]LogRHI:   GL_QCOM_YUV_texture_gather
03-30 13:51:47.361 12484 12484 I ContainerConfigurationPolicy: Bluetooth And NFC caller permission check
03-30 13:51:47.361 12484 12484 D ContainerConfigurationPolicy: current version : KNOX_ENTERPRISE_SDK_VERSION_3_8, Required version : KNOX_ENTERPRISE_SDK_VERSION_2_4
03-30 13:51:47.361  4115  4154 D UE4     : [2022.03.30-12.51.47:361][  0]LogRHI:   GL_MAX_VERTEX_ATTRIBS: 32
03-30 13:51:47.361  4115  4154 D UE4     : [2022.03.30-12.51.47:361][  0]LogRHI:   GL_MAX_VARYING_VECTORS: 31
03-30 13:51:47.361  4115  4154 D UE4     : [2022.03.30-12.51.47:361][  0]LogRHI:   GL_MAX_VERTEX_UNIFORM_VECTORS: 256
03-30 13:51:47.361  4115  4154 D UE4     : [2022.03.30-12.51.47:361][  0]LogRHI:   GL_MAX_FRAGMENT_UNIFORM_VECTORS: 256
03-30 13:51:47.362  4115  4154 D UE4     : [2022.03.30-12.51.47:362][  0]LogRHI:   GL_TEXTURE_BUFFER_OFFSET_ALIGNMENT: 64
03-30 13:51:47.362  4115  4154 D UE4     : [2022.03.30-12.51.47:362][  0]LogRHI:   GL_MAX_COMBINED_IMAGE_UNIFORMS: 20
03-30 13:51:47.362  4115  4154 D UE4     : [2022.03.30-12.51.47:362][  0]LogRHI:   GL_MAX_COMPUTE_IMAGE_UNIFORMS: 8
03-30 13:51:47.362  4115  4154 D UE4     : [2022.03.30-12.51.47:362][  0]LogRHI:   GL_MAX_FRAGMENT_IMAGE_UNIFORMS: 4
03-30 13:51:47.362  4115  4154 D UE4     : [2022.03.30-12.51.47:362][  0]LogRHI: Fragment shader lowp precision: 10
03-30 13:51:47.362  4115  4154 D UE4     : [2022.03.30-12.51.47:362][  0]LogRHI: Fragment shader mediump precision: 10
03-30 13:51:47.362  4115  4154 D UE4     : [2022.03.30-12.51.47:362][  0]LogRHI: Fragment shader highp precision: 23
03-30 13:51:47.362 30165 30165 E adbd    : failed to connect to socket 'tcp:6666': Connection refused
03-30 13:51:47.362  4115  4154 D UE4     : [2022.03.30-12.51.47:362][  0]LogRHI: Support for 4x MSAA detected
03-30 13:51:47.363  4115  4154 D UE4     : [2022.03.30-12.51.47:363][  0]LogRHI: Device supports mobile multi-view.
03-30 13:51:47.363 30299 30299 I Routine@Core[3.5.01.24]: SettingsWrapper: ultraPowerSavingMode: -1
03-30 13:51:47.363 30299 30299 I Routine@Core[3.5.01.24]: RoutineService: onStartCommand: com.samsung.android.rotine.ACTION_PACKAGE_CHANGED
03-30 13:51:47.363  4115  4154 D UE4     : [2022.03.30-12.51.47:363][  0]LogRHI: Image external enabled: ImageExternalESSL300
03-30 13:51:47.363  4115  4154 D UE4     : [2022.03.30-12.51.47:363][  0]LogRHI: Using QCOM_shader_framebuffer_fetch_noncoherent
03-30 13:51:47.363  1266 12620 D SEP_UNION_SemDeviceInfoManagerService: registerPendingIntentInternal() action = com.samsung.android.theme.themecenter.THEME_APPLY, callingPackage = com.samsung.android.app.routines, userId = 0, flag = 0, conditions = null 
03-30 13:51:47.363  4115  4154 D UE4     : [2022.03.30-12.51.47:363][  0]LogRHI:   GL_MAX_TEXTURE_SIZE: 16384
03-30 13:51:47.364  4115  4154 D UE4     : [2022.03.30-12.51.47:364][  0]LogRHI:   GL_MAX_CUBE_MAP_TEXTURE_SIZE: 16384
03-30 13:51:47.364  4115  4154 D UE4     : [2022.03.30-12.51.47:364][  0]LogRHI:   GL_MAX_ARRAY_TEXTURE_LAYERS: 2048
03-30 13:51:47.364  4115  4154 D UE4     : [2022.03.30-12.51.47:364][  0]LogRHI:   GL_MAX_3D_TEXTURE_SIZE: 2048
03-30 13:51:47.364  4115  4154 D UE4     : [2022.03.30-12.51.47:364][  0]LogRHI:   GL_MAX_RENDERBUFFER_SIZE: 16384
03-30 13:51:47.364  4115  4154 D UE4     : [2022.03.30-12.51.47:364][  0]LogRHI:   GL_MAX_TEXTURE_IMAGE_UNITS: 16
03-30 13:51:47.364  4115  4154 D UE4     : [2022.03.30-12.51.47:364][  0]LogRHI:   GL_MAX_DRAW_BUFFERS: 8
03-30 13:51:47.364  4115  4154 D UE4     : [2022.03.30-12.51.47:364][  0]LogRHI:   GL_MAX_COLOR_ATTACHMENTS: 8
03-30 13:51:47.364  1266 12620 D SEP_UNION_SemDeviceInfoManagerService: Same PendingIntent is in com.samsung.android.app.routines 
03-30 13:51:47.364  4115  4154 D UE4     : [2022.03.30-12.51.47:364][  0]LogRHI:   GL_MAX_SAMPLES: 4
03-30 13:51:47.364  4115  4154 D UE4     : [2022.03.30-12.51.47:364][  0]LogRHI:   GL_MAX_COLOR_TEXTURE_SAMPLES: 4
03-30 13:51:47.364  4115  4154 D UE4     : [2022.03.30-12.51.47:364][  0]LogRHI:   GL_MAX_DEPTH_TEXTURE_SAMPLES: 4
03-30 13:51:47.364  4115  4154 D UE4     : [2022.03.30-12.51.47:364][  0]LogRHI:   GL_MAX_INTEGER_SAMPLES: 1
03-30 13:51:47.364  1266 11040 D SemNscXgbMsL1: Probability - Cloud gaming: [0.008470809]
03-30 13:51:47.364  4115  4154 D UE4     : [2022.03.30-12.51.47:364][  0]LogRHI:   GL_MAX_COMBINED_TEXTURE_IMAGE_UNITS: 96
03-30 13:51:47.365  4115  4154 D UE4     : [2022.03.30-12.51.47:365][  0]LogRHI:   GL_MAX_VERTEX_ATTRIBS: 32
03-30 13:51:47.365  4115  4154 D UE4     : [2022.03.30-12.51.47:365][  0]LogRHI:   GL_MAX_COMPUTE_WORK_GROUP_INVOCATIONS: 1024
03-30 13:51:47.365  4115  4154 D UE4     : [2022.03.30-12.51.47:365][  0]LogRHI:   GL_MAX_COMPUTE_WORK_GROUP_SIZE: 0
03-30 13:51:47.365  4115  4154 D UE4     : [2022.03.30-12.51.47:365][  0]LogRHI:   GL_MAX_COMPUTE_WORK_GROUP_COUNT: 0
03-30 13:51:47.365  1266 11040 D SemNscXgbMsL1: Probability - Real time: [0.22288565]
03-30 13:51:47.365  4115  4154 D UE4     : [2022.03.30-12.51.47:365][  0]LogRHI:   GL_MAX_COMPUTE_SHARED_MEMORY_SIZE: 32768
03-30 13:51:47.365  4115  4154 D UE4     : [2022.03.30-12.51.47:365][  0]LogRHI:   GL_MAX_TEXTURE_MAX_ANISOTROPY_EXT: 16
03-30 13:51:47.365  4115  4154 D UE4     : [2022.03.30-12.51.47:365][  0]LogRHI: OpenGL MajorVersion = 3, MinorVersion = 1, ShaderPlatform = GLSL_ES3_1_ANDROID, FeatureLevel = ES3_1
03-30 13:51:47.365  4115  4154 D UE4     : [2022.03.30-12.51.47:365][  0]LogRHI: PLATFORM_ANDROID
03-30 13:51:47.365  1266 11040 D SemNscXgbMsL1: Probability - Non real time: [0.87168694]
03-30 13:51:47.365  4115  4154 D UE4     : [2022.03.30-12.51.47:365][  0]LogAndroid: Unlocking android HW window during preinit.
03-30 13:51:47.365  1266 11040 D SemNscXgbMsL1: 1 sample inference time: 0.950209 msecs
03-30 13:51:47.365  4115  4154 D UE4     : [2022.03.30-12.51.47:365][  0]LogRHI: Enabling program binary cache as /storage/emulated/0/Android/data/com.YourCompany.TestAndroid/files/ProgramBinaryCache/GLSL_ES3_1_ANDROID_7DC7BD38EA5912D310B81DBF0815440A6396FC64
03-30 13:51:47.365  4115  4154 D UE4     : [2022.03.30-12.51.47:365][  0]LogRHI: FOpenGLProgramBinaryCache will be initialized when ShaderPipelineCache opens its file
03-30 13:51:47.366  1266 11040 D SemNscXgbL2Rt: L2 RT 1 sample inference time: 1.198907 msecs
03-30 13:51:47.367  4115  4154 D UE4     : [2022.03.30-12.51.47:367][  0]LogRHI: Texture pool is 800 MB (of 0 MB total graphics mem)
03-30 13:51:47.367  1266 11040 D SemNscXgbL2Nrt: L2 NRT 1 sample inference time: 0.952291 msecs
03-30 13:51:47.368  1266  2854 I InputReader: Reconfiguring input devices, changes=KEYBOARD_LAYOUTS |  16
03-30 13:51:47.375   993   993 D Zygote  : Forked child process 4235
03-30 13:51:47.376  1266  1266 D DARUtil : Device owner status not updated yet...
03-30 13:51:47.376  1266  1266 D DARUtil : Not an enterprise user : 0
03-30 13:51:47.376  1266  1266 D DARUtil : Device owner status not updated yet...
03-30 13:51:47.376  1266  1266 D DARUtil : Not an enterprise user : 0
03-30 13:51:47.387  4115  4154 D UE4     : [2022.03.30-12.51.47:387][  0]LogRendererCore: Ray tracing is disabled. Reason: r.RayTracing=0.
03-30 13:51:47.390  4115  4154 D UE4     : [2022.03.30-12.51.47:390][  0]LogShaderLibrary: Display: Using ../../../TestAndroid/Content/ShaderArchive-Global-GLSL_ES3_1_ANDROID.ushaderbytecode for material shader code. Total 542 unique shaders.
03-30 13:51:47.390  4115  4154 D UE4     : [2022.03.30-12.51.47:390][  0]LogShaderLibrary: Display: Cooked Context: Using Shared Shader Library Global
03-30 13:51:47.399 12484 12484 D NfcKnoxUtil: NFC enabled ? true
03-30 13:51:47.399  1266  1266 I Telecom : DefaultDialerCache: Refreshing default dialer for user 0: now com.samsung.android.dialer: DDC.oR@MEE
03-30 13:51:47.399  1266  1266 I Telecom : DefaultDialerCache: Refreshing default dialer for user 150: now null: DDC.oR@MEE
03-30 13:51:47.401 12484 12484 I NfcKnoxUtil: allow NFC for 150
03-30 13:51:47.402  1266 11191 W Looper  : Drained
03-30 13:51:47.404  1266  1976 W ActivityManager: Slow operation: 51ms so far, now at startProcess: done updating battery stats
03-30 13:51:47.404  1266  1976 W ActivityManager: Slow operation: 51ms so far, now at startProcess: building log message
03-30 13:51:47.404  1266  1976 I ActivityManager: Start proc 4235:com.samsung.android.app.galaxyfinder:appservice/u0a83 for service {com.samsung.android.app.galaxyfinder/com.samsung.android.app.galaxyfinder.acceleration.AppCoreService}
03-30 13:51:47.404  1266  1976 W ActivityManager: Slow operation: 51ms so far, now at startProcess: starting to update pids map
03-30 13:51:47.404  1266  1976 W ActivityManager: Slow operation: 52ms so far, now at startProcess: done updating pids map
03-30 13:51:47.404 30299 30299 I Routine@Core[3.5.01.24]: RoutineService: onDestroy
03-30 13:51:47.409 28057 28073 I PermissionControllerServiceImpl: Updating user sensitive for uid 10313
03-30 13:51:47.409  1266  1266 D ApplicationPolicy: No updatable permission to DENY found for com.justeat.app.uk(0)
03-30 13:51:47.411  2242  2242 I MobileServiceApplication: onTrimMemory:80
03-30 13:51:47.413  1135  1436 D AF::TrackHandle: OpPlayAudio: track:1122 usage:2 not muted
03-30 13:51:47.422  1135  1436 D AF::TrackHandle: OpPlayAudio: track:1122 usage:2 not muted
03-30 13:51:47.422  1135  1436 D AF::TrackHandle: OpPlayAudio: track:1122 usage:2 not muted
03-30 13:51:47.422  1135  1436 D AF::TrackHandle: OpPlayAudio: track:1122 usage:2 not muted
03-30 13:51:47.423  1135  1436 D AF::TrackHandle: OpPlayAudio: track:1122 usage:2 not muted
03-30 13:51:47.441  4115  4154 D UE4     : [2022.03.30-12.51.47:441][  0]LogTemp: Warning: Clearing the OS Cache
03-30 13:51:47.452  1266  1287 I system_server: Background young concurrent copying GC freed 341776(17MB) AllocSpace objects, 112(2940KB) LOS objects, 11% free, 109MB/124MB, paused 257us,1.560ms total 162.524ms
03-30 13:51:47.462  1266  1266 D ApplicationPolicy: No updatable permission to GRANT found for com.justeat.app.uk(0)
03-30 13:51:47.491 17133  6836 I BluetoothAdapter: STATE_ON
03-30 13:51:47.497 17133  4040 I Fitness : OnPackageChangedOperation got intent: Intent { act=android.intent.action.PACKAGE_CHANGED dat=package:com.justeat.app.uk flg=0x45000010 pkg=com.google.android.gms cmp=com.google.android.gms/.chimera.PersistentIntentOperationService (has extras) } [CONTEXT service_id=17 ]
03-30 13:51:47.501  4235  4235 E nder:appservic: Not starting debugger since process cannot load the jdwp agent.
03-30 13:51:47.503  4235  4235 E USNET   : USNET: appName: com.samsung.android.app.galaxyfinder:appservice
03-30 13:51:47.504  4235  4235 D ProcessState: Binder ioctl to enable oneway spam detection failed: Invalid argument
03-30 13:51:47.506  4235  4235 D ActivityThread: setConscryptValidator
03-30 13:51:47.506  4235  4235 D ActivityThread: setConscryptValidator - put
03-30 13:51:47.512  1266 17300 D CompatibilityChangeReporter: Compat change id reported: 168419799; UID 10083; state: DISABLED
03-30 13:51:47.513  1266 17300 I ActivityManager: DSS OFF for com.samsung.android.app.galaxyfinder
