03-29 19:24:07.278  1067 10731 D ACDB-LOADER: ACDB -> AUDIO_SET_AUDPROC_CAL cal_type[11] acdb_id[102] app_type[69938]
03-29 19:24:07.278  1067 10731 D ACDB-LOADER: ACDB -> ACDB_CMD_GET_PERSISTENT_AUDPROC_INSTANCE_COMMON_TABLE_SIZE
03-29 19:24:07.278  1067 10731 D android.hardware.audio.service: [Data Manager]-> No data found
03-29 19:24:07.278  1067 10731 D ACDB-LOADER: Error: ACDB_CMD_GET_PERSISTENT_AUDPROC_INSTANCE_COMMON_TABLE_SIZE returned -18
03-29 19:24:07.278 22908 22908 I BWU@AecWakeupService: Ph_VoiceWakeup isn't supported when media is played. [main] 
03-29 19:24:07.278  1067 10731 D ACDB-LOADER: ACDB -> send_audproc_persist_table -18 
03-29 19:24:07.278  1067 10731 D ACDB-LOADER: Error: Invalid Audproc persist size = -18
03-29 19:24:07.278  1067 10731 D ACDB-LOADER: ACDB -> ACDB_CMD_GET_AUDPROC_INSTANCE_STREAM_TABLE_SIZE
03-29 19:24:07.278  1067 10731 D ACDB-LOADER: ACDB -> send_audstrmtable
03-29 19:24:07.278  1067 10731 D ACDB-LOADER: ACDB -> ACDB_CMD_GET_AUDPROC_INSTANCE_STREAM_TABLE
03-29 19:24:07.278  1067 10731 D ACDB-LOADER: ACDB -> audstrm_cal->cal_type.cal_data.cal_size = 20
03-29 19:24:07.278  1067 10731 D ACDB-LOADER: ACDB -> send_afe_topology
03-29 19:24:07.278  1067 10731 D ACDB-LOADER: ACDB -> ACDB_CMD_GET_AFE_TOPOLOGY_ID
03-29 19:24:07.278  1067 10731 D ACDB-LOADER: ACDB -> GET_AFE_TOPOLOGY_ID for adcd_id 102, Topology Id 1000fd01
03-29 19:24:07.278  1067 10731 D ACDB-LOADER: ACDB -> send_afe_cal
03-29 19:24:07.278  1067 10731 D ACDB-LOADER: ACDB -> ACDB_CMD_GET_AFE_INSTANCE_COMMON_TABLE_SIZE
03-29 19:24:07.278  1067 10731 D ACDB-LOADER: ACDB -> ACDB_CMD_GET_AFE_INSTANCE_COMMON_TABLE
03-29 19:24:07.278  1067 10731 D ACDB-LOADER: ACDB -> AUDIO_SET_AFE_CAL cal_type[17] acdb_id[102]
03-29 19:24:07.278  1067 10731 D ACDB-LOADER: ACDB -> send_hw_delay : acdb_id = 102 path = 1
03-29 19:24:07.278  1067 10731 D ACDB-LOADER: ACDB -> ACDB_AVSYNC_INFO: ACDB_CMD_GET_DEVICE_PROPERTY
03-29 19:24:07.279  1067 10731 D audio_hw_primary: enable_audio_route: apply mixer and update path: spkr-vi-record
03-29 19:24:07.279  1067 10731 D audio_route: Apply path: spkr-vi-record
03-29 19:24:07.279  1266 10951 D AS.SoundAliveHelper: notify dvfs state : 2, screen : true
03-29 19:24:07.280  1067 10731 V tas_spk_prot: Using PCM device 1
03-29 19:24:07.283  1067 13741 V sec_audio_hw: sec_stream_set_parameters(13:0) : l_dual_speaker_amp_left_power_enable=true
03-29 19:24:07.283  1067 13741 D audio_hw_primary: out_set_parameters: enter: usecase(1: primary-playback) kvpairs: l_dual_speaker_amp_left_power_enable=true
03-29 19:24:07.287  1266 10951 D CompatibilityChangeReporter: Compat change id reported: 135634846; UID 10137; state: DISABLED
03-29 19:24:07.287  1266 10951 D CompatibilityChangeReporter: Compat change id reported: 177438394; UID 10137; state: DISABLED
03-29 19:24:07.287  1266 10951 D CompatibilityChangeReporter: Compat change id reported: 135772972; UID 10137; state: DISABLED
03-29 19:24:07.287  1266 10951 D CompatibilityChangeReporter: Compat change id reported: 135754954; UID 10137; state: ENABLED
03-29 19:24:07.288  1266  1976 D CompatibilityChangeReporter: Compat change id reported: 143937733; UID 10137; state: ENABLED
03-29 19:24:07.289  1266 10951 W ContentProviderHelper: wait for provider publish: waiters=0 callerApp=ProcessRecord{9b1a75 1266:system/1000} cpr=ContentProviderRecord{3cb0050 u0 com.sec.android.app.soundalive/.compatibility.SAContentProvider}
03-29 19:24:07.304  1067 10731 V tas_spk_prot: Feedback Enabled Successfully
03-29 19:24:07.304  1067 10731 D audio_hw_primary: enable_snd_device: snd_device(2: dual-speaker)
03-29 19:24:07.304  1067 10731 D sm7225_platform: platform_get_island_cfg_on_device:island cfg status on snd_device = (speaker 0)
03-29 19:24:07.304  1067 10731 I soundtrigger: audio_extn_sound_trigger_update_device_status: device 0x2 of type 0 for Event 1, with Raise=0
03-29 19:24:07.304   993   993 D Zygote  : Forked child process 6761
03-29 19:24:07.304  1067 10731 D audio_route: Apply path: dual-speaker
03-29 19:24:07.306  1266  1976 I ActivityManager: Start proc 6761:com.sec.android.app.soundalive/u0a137 for content provider {com.sec.android.app.soundalive/com.sec.android.app.soundalive.compatibility.SAContentProvider}
03-29 19:24:07.316  1067 10731 I audio_hw_utils: set_app_type_cfg app_type_cfg->app_type 69937, app_type_cfg->sample_rate 48000, app_type_cfg->bit_width 16
03-29 19:24:07.316  1067 10731 E soundtrigger: audio_extn_sound_trigger_update_stream_status: invalid input device 0x0, for event 3
03-29 19:24:07.316  1067 10731 D soundtrigger: audio_extn_sound_trigger_update_stream_status: uc_info->id 2 of type 0 for Event 3, with Raise=0
03-29 19:24:07.316  1067 10731 D audio_hw_utils: audio_extn_utils_send_app_type_cfg: usecase->out_snd_device speaker
03-29 19:24:07.316  1067 10731 D sm7225_platform: platform_split_snd_device: snd_device(2) num devices(0) new_snd_devices(0)
03-29 19:24:07.316  1067 10731 I audio_hw_utils: send_app_type_cfg_for_device PLAYBACK app_type 69937, acdb_dev_id 13, sample_rate 48000, snd_device_be_idx 52
03-29 19:24:07.317  1067 10731 D sm7225_platform: platform_split_snd_device: snd_device(2) num devices(1) new_snd_devices(0)
03-29 19:24:07.317  1067 10731 D ACDB-LOADER: ACDB -> send_audio_cal, acdb_id = 13, path = 0, app id = 0x11131, sample rate = 48000, afe_sample_rate = 48000
03-29 19:24:07.317  1067 10731 D ACDB-LOADER: ACDB -> send_asm_topology
03-29 19:24:07.317  1067 10731 D ACDB-LOADER: ACDB -> ACDB_CMD_GET_AUDPROC_STREAM_TOPOLOGY_ID
03-29 19:24:07.317  1067 10731 D ACDB-LOADER: ACDB -> send_adm_topology
03-29 19:24:07.317  1067 10731 D ACDB-LOADER: ACDB -> ACDB_CMD_GET_AUDPROC_COMMON_TOPOLOGY_ID
03-29 19:24:07.317  1067 10731 D ACDB-LOADER: ACDB -> send_audtable
03-29 19:24:07.317  1067 10731 D ACDB-LOADER: ACDB -> ACDB_CMD_GET_AUDPROC_INSTANCE_COMMON_TABLE_SIZE
03-29 19:24:07.317  1067 10731 D ACDB-LOADER: ACDB -> ACDB_CMD_GET_AUDPROC_INSTANCE_COMMON_TABLE
03-29 19:24:07.317  1067 10731 D ACDB-LOADER: ACDB -> AUDIO_SET_AUDPROC_CAL cal_type[11] acdb_id[13] app_type[69937]
03-29 19:24:07.318  1067 10731 D ACDB-LOADER: ACDB -> send_audvoltable
03-29 19:24:07.318  1067 10731 D ACDB-LOADER: ACDB -> ACDB_CMD_GET_AUDPROC_INSTANCE_GAIN_DEP_STEP_TABLE_SIZE
03-29 19:24:07.318  1067 10731 D android.hardware.audio.service: Failed to fetch the lookup information of the device 0000000D 
03-29 19:24:07.318  1067 10731 D ACDB-LOADER: Error: ACDB_CMD_GET_AUDPROC_INSTANCE_GAIN_DEP_STEP_TABLE_SIZE Returned = -19
03-29 19:24:07.318  1067 10731 D ACDB-LOADER: ACDB -> ACDB_CMD_GET_AUDPROC_INSTANCE_GAIN_DEP_STEP_TABLE, vol index 0
03-29 19:24:07.318  1067 10731 D android.hardware.audio.service: Failed to fetch the lookup information of the device 0000000D 
03-29 19:24:07.318  1067 10731 D ACDB-LOADER: Error: ACDB AudProc vol returned = -19
03-29 19:24:07.318  1067 10731 D ACDB-LOADER: ACDB -> AUDIO_SET_VOL_CAL cal type = 12
03-29 19:24:07.318  1067 10731 D ACDB-LOADER: ACDB -> ACDB_CMD_GET_AUDPROC_INSTANCE_STREAM_TABLE_SIZE
03-29 19:24:07.318  1067 10731 D ACDB-LOADER: ACDB -> send_audstrmtable
03-29 19:24:07.318  1067 10731 D ACDB-LOADER: ACDB -> ACDB_CMD_GET_AUDPROC_INSTANCE_STREAM_TABLE
03-29 19:24:07.318  1067 10731 D ACDB-LOADER: ACDB -> audstrm_cal->cal_type.cal_data.cal_size = 20
03-29 19:24:07.318  1067 10731 D ACDB-LOADER: ACDB -> send_afe_topology
03-29 19:24:07.318  1067 10731 D ACDB-LOADER: ACDB -> ACDB_CMD_GET_AFE_TOPOLOGY_ID
03-29 19:24:07.318  1067 10731 D ACDB-LOADER: ACDB -> GET_AFE_TOPOLOGY_ID for adcd_id 13, Topology Id 1000fc01
03-29 19:24:07.318  1067 10731 D ACDB-LOADER: ACDB -> send_afe_cal
03-29 19:24:07.318  1067 10731 D ACDB-LOADER: ACDB -> ACDB_CMD_GET_AFE_INSTANCE_COMMON_TABLE_SIZE
03-29 19:24:07.318  1067 10731 D ACDB-LOADER: ACDB -> ACDB_CMD_GET_AFE_INSTANCE_COMMON_TABLE
03-29 19:24:07.318  1067 10731 D ACDB-LOADER: ACDB -> AUDIO_SET_AFE_CAL cal_type[16] acdb_id[13]
03-29 19:24:07.318  1067 10731 D ACDB-LOADER: ACDB -> send_hw_delay : acdb_id = 13 path = 0
03-29 19:24:07.318  1067 10731 D ACDB-LOADER: ACDB -> ACDB_AVSYNC_INFO: ACDB_CMD_GET_DEVICE_PROPERTY
03-29 19:24:07.318  1067 10731 D sm7225_platform: platform_split_snd_device: snd_device(2) num devices(0) new_snd_devices(0)
03-29 19:24:07.318  1067 10731 I sm7225_platform: platform_get_custom_mtmx_params: no matching param with id 0 ip_ch 2 op_ch 2 uc_id 2 snd_dev 2
03-29 19:24:07.318  1067 10731 D audio_hw_primary: enable_audio_route: apply mixer and update path: low-latency-playback speaker
03-29 19:24:07.318  1067 10731 D audio_route: Apply path: low-latency-playback speaker
03-29 19:24:07.320  1067 10731 D audio_hw_primary: select_devices: done
03-29 19:24:07.352  6761  6761 E .app.soundaliv: Not starting debugger since process cannot load the jdwp agent.
03-29 19:24:07.354  6761  6761 E USNET   : USNET: appName: com.sec.android.app.soundalive
03-29 19:24:07.355  6761  6761 D ProcessState: Binder ioctl to enable oneway spam detection failed: Invalid argument
03-29 19:24:07.357  6761  6761 D ActivityThread: setConscryptValidator
03-29 19:24:07.357  6761  6761 D ActivityThread: setConscryptValidator - put
03-29 19:24:07.360  1266  2902 D CompatibilityChangeReporter: Compat change id reported: 168419799; UID 10137; state: DISABLED
03-29 19:24:07.361  1266  2902 I ActivityManager: DSS OFF for com.sec.android.app.soundalive
03-29 19:24:07.369  1266  2902 D ActivityManager: attachApplicationLocked() app=ProcessRecord{ea83613 6761:com.sec.android.app.soundalive/u0a137} app.isolatedEntryPoint=null instr2=null
03-29 19:24:07.373  1266  1931 D NetworkPolicy: onUidStateChanged() uid: 10137, isForeground(false, 6)
03-29 19:24:07.378  6761  6761 D ActivityThread: handleBindApplication()++ app=com.sec.android.app.soundalive
03-29 19:24:07.379  6761  6761 D CompatibilityChangeReporter: Compat change id reported: 171979766; UID 10137; state: DISABLED
03-29 19:24:07.404  1266 11040 D SemNscXgbMsL1: Probability - Cloud gaming: [0.006062215]
03-29 19:24:07.404  1266 11040 D SemNscXgbMsL1: Probability - Real time: [0.26746175]
03-29 19:24:07.404  1266 11040 D SemNscXgbMsL1: Probability - Non real time: [0.8991819]
03-29 19:24:07.404  1266 11040 D SemNscXgbMsL1: 1 sample inference time: 1.069895 msecs
03-29 19:24:07.406  1266 11040 D SemNscXgbL2Rt: L2 RT 1 sample inference time: 1.452552 msecs
03-29 19:24:07.407  1266 11040 D SemNscXgbL2Nrt: L2 NRT 1 sample inference time: 1.225469 msecs
03-29 19:24:07.410  1067 10731 D sm7225_platform: platform_set_channel_map mixer_ctl_name:Playback Channel Map9
03-29 19:24:07.410  1067 10731 D sm7225_platform: platform_set_channel_map: set mapping(1 2 0 0 0 0 0 0) for channel:2
03-29 19:24:07.411  1067 10731 D audio_hw_primary: start_output_stream: exit
03-29 19:24:07.411  1067 10731 D audio_hw_sec: sec_set_soundbooster_rotation: SB rotation set 1, 0
03-29 19:24:07.411  1067 13741 D audio_hw_sec: sec_set_speaker_amp_control: disabling upper-spk-amp-mute
03-29 19:24:07.412  1067 10731 D audio_hw_sec: sec_set_soundbooster_flatmotion: SB flatmotion set 1
03-29 19:24:07.412  1067 10731 V audio_hw_sec: sec_set_mixer_value_int set SB flatmotion as 1
03-29 19:24:07.414  1067 13741 D audio_hw_primary: out_set_parameters: usecase(primary-playback) new controller/stream (0/0)
03-29 19:24:07.414  1067 13741 D audio_hw_extn: audio_extn_fm_set_parameters: Enter
03-29 19:24:07.414  6620  6661 D UE4     : [2022.03.29-18.24.07:414][  0]LogInit: FAudioDevice initialized.
03-29 19:24:07.415  1135  2016 I FastMixer: updateStageIndex F-29002
03-29 19:24:07.417  6620  6661 D UE4     : [2022.03.29-18.24.07:417][  0]LogNetVersion: Set ProjectVersion to 1.0.0.0. Version Checksum will be recalculated on next use.
03-29 19:24:07.417  6620  6661 D UE4     : [2022.03.29-18.24.07:417][  0]LogInit: Texture streaming: Enabled
03-29 19:24:07.435  1135  2025 D AudioFlinger: mixer(0xb400007779cd4910) Spend too much time to write: delta 159(effect 0, stage 0)
03-29 19:24:07.448  6761  6761 I CapsuleProvider_1.0.21: onCreate
03-29 19:24:07.448  6761  6761 I RoutineActionProvider: onCreate() : application context is null, so use context of this
03-29 19:24:07.453  6761  6761 I SoundAliveApplication: onCreate()
03-29 19:24:07.453  6761  6776 I SAContentProvider:  getType() : screen on is true
03-29 19:24:07.454  6761  6761 I PreferencesManager: getInstance() : user unlocked is true
03-29 19:24:07.455  6761  6761 I PreferencesManager: getInstance() : preferences is moved to decrypted storage
03-29 19:24:07.455  6761  6761 I PreferencesManager: PreferencesManager() : user unlocked is true
03-29 19:24:07.456  6761  6761 I PreferencesManager: create() : preferences manager has created successfully
03-29 19:24:07.458  1266 10951 W AS.AudioExecutor: Slow 179 in com.android.server.audio.AudioService.handleCustomMessage:11975
03-29 19:24:07.459  1135 23452 V APM_AudioPolicyManager: listAudioPorts() role 0 type 0 num_ports 0 ports 0xb4000074f0968750
03-29 19:24:07.459  1135 23452 V APM_AudioPolicyManager: listAudioPorts() got 0 ports needed 12
03-29 19:24:07.459  1135 23452 V APM_AudioPolicyManager: listAudioPorts() role 0 type 0 num_ports 12 ports 0xb40000777a406a80
03-29 19:24:07.459  1135 23452 V APM_AudioPolicyManager: listAudioPorts() got 12 ports needed 12
03-29 19:24:07.463  6761  6761 I FeatureManager: FeatureManager() : soundalive features are eq_custom,uhq_onoff,adapt,spk_stereo,karaoke,dvfs_700000
03-29 19:24:07.463  6761  6761 I FeatureManager: FeatureManager() : country code is Romania
03-29 19:24:07.463  6761  6761 I FeatureManager: FeatureManager() : product is a52xqnaeea, model is SM-A526B
03-29 19:24:07.464  6761  6761 I AudioPathManager: isAudioPathChanged() : saved path is speaker (0), current path is speaker (0)
03-29 19:24:07.465  6761  6761 I SoundAssistantManager: sound assistant is not installed, android.content.pm.PackageManager$NameNotFoundException: com.samsung.android.soundassistant
03-29 19:24:07.466  6761  6761 I SoundAssistantManager: sound assistant is not installed, android.content.pm.PackageManager$NameNotFoundException: com.samsung.android.soundassistant
03-29 19:24:07.471 17063 30929 I MediaProvider: Deleted 1 0 0 0 0 0 0 items on external_primary due to com.YourCompany.TestAndroid
03-29 19:24:07.474  1266 11048 D SemWifiSwitchForIndividualAppsService: isSkipNetworkCondition - result:2
03-29 19:24:07.490  1266  2902 D SamsungAlarmManager: Cancel Alarm calling from uid:10244 pid :13837 / OP:PendingIntent{f702a05: PendingIntentRecord{5cb4521 com.google.android.gms/com.google.android.gms.gcm broadcastIntent}}
03-29 19:24:07.490 17063 20957 W MediaProvider: isAppCloneUserPair for user 0: false
03-29 19:24:07.492  1266  2902 V SamsungAlarmManager: setLocked to kernel - W:146201216 / NW:146171710, now=146167609
03-29 19:24:07.508  1135 23452 I AudioSASecPlus: setGlobalEffectInfo changed mContentType = 1, mGlobalSAPlus = 0, mGlobalTubeAmp = 0, mGlobalConcertHall = 0 , mGlobalAudioHDR = 0
03-29 19:24:07.508  1067 13741 I AudioSASecPlus: setGlobalEffectInfo changed mContentType = 1, mGlobalSAPlus = 0, mGlobalTubeAmp = 0, mGlobalConcertHall = 0 , mGlobalAudioHDR = 0
03-29 19:24:07.509  1135 23452 I AudioSASecPlus: setGlobalEffectInfo changed mContentType = 1, mGlobalSAPlus = 0, mGlobalTubeAmp = 0, mGlobalConcertHall = 0 , mGlobalAudioHDR = 0
03-29 19:24:07.509  1135 23452 I AudioSASecPlus: setGlobalEffectInfo changed mContentType = 1, mGlobalSAPlus = 0, mGlobalTubeAmp = 0, mGlobalConcertHall = 0 , mGlobalAudioHDR = 0
03-29 19:24:07.509  1135 23452 I AudioSASecPlus: setGlobalEffectInfo changed mContentType = 1, mGlobalSAPlus = 0, mGlobalTubeAmp = 0, mGlobalConcertHall = 0 , mGlobalAudioHDR = 0
03-29 19:24:07.509  1135 23452 I AudioSASecPlus: setGlobalEffectInfo changed mContentType = 1, mGlobalSAPlus = 0, mGlobalTubeAmp = 0, mGlobalConcertHall = 0 , mGlobalAudioHDR = 0
03-29 19:24:07.509  1135 23452 I AudioSASecPlus: setGlobalEffectInfo changed mContentType = 1, mGlobalSAPlus = 0, mGlobalTubeAmp = 0, mGlobalConcertHall = 0 , mGlobalAudioHDR = 0
03-29 19:24:07.509  6761  6761 I CapsuleProvider_1.0.21: releasing initialize wait lock.
03-29 19:24:07.511  6620  6661 D UE4     : [2022.03.29-18.24.07:511][  0]LogAudio: Display: Audio Device (ID: 1) registered with world 'Untitled'.
03-29 19:24:07.513  6620  6661 D UE4     : [2022.03.29-18.24.07:513][  0]LogSlate: Updating window title bar state: overlay mode, drag disabled, window buttons hidden, title bar hidden
03-29 19:24:07.515  6620  6661 D UE4     : [2022.03.29-18.24.07:515][  0]LogInit: Display: Game Engine Initialized.
03-29 19:24:07.516  1266  2902 D CompatibilityChangeReporter: Compat change id reported: 135634846; UID 10085; state: DISABLED
03-29 19:24:07.516  1266  2902 D CompatibilityChangeReporter: Compat change id reported: 177438394; UID 10085; state: DISABLED
03-29 19:24:07.516  1266  2902 D CompatibilityChangeReporter: Compat change id reported: 135772972; UID 10085; state: DISABLED
03-29 19:24:07.516  1266  2902 D CompatibilityChangeReporter: Compat change id reported: 135754954; UID 10085; state: ENABLED
03-29 19:24:07.516  1266  1976 D CompatibilityChangeReporter: Compat change id reported: 143937733; UID 10085; state: ENABLED
03-29 19:24:07.517  6761  6761 I GameManager: createServiceConnection() : binding game service is true
03-29 19:24:07.518  6620  6661 D UE4     : [2022.03.29-18.24.07:518][  0]LogInit: Display: Starting Game.
03-29 19:24:07.518  6620  6661 D UE4     : [2022.03.29-18.24.07:518][  0]LogNet: Browse: /Game/2DSideScrollerBP/Maps/Main_Level?Name=Player
03-29 19:24:07.519  6620  6661 D UE4     : [2022.03.29-18.24.07:519][  0]LogLoad: LoadMap: /Game/2DSideScrollerBP/Maps/Main_Level?Name=Player
03-29 19:24:07.519  6620  6661 D UE4     : [2022.03.29-18.24.07:519][  0]LogWorld: BeginTearingDown for /Temp/Untitled_0
03-29 19:24:07.525  6620  6661 D UE4     : [2022.03.29-18.24.07:525][  0]LogWorld: UWorld::CleanupWorld for Untitled, bSessionEnded=true, bCleanupResources=true
03-29 19:24:07.525  6620  6661 D UE4     : [2022.03.29-18.24.07:525][  0]LogSlate: InvalidateAllWidgets triggered.  All widgets were invalidated
03-29 19:24:07.533   993   993 D Zygote  : Forked child process 6785
03-29 19:24:07.534  1266  1976 I ActivityManager: Start proc 6785:com.samsung.android.game.gos/u0a85 for service {com.samsung.android.game.gos/com.samsung.android.game.gos.endpoint.GosService}
03-29 19:24:07.535  1266  2902 D SamsungAlarmManager: setInexact (T:3/F:0/AC:false) 20220329T193943 now=146167651 - CU:10244/CP:13837/OP:PendingIntent{fcbae67: PendingIntentRecord{5cb4521 com.google.android.gms/com.google.android.gms.gcm broadcastIntent}}
03-29 19:24:07.535  1266  2902 V SamsungAlarmManager: setLocked to kernel - W:146201216 / NW:146171710, now=146167651
03-29 19:24:07.537  6620  6661 D UE4     : [2022.03.29-18.24.07:537][  0]LogAudio: Display: Audio Device unregistered from world 'None'.
03-29 19:24:07.547 13837  5861 I NetworkScheduler.Stats: Task com.google.android.gms/com.google.android.gms.ipa.base.IpaGcmTaskService started execution. cause:9 exec_start_elapsed_seconds: 146167 [CONTEXT service_id=218 ]
03-29 19:24:07.550  1266 12808 D SamsungAlarmManager: Cancel Alarm calling from uid:10244 pid :13837 / OP:PendingIntent{6daca03: PendingIntentRecord{5cb4521 com.google.android.gms/com.google.android.gms.gcm broadcastIntent}}
03-29 19:24:07.550  1266 12808 V SamsungAlarmManager: setLocked to kernel - W:146201216 / NW:146171710, now=146167666
03-29 19:24:07.558  1266  2902 D SamsungAlarmManager: setInexact (T:3/F:0/AC:false) 20220329T193943 now=146167675 - CU:10244/CP:13837/OP:PendingIntent{d04bfb9: PendingIntentRecord{5cb4521 com.google.android.gms/com.google.android.gms.gcm broadcastIntent}}
03-29 19:24:07.559  1266  2902 V SamsungAlarmManager: setLocked to kernel - W:146201216 / NW:146171710, now=146167675
03-29 19:24:07.560  6620  6661 D UE4     : [2022.03.29-18.24.07:560][  0]LogUObjectHash: Compacting FUObjectHashTables data took   2.11ms
03-29 19:24:07.566 13837  5862 I NetworkScheduler.Stats: Task com.google.android.gms/com.google.android.gms.ipa.base.IpaGcmTaskService finished executing. cause:9 result: 1 elapsed_millis: 46 uptime_millis: 46 exec_start_elapsed_seconds: 146167 [CONTEXT service_id=218 ]
03-29 19:24:07.585  6785  6785 E ndroid.game.go: Not starting debugger since process cannot load the jdwp agent.
03-29 19:24:07.587  6785  6785 E USNET   : USNET: appName: com.samsung.android.game.gos
03-29 19:24:07.588  6785  6785 D ProcessState: Binder ioctl to enable oneway spam detection failed: Invalid argument
03-29 19:24:07.593  6785  6785 D ActivityThread: setConscryptValidator
03-29 19:24:07.593  6785  6785 D ActivityThread: setConscryptValidator - put
03-29 19:24:07.599  1266 12808 I ActivityManager: DSS OFF for com.samsung.android.game.gos
03-29 19:24:07.608  1266 12808 D ActivityManager: attachApplicationLocked() app=ProcessRecord{49e8968 6785:com.samsung.android.game.gos/u0a85} app.isolatedEntryPoint=null instr2=null
03-29 19:24:07.614  1266  1931 D NetworkPolicy: onUidStateChanged() uid: 10085, isForeground(false, 10)
03-29 19:24:07.617  6785  6785 D ActivityThread: handleBindApplication()++ app=com.samsung.android.game.gos
03-29 19:24:07.618  6785  6785 D CompatibilityChangeReporter: Compat change id reported: 171979766; UID 10085; state: DISABLED
03-29 19:24:07.626  1266  2902 D SamsungAlarmManager: Cancel Alarm calling from uid:10244 pid :13837 / OP:PendingIntent{6e1767b: PendingIntentRecord{5cb4521 com.google.android.gms/com.google.android.gms.gcm broadcastIntent}}
03-29 19:24:07.626  1266  2902 V SamsungAlarmManager: setLocked to kernel - W:146201216 / NW:146171710, now=146167742
03-29 19:24:07.640  1266 12808 D SamsungAlarmManager: setInexact (T:3/F:0/AC:false) 20220329T193943 now=146167756 - CU:10244/CP:13837/OP:PendingIntent{e3b1c98: PendingIntentRecord{5cb4521 com.google.android.gms/com.google.android.gms.gcm broadcastIntent}}
03-29 19:24:07.640  1266 12808 V SamsungAlarmManager: setLocked to kernel - W:146201216 / NW:146171710, now=146167756
03-29 19:24:07.704  1266  2199 D SGM:GameManager: identifyGamePackage. com.YourCompany.TestAndroid, mCurrentUserId: 0, callerUserId: 0, callingMethodInfo: com.android.server.ssrm.SortingMachine.isGame(SortingMachine.java:162)
03-29 19:24:07.704  1266  2199 D SGM:PkgDataHelper: getGamePkgData(). com.YourCompany.TestAndroid
03-29 19:24:07.717  6620  6661 D UE4     : [2022.03.29-18.24.07:717][  0]LogAudio: Display: Audio Device (ID: 1) registered with world 'Main_Level'.
03-29 19:24:07.719  6620  6661 D UE4     : [2022.03.29-18.24.07:719][  0]LogAIModule: Creating AISystem for world Main_Level
03-29 19:24:07.719  6620  6661 D UE4     : [2022.03.29-18.24.07:719][  0]LogLoad: Game class is '2DSideScrollerGameMode_C'
03-29 19:24:07.725  6620  6661 D UE4     : [2022.03.29-18.24.07:725][  0]LogWorld: Bringing World /Game/2DSideScrollerBP/Maps/Main_Level.Main_Level up for play (max tick rate 0) at 2022.03.29-19.24.07
03-29 19:24:07.726  6620  6661 D UE4     : [2022.03.29-18.24.07:726][  0]LogWorld: Bringing up level for play took: 0.004140
03-29 19:24:07.729  6620  6661 D UE4     : [2022.03.29-18.24.07:729][  0]LogOnline: OSS: Creating online subsystem instance for: GooglePlay
03-29 19:24:07.729  6620  6661 D UE4     : [2022.03.29-18.24.07:729][  0]LogOnline: Warning: OSS: FOnlineSubsystemGooglePlayModule was disabled
03-29 19:24:07.751  6620  6661 D UE4     : [2022.03.29-18.24.07:751][  0]LogLoad: Took 0.231499 seconds to LoadMap(/Game/2DSideScrollerBP/Maps/Main_Level)
03-29 19:24:07.757  6620  6661 D UE4     : [2022.03.29-18.24.07:757][  0]LogSlate: Took 0.004340 seconds to synchronously load lazily loaded font '../../../Engine/Content/EngineFonts/Faces/RobotoBold.ufont' (160K)
03-29 19:24:07.759  6620  6661 D UE4     : [2022.03.29-18.24.07:759][  0]LogStreaming: Warning: Failed to read file '../../../TestAndroid/Saved/SaveGames/HighscoreData.sav' error.
03-29 19:24:07.769  1266 11052 D WifiConnectivityMonitor.NetworkStatsAnalyzer: Backhaul result - RSSI:-63, CE:10, PE:8, TI:19, PTI:18, TW:1, PTW:1, Tx:82, Rx:59, TxS:60, RxS:53, RESULT:true, IC:0, ICT:5, WC:0, WCT:5, R:11, RC:0, IE:0, EC:0
03-29 19:24:07.774  1266 12808 I GenerationRegistry: mBackingStore.isClosed() : false
03-29 19:24:07.793  6620  6723 D UE4     : AndroidEGL::  ReleaseContextOwnership,  thread releasing rendering context tid: 6723
03-29 19:24:07.793  6620  6723 D UE4     : AndroidEGL::ResetDisplay()
03-29 19:24:07.804  6620  6661 D UE4     : [2022.03.29-18.24.07:804][  0]LogRHI: Display: ShaderPipelineCache: Paused Batching. 1
03-29 19:24:07.804  6620  6661 D UE4     : [2022.03.29-18.24.07:804][  0]LogRHI: Display: ShaderPipelineCache: Resumed Batching. 0
03-29 19:24:07.804  6620  6661 D UE4     : [2022.03.29-18.24.07:804][  0]LogRHI: Display: ShaderPipelineCache: Batching Resumed.
03-29 19:24:07.804  6620  6661 D UE4     : [2022.03.29-18.24.07:804][  0]LogInit: Display: Engine is initialized. Leaving FEngineLoop::Init()
03-29 19:24:07.804  6620  6661 D UE4     : [2022.03.29-18.24.07:804][  0]LogAndroid: Passed GEngineLoop.Init()
03-29 19:24:07.806  6620  6652 D OpenGLRenderer: setSurface called with nullptr
03-29 19:24:07.806  6620  6652 D OpenGLRenderer: setSurface() destroyed EGLSurface
03-29 19:24:07.807  6620  6652 D OpenGLRenderer: destroyEglSurface
03-29 19:24:07.808  6620  6620 I ViewRootImpl@35ba5ff[GameActivity]: dispatchDetachedFromWindow
03-29 19:24:07.809  1266 12808 D InputTransport: Input channel destroyed: 'b3c6b27', fd=858
03-29 19:24:07.810  1266 12808 W InputManager-JNI: Input channel object 'b3c6b27 com.YourCompany.TestAndroid/com.epicgames.ue4.GameActivity (client)' was disposed without first being removed with the input manager!
03-29 19:24:07.810  1266 12808 D InputTransport: Input channel destroyed: 'b3c6b27', fd=916
03-29 19:24:07.810  1266 12808 I WindowManager: Destroying surface Surface(name=com.YourCompany.TestAndroid/com.epicgames.ue4.GameActivity$_6620)/@0x9a14dba called by com.android.server.wm.WindowStateAnimator.destroySurface:987 com.android.server.wm.WindowStateAnimator.destroySurfaceLocked:518 com.android.server.wm.WindowState.removeImmediately:2960 com.android.server.wm.WindowState.removeIfPossible:3151 com.android.server.wm.WindowState.removeIfPossible:2984 com.android.server.wm.WindowManagerService.removeWindow:2243 com.android.server.wm.Session.remove:225 android.view.IWindowSession$Stub.onTransact:746 
03-29 19:24:07.810  6620  6810 D UE4     : [2022.03.29-18.24.07:810][  0]LogRenderer: Reallocating scene render targets to support 592x1280 Format 2 NumSamples 1 (Frame:1).
03-29 19:24:07.817  1143  1143 I Layer   : id=15063 removedFromDrawingState com.YourCompany.TestAndroid/com.epicgames.ue4.GameActivity$_6620#0 (151)
03-29 19:24:07.817  1143  1143 I Layer   : id=15061 removedFromDrawingState b3c6b27 com.YourCompany.TestAndroid/com.epicgames.ue4.GameActivity#0 (151)
03-29 19:24:07.817  1143  1143 I SurfaceFlinger: id=15063 Removed com.YourCompany.TestAndroid/com.epicgames.ue4.GameActivity$_6620#0 (151)
03-29 19:24:07.819  1143  1680 I SurfaceFlinger: id=15061 Removed b3c6b27 com.YourCompany.TestAndroid/com.epicgames.ue4.GameActivity#0 (151)
03-29 19:24:07.820  6620  6661 D UE4     : [2022.03.29-18.24.07:820][  0]LogAndroidEvents: Display: LogAndroidEvents::DequeueAppEvent : 9, [width=-1, height=-1], APP_EVENT_STATE_ON_START
03-29 19:24:07.820  6620  6661 D UE4     : FAppEventManager::Tick processing, 9
03-29 19:24:07.820  6620  6620 D InputTransport: Input channel destroyed: 'b3c6b27', fd=100
03-29 19:24:07.821  1143  1143 I Layer   : id=15063 Destroyed com.YourCompany.TestAndroid/com.epicgames.ue4.GameActivity$_6620#0
03-29 19:24:07.822  6620  6661 D UE4     : [2022.03.29-18.24.07:822][  0]LogAndroidEvents: Display: LogAndroidEvents::DequeueAppEvent : 7, [width=-1, height=-1], APP_EVENT_STATE_ON_RESUME
03-29 19:24:07.822  6620  6661 D UE4     : FAppEventManager::Tick processing, 7
03-29 19:24:07.822  6620  6661 D UE4     : [2022.03.29-18.24.07:822][  0]LogAndroidEvents: Display: LogAndroidEvents::DequeueAppEvent : 0, [width=1080, height=2312], APP_EVENT_STATE_WINDOW_CREATED
03-29 19:24:07.822  6620  6661 D UE4     : FAppEventManager::Tick processing, 0
03-29 19:24:07.822  6620  6661 D UE4     : [2022.03.29-18.24.07:822][  0]LogAndroidEvents: Display: ExecWindowCreated
03-29 19:24:07.822  6620  6661 D UE4     : AndroidEGL::ReInitWindow()
03-29 19:24:07.822  6620  6661 D UE4     : [2022.03.29-18.24.07:822][  0]LogAndroid: AndroidEGL::RefreshWindowSize updating window size = 592, 1280, cached size : 0, 0 tid : 6661
03-29 19:24:07.822  6620  6661 D UE4     : [2022.03.29-18.24.07:822][  0]LogAndroid: AndroidEGL::ResizeSharedContextSurface, PImplData->Window=0xe9e179e8, PImplData->eglWidth=8, PImplData->eglHeight=8!, CachedWidth=592, CachedHeight=1280, tid: 6661
03-29 19:24:07.822  6620  6661 D UE4     : AndroidEGL::UnBindShared()
03-29 19:24:07.822  6620  6661 D UE4     : AndroidEGL::ResetDisplay()
03-29 19:24:07.822  6620  6661 D UE4     : AndroidEGL::DestroySharedSurface()
03-29 19:24:07.822  6620  6661 D UE4     : AndroidEGL::InitSharedSurface 0
03-29 19:24:07.822  6620  6661 D UE4     : AndroidEGL::InitSharedSurface, Using CachedWindowRect, width: 592, height 1280 
03-29 19:24:07.822  6620  6661 D UE4     : AndroidEGL::InitSharedSurface, Using width: 592, height 1280 
03-29 19:24:07.822  6620  6661 D UE4     : AndroidEGL::InitSharedSurface, width: 592, height 1280 
03-29 19:24:07.822  6620  6661 D UE4     : AndroidEGL::CreateEGLSharedSurface(), auxSurface = eglCreatePbufferSurface(), 8x8
03-29 19:24:07.823  6620  6661 D UE4     : ExecWindowCreated, 0, 1, 1
03-29 19:24:07.823  6620  6661 D UE4     : [2022.03.29-18.24.07:823][  0]LogAndroidEvents: Display: LogAndroidEvents::DequeueAppEvent : 11, [width=-1, height=-1], APP_EVENT_STATE_WINDOW_GAINED_FOCUS
03-29 19:24:07.823  6620  6661 D UE4     : FAppEventManager::Tick processing, 11
03-29 19:24:07.823  6620  6661 D UE4     : [2022.03.29-18.24.07:823][  0]LogAndroidEvents: Display: LogAndroidEvents::DequeueAppEvent : 14, [width=-1, height=-1], APP_EVENT_STATE_APP_ACTIVATED
03-29 19:24:07.823  6620  6661 D UE4     : FAppEventManager::Tick processing, 14
03-29 19:24:07.823  6620  6661 D UE4     : Execution will be resumed!
03-29 19:24:07.823  6620  6661 D UE4     : [2022.03.29-18.24.07:823][  0]LogAndroidEvents: Display: LogAndroidEvents::DequeueAppEvent : 15, [width=-1, height=-1], APP_EVENT_RUN_CALLBACK
03-29 19:24:07.823  6620  6661 D UE4     : FAppEventManager::Tick processing, 15
03-29 19:24:07.823  6620  6661 D UE4     : [2022.03.29-18.24.07:823][  0]LogAndroidEvents: Display: Event thread callback running.
03-29 19:24:07.823  6620  6661 D UE4     : [2022.03.29-18.24.07:823][  0]LogAndroid: performing app foregrounding callback.
03-29 19:24:07.823  6620  6661 D UE4     : [GameActivity] Registering volume receiver
03-29 19:24:07.825  1143  1143 D SurfaceFlinger: Display 4630947232161729153 HWC layers:
03-29 19:24:07.825  1143  1143 D SurfaceFlinger:  SOLID_COLOR |              | 0000 |  Unknown  |    0.0    0.0    0.0    0.0 |    0    0 1080   88 | Letterbox - top#1
03-29 19:24:07.825  1143  1143 D SurfaceFlinger:      DEVICE | 0xb4000077fa463490 | 0102 | RGBx_8888    |    0.0    0.0  592.0 1280.0 |    0   88 1080 2400 | SurfaceView - com.YourCompany.TestAn[...].ue4.GameActivity@5eeb130@0(BLAST)#0
03-29 19:24:07.825  1143  1143 D SurfaceFlinger:      DEVICE | 0xb4000077fa469c10 | 0100 | RGBA_8888    |    0.0    0.0 1080.0 2312.0 |    0   88 1080 2400 | com.YourCompany.TestAndroid/com.epicgames.ue4.GameActivity$_6620#1
03-29 19:24:07.825  1143  1143 D SurfaceFlinger: 
03-29 19:24:07.826  6620  6661 D UE4     : [GameActivity] startVolumeReceiver: 0
03-29 19:24:07.826  6620  6661 D UE4     : nativeVolumeEvent(0)
03-29 19:24:07.826  6620  6661 D UE4     : [GameActivity] Registering battery receiver
03-29 19:24:07.827  6620  6661 D UE4     : [GameActivity] Registering headset receiver
03-29 19:24:07.827  1266 12808 I GenerationRegistry: mBackingStore.isClosed() : false
03-29 19:24:07.829  6620  6661 D UE4     : [GameActivity] startHeadsetReceiver: 0
03-29 19:24:07.829  6620  6661 D UE4     : nativeHeadsetEvent(0)
03-29 19:24:07.829  6620  6661 D UE4     : [2022.03.29-18.24.07:829][  0]LogCore: Display: AppLifetime: Application has entered foreground
03-29 19:24:07.829  6620  6620 D UE4     : [GameActivity] Battery: status = 2, rawlevel = 49, scale = 100
03-29 19:24:07.829  6620  6620 D UE4     : nativeBatteryEvent(stat = 2, lvl = 49  temp = 28.60 C)
03-29 19:24:07.830  6620  6620 D UE4     : [GameActivity] headsetReceiver::onReceive
03-29 19:24:07.830  6620  6620 D UE4     : nativeHeadsetEvent(0)
03-29 19:24:07.833  1143  1143 I Layer   : id=15061 Destroyed b3c6b27 com.YourCompany.TestAndroid/com.epicgames.ue4.GameActivity#0
03-29 19:24:07.837  1266 11040 I SemWifiServiceDetector: Traff. tracking suspended
03-29 19:24:07.893  6785  6809 I GOS:VrrFeature: updateDisplayModes(): displayModes: [{id=2, width=1080, height=2400, fps=60.000004, alternativeRefreshRates=[120.00001]}]
03-29 19:24:07.893  6785  6809 I GOS:VrrFeature: updateDisplayModes()-{96=null, 48=null, 120=null, 90=null, 60=2}
03-29 19:24:07.894  6620  6723 D UE4     : [2022.03.29-18.24.07:894][  0]LogRHI: Using OpenGL program LRU cache: 0
03-29 19:24:07.895  1266  2902 D SGM:GameManager: respondWithJson. command: is_variable_refresh_rate_supported
03-29 19:24:07.895  1266  2902 D SGM:GameManager: jsonParam : null
03-29 19:24:07.895  1266  2902 D SGM:GameManager: response : {"value_bool_1":true}
03-29 19:24:07.899  6785  6809 I GOS:PlatformUtil: getSemPlatformVersion(). SEM_PLATFORM_INT: 130100
03-29 19:24:07.906  6785  6809 I GOS:Initializer: DB is already initialized
03-29 19:24:07.920  6785  6809 I GOS:Initializer: finished initGos()
03-29 19:24:07.924  6785  6785 I GOS:GosService: onCreate.
03-29 19:24:07.924  6785  6785 I GOS:GosService: onBind.
03-29 19:24:07.925  6785  6785 I GOS:AidlService: getPermissionInfo(), callerUid: 10085
03-29 19:24:07.926  1266  6684 I SystemUiVisibilityPolicyController: handleMessage: entry what = 101
03-29 19:24:07.943  1266 11339 I ChimeraAggressivePolicyHandler: executePolicy() - triggerSource: TRIGGER_SOURCE_LMKD
03-29 19:24:07.944  1266 11339 I ChimeraAggressivePolicyHandler: available memory: 1577576, free memory target: 1300480, quit chimera
03-29 19:24:07.949  6785  6785 I GOS:AidlService: getPermissionInfo(), callerPkgName from Uid: com.samsung.android.game.gos
03-29 19:24:07.958  6761  6761 I AudioPathManager: loadAudioPath() : loaded audio path is speaker (0)
03-29 19:24:07.959  6761  6761 I AudioManager: getParameters keys = g_effect_active_sound_info=track
03-29 19:24:07.961  1135 23452 I SecAudioParamFlinger: getActiveSoundInfo 1, trackFormat 1, outputFormat 5
03-29 19:24:07.961  6785  6785 I GOS:AidlService: getPermissionInfo(), platform signature
03-29 19:24:07.961  6761  6761 I AudioManagerWrapper: getActiveSoundFormat() : active sound format is 1
03-29 19:24:07.961  6761  6761 I RestrictModeUtil: isOwnerMode() : user id is 0
03-29 19:24:07.962  6761  6761 E RestrictModeUtil: isDexMode() : desktop mode manager is null, so it can't be decided
03-29 19:24:07.966  1266 12808 I GenerationRegistry: mBackingStore.isClosed() : false
03-29 19:24:07.967  6761  6761 I RestrictModeUtil: isEmergencyMode() : emergency mode is disabled
03-29 19:24:07.967  6761  6761 I EffectManager: isSupportDolbyAtmosOnThisAudioPath() : path is speaker (0)
03-29 19:24:07.967  6761  6761 I EffectManager: isSupportDolbyAtmosOnThisAudioPath() : speaker type is stereo
03-29 19:24:07.970  6785  6817 I GOS:MainIntentService: onHandleIntent(). type(INIT_GOS) from 201
03-29 19:24:07.970  1266 12808 D SGM:GameManager: identifyForegroundApp. com.YourCompany.TestAndroid, mCurrentUserId: 0, callerUserId: 0
03-29 19:24:07.970  1266 12808 D SGM:PkgDataHelper: getGamePkgData(). com.YourCompany.TestAndroid
03-29 19:24:07.974  6785  6817 I GOS:WifiQosFeature: updatePolicy(). mTid: 0
03-29 19:24:07.977  6785  6817 I GOS:ClearBGProcessFeature: loadSurviveMap apps=com.android.vending
03-29 19:24:07.982  6761  6761 I DolbyAtmosWrapper: getProfile() : for dolby atmos, -1
03-29 19:24:07.982  6761  6761 I EffectManager: setEffectDolbyAtmos() : spatial-audio mode is -1, dolby-profile from fw is -1
03-29 19:24:07.983  6761  6761 I DolbyAtmosWrapper: getProfile() : for dolby atmos, -1
03-29 19:24:07.983  6761  6761 I AudioManager: setParameters keyValuePairs = g_effect_dolby_enable=0;g_effect_dolby_profile=5
03-29 19:24:07.986  1135 23452 V APM_AudioPolicyManager: setAudioPolicyConfig: g_effect_dolby_enable=0;g_effect_dolby_profile=5
03-29 19:24:07.989  1067 13741 D DlbEffectContext: setParam() received parameter EFFECT_PARAM_ENABLE
03-29 19:24:07.989  1067 13741 D AudioSAEffectOffload: offload_param_dump() : status[-1] value[ DLB,0,2,5 ] 
03-29 19:24:07.991  1067 13741 D DlbEffectContext: setParam() received parameter EFFECT_PARAM_PROFILE
03-29 19:24:07.991  1067 13741 D DlbEffectContext: setProfile(profile=5)
03-29 19:24:07.991  1067 13741 D AudioSAEffectOffload: offload_param_dump() : status[-1] value[ DLB,0,2,5 ] 
03-29 19:24:07.991  6761  6761 I DolbyAtmosWrapper: setProfile() : for dolby atmos, 5
03-29 19:24:07.992  6761  6761 I EffectManager: setEffectDolbyAtmos() : enable is false, mode is off (5)
03-29 19:24:07.992  6761  6761 I AudioPathManager: loadAudioPath() : loaded audio path is speaker (0)
03-29 19:24:07.992  6761  6761 I EffectManager: setEffectDolbyAtmos() : concert hall will be restored as 0
03-29 19:24:07.992  1135 23452 I AudioSASecPlus: setGlobalEffectInfo changed mContentType = 1, mGlobalSAPlus = 0, mGlobalTubeAmp = 0, mGlobalConcertHall = 0 , mGlobalAudioHDR = 0
03-29 19:24:07.992  1067 13741 I AudioSASecPlus: setGlobalEffectInfo changed mContentType = 1, mGlobalSAPlus = 0, mGlobalTubeAmp = 0, mGlobalConcertHall = 0 , mGlobalAudioHDR = 0
03-29 19:24:07.992  6785  6817 I GOS:ClearBGProcessFeature: updateSurviveList mSurviveAppList=[com.sec.android.app.clockpackage, 10165, com.samsung.android.app.reminder, 10175, com.android.vending, 10239, com.samsung.android.voc, 10295, com.samsung.android.calendar, 10182]
03-29 19:24:07.992  1135 23452 I AudioSASecPlus: setGlobalEffectInfo changed mContentType = 1, mGlobalSAPlus = 0, mGlobalTubeAmp = 0, mGlobalConcertHall = 0 , mGlobalAudioHDR = 0
03-29 19:24:07.992  1135 23452 I AudioSASecPlus: setGlobalEffectInfo changed mContentType = 1, mGlobalSAPlus = 0, mGlobalTubeAmp = 0, mGlobalConcertHall = 0 , mGlobalAudioHDR = 0
03-29 19:24:07.992  1135 23452 I AudioSASecPlus: setGlobalEffectInfo changed mContentType = 1, mGlobalSAPlus = 0, mGlobalTubeAmp = 0, mGlobalConcertHall = 0 , mGlobalAudioHDR = 0
03-29 19:24:07.992  1135 23452 I AudioSASecPlus: setGlobalEffectInfo changed mContentType = 1, mGlobalSAPlus = 0, mGlobalTubeAmp = 0, mGlobalConcertHall = 0 , mGlobalAudioHDR = 0
03-29 19:24:07.992  1135 23452 I AudioSASecPlus: setGlobalEffectInfo changed mContentType = 1, mGlobalSAPlus = 0, mGlobalTubeAmp = 0, mGlobalConcertHall = 0 , mGlobalAudioHDR = 0
03-29 19:24:07.993  6761  6761 I EffectManager: isSupportDolbyAtmosOnThisAudioPath() : path is speaker (0)
03-29 19:24:07.993  6761  6761 I EffectManager: isSupportDolbyAtmosOnThisAudioPath() : speaker type is stereo
03-29 19:24:07.993  6761  6761 I PreferencesManager: getDolbyAtmosForGamingSwitch() : default value is 1
03-29 19:24:07.993  6761  6761 I AudioPathManager: loadAudioPath() : loaded audio path is speaker (0)
03-29 19:24:07.993  6761  6761 I EffectManager: isSupportDolbyAtmosOnThisAudioPath() : path is speaker (0)
03-29 19:24:07.993  6761  6761 I EffectManager: isSupportDolbyAtmosOnThisAudioPath() : speaker type is stereo
03-29 19:24:07.993  6761  6761 I AudioManager: setParameters keyValuePairs = g_effect_game_dolby_enable=1
03-29 19:24:07.993  1135 23452 V APM_AudioPolicyManager: setAudioPolicyConfig: g_effect_game_dolby_enable=1
03-29 19:24:07.996  6761  6761 I DolbyAtmosWrapper: setProfile() : for dolby atmos for gaming, 4
03-29 19:24:07.996  6761  6761 I AudioPathManager: loadAudioPath() : loaded audio path is speaker (0)
03-29 19:24:07.996  6761  6761 I RestrictModeUtil: isOwnerMode() : user id is 0
03-29 19:24:07.996  6761  6761 E RestrictModeUtil: isDexMode() : desktop mode manager is null, so it can't be decided
03-29 19:24:07.996  6761  6761 I RestrictModeUtil: isEmergencyMode() : emergency mode is disabled
03-29 19:24:07.999  1266  2902 D InputManager: checkInputFeature : features = 0x301
03-29 19:24:07.999  6785  6817 I GOS:SeInputManager: checkInputFeature(), ret: 769
03-29 19:24:08.000  6785  6817 I GOS:TspFeature: isAvailableForSystemHelper(), tspVrrInputAvailable: false
03-29 19:24:08.000  6761  6761 I SoundAliveWrapper: setEqualizer() : preset is normal (0), levels for 9 bands are 0 0 0 0 0 0 0 0 0 
03-29 19:24:08.000  6761  6761 I AudioPathManager: loadAudioPath() : loaded audio path is speaker (0)
03-29 19:24:08.000  1266  2902 D SGM:GameManager: respondWithJson. command: is_variable_refresh_rate_supported
03-29 19:24:08.000  1266  2902 D SGM:GameManager: jsonParam : null
03-29 19:24:08.000  1266  2902 D SGM:GameManager: response : {"value_bool_1":true}
03-29 19:24:08.000  6761  6761 I EffectManager: isSupportUHQUpscalerOnCurrentAudioPath() : path is speaker (0), device type is builtin speaker (2)
03-29 19:24:08.000  6761  6761 I EffectManager: updateUHQUpscalerState() : uhq upscaler is not available on current audio path
03-29 19:24:08.000  6761  6761 I EffectManager: updateUHQUpscalerState() : audio path is speaker, so skip writing mode to settings db
03-29 19:24:08.001  6785  6817 I GOS:TspFeature: isAvailableForSystemHelper(), vrrAvailable: true
03-29 19:24:08.001  6761  6761 I LocalBroadcastManager: sendLocalBroadcast() : action is 1
03-29 19:24:08.002  6761  6761 I AudioManagerWrapper: getCurrentMediaVolume() : current media volume is 0
03-29 19:24:08.002  6761  6761 I DVFSHelper: handleScreenStateChanged() : current media volume is 0, so no need to boost cpu
03-29 19:24:08.003  6785  6799 I GOS:AidlService: getPermissionInfo(), callerUid: 10137
03-29 19:24:08.004  1266  2902 I GenerationRegistry: mBackingStore.isClosed() : false
03-29 19:24:08.009  6785  6799 I GOS:AidlService: getPermissionInfo(), callerPkgName from Uid: com.sec.android.app.soundalive
03-29 19:24:08.011  6785  6799 I GOS:AidlService: getPermissionInfo(), platform signature
03-29 19:24:08.015  6785  6799 I GOS:EventCommand: subscribeEvents(), jsonParam: {"events":"GAME_RESUMED, GAME_PAUSED","intent_action_name":"com.sec.android.app.soundalive.RECEIVE_GAME_EVENTS"}
03-29 19:24:08.022  6761  6761 I GameManager: onServiceConnected() : request result is {"successful":true}
03-29 19:24:08.088  6620  6661 D UE4     : [2022.03.29-18.24.08:088][  0]LogUdpMessaging: Initializing bridge on interface 0.0.0.0:0 to multicast group 230.0.0.1:6666.
03-29 19:24:08.157  1266  2902 W ServiceManager: Permission failure: android.permission.HIGH_SAMPLING_RATE_SENSORS from uid=10345 pid=17062
03-29 19:24:08.161  1266  2902 W ServiceManager: Permission failure: android.permission.HIGH_SAMPLING_RATE_SENSORS from uid=10345 pid=17062
03-29 19:24:08.162  1266  2902 D SensorService: Calling batch handle==11 flags=0 rate=200000000 timeout== 0
03-29 19:24:08.164  1085  1085 I sensors-hal: flush:324, android.sensor.accelerometer/11
03-29 19:24:08.164  1085  1085 I sensors-hal: flush:330, android.sensor.accelerometer/11 completed
03-29 19:24:08.165 17062 18913 D SensorManager: registerListener :: 11, lsm6dso Accelerometer Non-wakeup, 200000, 0, 
03-29 19:24:08.165  1085  4349 I sensors-hal: ssc_conn_resp_cb:745, resp_value = 0
03-29 19:24:08.168  1266 12808 W ServiceManager: Permission failure: android.permission.HIGH_SAMPLING_RATE_SENSORS from uid=10345 pid=17062
03-29 19:24:08.170  1266 12808 W ServiceManager: Permission failure: android.permission.HIGH_SAMPLING_RATE_SENSORS from uid=10345 pid=17062
03-29 19:24:08.171  1266 12808 D SensorService: Calling batch handle==41 flags=0 rate=200000000 timeout== 0
03-29 19:24:08.172  1085  1085 I sensors-hal: flush:324, android.sensor.gyroscope/41
03-29 19:24:08.172  1085  1085 I sensors-hal: flush:330, android.sensor.gyroscope/41 completed
03-29 19:24:08.173 17062 18913 D SensorManager: registerListener :: 41, lsm6dso Gyroscope Non-wakeup, 200000, 0, 
03-29 19:24:08.173  1085  6677 I sensors-hal: ssc_conn_resp_cb:745, resp_value = 0
03-29 19:24:08.184  1266  2902 D SensorService: Calling activate off 41
03-29 19:24:08.184  1085  1085 I sensors-hal: set_config:67, sample_period_ns is adjusted to 20000000 based on min/max delay_ns
03-29 19:24:08.184  1085  1085 I sensors-hal: batch:304, android.sensor.gyroscope/41, period=20000000, max_latency=0 request completed
03-29 19:24:08.185 17062 17062 D SensorManager: unregisterListener
03-29 19:24:08.186  1266 17307 D SensorService: Calling activate off 11
03-29 19:24:08.187  1085  1085 I sensors-hal: set_config:67, sample_period_ns is adjusted to 20000000 based on min/max delay_ns
03-29 19:24:08.187  1085  1085 I sensors-hal: batch:304, android.sensor.accelerometer/11, period=20000000, max_latency=0 request completed
03-29 19:24:08.188 17062 17062 D SensorManager: unregisterListener
03-29 19:24:08.231  6620  6661 D UE4     : [2022.03.29-18.24.08:231][  0]LogTcpMessaging: Initializing TcpMessaging bridge, listening on 127.0.0.1:6666
03-29 19:24:08.234  6620  6661 D UE4     : [2022.03.29-18.24.08:233][  0]LogCore: Display: AppLifetime: Application has reactivated
03-29 19:24:08.234  6620  6661 D UE4     : [2022.03.29-18.24.08:234][  0]LogTemp: Android resume audio
03-29 19:24:08.234  6620  6661 D UE4     : [2022.03.29-18.24.08:234][  0]LogInit: First time updating LLM stats...
03-29 19:24:08.241  6620  6723 D UE4     : [2022.03.29-18.24.08:241][  0]LogAndroid: AndroidEGL::ResizeRenderContextSurface, PImplData->Window=0xe9e179e8, PImplData->eglWidth=8, PImplData->eglHeight=8!, CachedWidth=592, CachedHeight=1280, tid: 6723
03-29 19:24:08.241  6620  6723 D UE4     : AndroidEGL::UnBindRender()
03-29 19:24:08.241  6620  6723 D UE4     : AndroidEGL::ResetDisplay()
03-29 19:24:08.242  6620  6723 D UE4     : AndroidEGL::DestroyRenderSurface()
03-29 19:24:08.255  6620  6723 D UE4     : AndroidEGL::InitRenderSurface 0, 1
03-29 19:24:08.255  6620  6723 D UE4     : AndroidEGL::InitRenderSurface, Using CachedWindowRect, width: 592, height 1280 
03-29 19:24:08.255  6620  6723 D UE4     : AndroidEGL::InitRenderSurface, Using width: 592, height 1280 
03-29 19:24:08.255  6620  6723 D UE4     : AndroidEGL::InitRenderSurface, wnd: 0xe9e179e8, width: 592, height 1280 
03-29 19:24:08.255  6620  6723 D UE4     : AndroidEGL::CreateEGLRenderSurface() 0xefe94280
03-29 19:24:08.260  6620  6661 D UE4     : [2022.03.29-18.24.08:260][  0]LogAndroid: Display: Low Power Mode Changed: 0
03-29 19:24:08.279  6620  6661 D UE4     : [2022.03.29-18.24.08:279][  0]LogStreaming: Warning: Failed to read file '../../../TestAndroid/Saved/SaveGames/HighscoreData.sav' error.
03-29 19:24:08.283  6620  6661 D UE4     : [2022.03.29-18.24.08:283][  0]LogSlate: InvalidateAllWidgets triggered.  All widgets were invalidated
03-29 19:24:08.295  6620  6723 I BufferQueueProducer: [SurfaceView - com.YourCompany.TestAndroid/com.epicgames.ue4.GameActivity@5eeb130@0#2(BLAST Consumer)2](id:19dc00000002,api:1,p:6620,c:6620) queueBuffer: queued for the first time.
03-29 19:24:08.298  6620  6661 D UE4     : [2022.03.29-18.24.08:298][  0]LogSlate: Slate font cache was flushed
03-29 19:24:08.476  1266 11048 D SemWifiSwitchForIndividualAppsService: isSkipNetworkCondition - result:2
03-29 19:24:08.781  6620  6661 D UE4     : [2022.03.29-18.24.08:781][  1]LogSlate: Took 0.005064 seconds to synchronously load lazily loaded font '../../../Engine/Content/EngineFonts/Faces/RobotoBold.ufont' (160K)
03-29 19:24:08.783  6620  6661 D UE4     : [2022.03.29-18.24.08:783][  1]LogStreaming: Warning: Failed to read file '../../../TestAndroid/Saved/SaveGames/HighscoreData.sav' error.
03-29 19:24:08.792  6620  6661 D UE4     : [2022.03.29-18.24.08:791][  2]LogStreaming: Warning: Failed to read file '../../../TestAndroid/Saved/SaveGames/HighscoreData.sav' error.
03-29 19:24:08.798  6620  6661 D UE4     : [2022.03.29-18.24.08:797][  3]LogStreaming: Warning: Failed to read file '../../../TestAndroid/Saved/SaveGames/HighscoreData.sav' error.
03-29 19:24:08.803  6620  6661 D UE4     : [2022.03.29-18.24.08:803][  4]LogStreaming: Warning: Failed to read file '../../../TestAndroid/Saved/SaveGames/HighscoreData.sav' error.
03-29 19:24:08.812  6620  6661 D UE4     : [2022.03.29-18.24.08:811][  5]LogStreaming: Warning: Failed to read file '../../../TestAndroid/Saved/SaveGames/HighscoreData.sav' error.
03-29 19:24:08.824  6620  6661 D UE4     : [2022.03.29-18.24.08:824][  6]LogStreaming: Warning: Failed to read file '../../../TestAndroid/Saved/SaveGames/HighscoreData.sav' error.
03-29 19:24:08.829  6620  6661 D UE4     : [2022.03.29-18.24.08:829][  7]LogStreaming: Warning: Failed to read file '../../../TestAndroid/Saved/SaveGames/HighscoreData.sav' error.
03-29 19:24:08.846  6620  6661 D UE4     : [2022.03.29-18.24.08:846][  8]LogStreaming: Warning: Failed to read file '../../../TestAndroid/Saved/SaveGames/HighscoreData.sav' error.
03-29 19:24:08.860  6620  6661 D UE4     : [2022.03.29-18.24.08:860][  9]LogStreaming: Warning: Failed to read file '../../../TestAndroid/Saved/SaveGames/HighscoreData.sav' error.
03-29 19:24:08.876  6620  6661 D UE4     : [2022.03.29-18.24.08:876][ 10]LogStreaming: Warning: Failed to read file '../../../TestAndroid/Saved/SaveGames/HighscoreData.sav' error.
03-29 19:24:08.892  6620  6661 D UE4     : [2022.03.29-18.24.08:892][ 11]LogStreaming: Warning: Failed to read file '../../../TestAndroid/Saved/SaveGames/HighscoreData.sav' error.
03-29 19:24:08.908  6620  6661 D UE4     : [2022.03.29-18.24.08:908][ 12]LogStreaming: Warning: Failed to read file '../../../TestAndroid/Saved/SaveGames/HighscoreData.sav' error.
