03-30 13:51:47.783  4115  4199 D UE4     : [2022.03.30-12.51.47:783][  0]LogImageWrapper: Warning: PNG Warning: iCCP: cHRM chunk does not match sRGB
03-30 13:51:47.783  4115  4198 D UE4     : [2022.03.30-12.51.47:783][  0]LogImageWrapper: Warning: PNG Warning: iCCP: known incorrect sRGB profile
03-30 13:51:47.783  4115  4198 D UE4     : [2022.03.30-12.51.47:783][  0]LogImageWrapper: Warning: PNG Warning: iCCP: cHRM chunk does not match sRGB
03-30 13:51:47.783  4115  4198 D UE4     : [2022.03.30-12.51.47:783][  0]LogImageWrapper: Warning: PNG Warning: iCCP: known incorrect sRGB profile
03-30 13:51:47.783  4115  4198 D UE4     : [2022.03.30-12.51.47:783][  0]LogImageWrapper: Warning: PNG Warning: iCCP: cHRM chunk does not match sRGB
03-30 13:51:47.784  4115  4201 D UE4     : [2022.03.30-12.51.47:784][  0]LogImageWrapper: Warning: PNG Warning: iCCP: known incorrect sRGB profile
03-30 13:51:47.785  4115  4201 D UE4     : [2022.03.30-12.51.47:785][  0]LogImageWrapper: Warning: PNG Warning: iCCP: cHRM chunk does not match sRGB
03-30 13:51:47.785  4115  4201 D UE4     : [2022.03.30-12.51.47:785][  0]LogImageWrapper: Warning: PNG Warning: iCCP: known incorrect sRGB profile
03-30 13:51:47.785  4115  4201 D UE4     : [2022.03.30-12.51.47:785][  0]LogImageWrapper: Warning: PNG Warning: iCCP: cHRM chunk does not match sRGB
03-30 13:51:47.786  4115  4201 D UE4     : [2022.03.30-12.51.47:786][  0]LogImageWrapper: Warning: PNG Warning: iCCP: known incorrect sRGB profile
03-30 13:51:47.787  4115  4201 D UE4     : [2022.03.30-12.51.47:787][  0]LogImageWrapper: Warning: PNG Warning: iCCP: known incorrect sRGB profile
03-30 13:51:47.787 12760  6261 I ExternalMethodFactory: get_home_mode
03-30 13:51:47.788  4115  4199 D UE4     : [2022.03.30-12.51.47:788][  0]LogImageWrapper: Warning: PNG Warning: iCCP: known incorrect sRGB profile
03-30 13:51:47.789  4115  4199 D UE4     : [2022.03.30-12.51.47:789][  0]LogImageWrapper: Warning: PNG Warning: iCCP: known incorrect sRGB profile
03-30 13:51:47.791  4115  4198 D UE4     : [2022.03.30-12.51.47:791][  0]LogImageWrapper: Warning: PNG Warning: iCCP: known incorrect sRGB profile
03-30 13:51:47.791  4115  4198 D UE4     : [2022.03.30-12.51.47:791][  0]LogImageWrapper: Warning: PNG Warning: iCCP: known incorrect sRGB profile
03-30 13:51:47.792  4115  4202 D UE4     : [2022.03.30-12.51.47:792][  0]LogImageWrapper: Warning: PNG Warning: iCCP: known incorrect sRGB profile
03-30 13:51:47.792  4115  4202 D UE4     : [2022.03.30-12.51.47:792][  0]LogImageWrapper: Warning: PNG Warning: iCCP: known incorrect sRGB profile
03-30 13:51:47.793  4115  4202 D UE4     : [2022.03.30-12.51.47:793][  0]LogImageWrapper: Warning: PNG Warning: iCCP: known incorrect sRGB profile
03-30 13:51:47.793  4115  4202 D UE4     : [2022.03.30-12.51.47:793][  0]LogImageWrapper: Warning: PNG Warning: iCCP: known incorrect sRGB profile
03-30 13:51:47.794  4115  4199 D UE4     : [2022.03.30-12.51.47:794][  0]LogImageWrapper: Warning: PNG Warning: iCCP: known incorrect sRGB profile
03-30 13:51:47.795  4115  4199 D UE4     : [2022.03.30-12.51.47:795][  0]LogImageWrapper: Warning: PNG Warning: iCCP: known incorrect sRGB profile
03-30 13:51:47.795  4115  4198 D UE4     : [2022.03.30-12.51.47:795][  0]LogImageWrapper: Warning: PNG Warning: iCCP: known incorrect sRGB profile
03-30 13:51:47.795  4115  4202 D UE4     : [2022.03.30-12.51.47:795][  0]LogImageWrapper: Warning: PNG Warning: iCCP: known incorrect sRGB profile
03-30 13:51:47.795  4115  4202 D UE4     : [2022.03.30-12.51.47:795][  0]LogImageWrapper: Warning: PNG Warning: iCCP: known incorrect sRGB profile
03-30 13:51:47.796  4115  4198 D UE4     : [2022.03.30-12.51.47:796][  0]LogImageWrapper: Warning: PNG Warning: iCCP: known incorrect sRGB profile
03-30 13:51:47.799  4115  4199 D UE4     : [2022.03.30-12.51.47:798][  0]LogImageWrapper: Warning: PNG Warning: iCCP: known incorrect sRGB profile
03-30 13:51:47.799  4115  4199 D UE4     : [2022.03.30-12.51.47:799][  0]LogImageWrapper: Warning: PNG Warning: iCCP: known incorrect sRGB profile
03-30 13:51:47.800  4115  4202 D UE4     : [2022.03.30-12.51.47:799][  0]LogImageWrapper: Warning: PNG Warning: iCCP: known incorrect sRGB profile
03-30 13:51:47.800  4115  4202 D UE4     : [2022.03.30-12.51.47:800][  0]LogImageWrapper: Warning: PNG Warning: iCCP: known incorrect sRGB profile
03-30 13:51:47.853 17465 17465 I AppsEdge.PanelContainer: onPackageChanged
03-30 13:51:47.854 12760 12760 I Launcher.Model: isValidStateInKnoxMode:false user:UserHandle{0}
03-30 13:51:47.855 12760 13090 I PackageUpdatedTask: mAllAppsList.updatePackage com.justeat.app.uk
03-30 13:51:47.858  4115  4154 D UE4     : [2022.03.30-12.51.47:858][  0]LogShaderLibrary: Display: Using ../../../TestAndroid/Content/ShaderArchive-TestAndroid-GLSL_ES3_1_ANDROID.ushaderbytecode for material shader code. Total 1627 unique shaders.
03-30 13:51:47.859  4115  4154 D UE4     : [2022.03.30-12.51.47:858][  0]LogShaderLibrary: Display: Cooked Context: Using Shared Shader Library TestAndroid
03-30 13:51:47.861  4115  4154 D UE4     : [2022.03.30-12.51.47:861][  0]LogRHI: Display: Opened pipeline cache after state change and enqueued -1281950188 of 0 tasks for precompile.
03-30 13:51:47.862  4115  4154 D UE4     : [2022.03.30-12.51.47:862][  0]LogRHI: Display: Failed to open default shader pipeline cache for TestAndroid using shader platform 24.
03-30 13:51:47.863  4115  4154 D UE4     : [2022.03.30-12.51.47:863][  0]LogInit: Using OS detected language (en-GB).
03-30 13:51:47.863  4115  4154 D UE4     : [2022.03.30-12.51.47:863][  0]LogInit: Using OS detected locale (en-GB).
03-30 13:51:47.864  4115  4154 D UE4     : [2022.03.30-12.51.47:864][  0]LogTextLocalizationManager: No localization for 'en-GB' exists, so 'en' will be used for the language.
03-30 13:51:47.867  4115  4154 D UE4     : [2022.03.30-12.51.47:867][  0]LogTextLocalizationManager: No localization for 'en-GB' exists, so 'en' will be used for the locale.
03-30 13:51:47.868  4115  4154 D UE4     : [2022.03.30-12.51.47:868][  0]LogSlate: FontCache flush requested. Reason: Culture for localization was changed
03-30 13:51:47.868  4115  4154 D UE4     : [2022.03.30-12.51.47:868][  0]LogSlate: FontCache flush requested. Reason: Culture for localization was changed
03-30 13:51:47.869  1266 11040 D SemNscXgbMsL1: Probability - Cloud gaming: [0.0053978045]
03-30 13:51:47.869  1266 11040 D SemNscXgbMsL1: Probability - Real time: [0.08126251]
03-30 13:51:47.869  1266 11040 D SemNscXgbMsL1: Probability - Non real time: [0.9795009]
03-30 13:51:47.869  1266 11040 D SemNscXgbMsL1: 1 sample inference time: 0.322344 msecs
03-30 13:51:47.870  1266 11040 D SemNscXgbL2Rt: L2 RT 1 sample inference time: 0.432188 msecs
03-30 13:51:47.870  4115  4154 D UE4     : [2022.03.30-12.51.47:870][  0]LogTextLocalizationManager: Compacting localization data took   0.06ms
03-30 13:51:47.870  1266 11040 D SemNscXgbL2Nrt: L2 NRT 1 sample inference time: 0.412709 msecs
03-30 13:51:47.874 30388  4317 I AppsEdge.Service: changeItem() removed=false
03-30 13:51:47.874 30388  4317 I AppsEdge.DBHelper: getFavoriteItems : true
03-30 13:51:47.884 30388  4317 I AppsEdge.DBHelper: type=0 pos=0 id=1
03-30 13:51:47.891  4115  4154 D UE4     : [2022.03.30-12.51.47:891][  0]LogAssetRegistry: FAssetRegistry took 0.0194 seconds to start up
03-30 13:51:47.901  1266 11396 I Pageboost: Launcher App Execution
03-30 13:51:47.903 12760 13090 I AppIconSolution: getThemeIconWithBG called with public API, pkg = com.justeat.app.uk
03-30 13:51:47.903 12760 13090 I AppIconSolution: return adaptive icon for com.justeat.app.uk, isNight = true
03-30 13:51:47.907 12760 13090 I LauncherActivityInfo: packageName: com.justeat.app.uk, useThemeIcon: false, height: 189, width: 189, density: 640
03-30 13:51:47.907 30388  4317 I AppsEdge.DBHelper: type=4 pos=1 id=2
03-30 13:51:47.916  4115  4266 D UE4     : [2022.03.30-12.51.47:916][  0]LogRHI: AndroidEGL:SwapBuffers eglGetCompositorTimingANDROID EGL_COMPOSITE_DEADLINE_ANDROID=103594085405215, EGL_COMPOSITE_INTERVAL_ANDROID=16666667, EGL_COMPOSITE_TO_PRESENT_LATENCY_ANDROID=16666667
03-30 13:51:47.916  4115  4266 D UE4     : [2022.03.30-12.51.47:916][  0]LogRHI: JNI Display getRefreshRate=60.000004
03-30 13:51:47.916  4115  4266 D UE4     : [2022.03.30-12.51.47:916][  0]LogRHI: Final display timing metrics: DriverRefreshRate=60.0000  DriverRefreshNanos=16666667
03-30 13:51:47.916  4115  4266 D UE4     : [2022.03.30-12.51.47:916][  0]LogRHI: AndroidEGL:SwapBuffers Min=0, Max=1, Request=1, ClosestDriver=1, SetDriver=1
03-30 13:51:47.916  4115  4266 D UE4     : [2022.03.30-12.51.47:916][  0]LogRHI: Called eglSwapInterval 1
03-30 13:51:47.918  4115  4266 I BufferQueueProducer: [SurfaceView - com.YourCompany.TestAndroid/com.epicgames.ue4.GameActivity@5eeb130@0#2(BLAST Consumer)2](id:101300000002,api:1,p:4115,c:4115) queueBuffer: queued for the first time.
03-30 13:51:47.918 30388  4317 I AppsEdge.DBHelper: type=0 pos=2 id=3
03-30 13:51:47.924 30388  4317 I AppsEdge.DBHelper: type=0 pos=3 id=4
03-30 13:51:47.937  1143  1143 D SurfaceFlinger: Display 4630947232161729153 HWC layers:
03-30 13:51:47.937  1143  1143 D SurfaceFlinger:  SOLID_COLOR |              | 0000 |  Unknown  |    0.0    0.0    0.0    0.0 |    0    0 1080   88 | Letterbox - top#1
03-30 13:51:47.937  1143  1143 D SurfaceFlinger:      DEVICE | 0xb4000077fa45de80 | 0102 | RGBx_8888    |    0.0    0.0  592.0 1280.0 |    0   88 1080 2400 | SurfaceView - com.YourCompany.TestAn[...].ue4.GameActivity@5eeb130@0(BLAST)#0
03-30 13:51:47.937  1143  1143 D SurfaceFlinger:      DEVICE | 0xb4000077fa461f30 | 0100 | RGBA_8888    |    0.0    0.0 1080.0 2312.0 |    0   88 1080 2400 | com.YourCompany.TestAndroid/com.epicgames.ue4.GameActivity$_4115#1
03-30 13:51:47.937  1143  1143 D SurfaceFlinger:      DEVICE | 0xb4000077fa474d40 | 0100 | RGBA_8888    |    0.0    0.0 1080.0 2312.0 |    0   88 1080 2400 | com.YourCompany.TestAndroid/com.epicgames.ue4.GameActivity$_4115#0
03-30 13:51:47.937  1143  1143 D SurfaceFlinger: 
03-30 13:51:47.940 12760 13090 I WidgetsModel: EasyModeWidget will be excluded on WidgetList.
03-30 13:51:47.963 12760 13090 I PackageUpdatedTask: modified, appInfo : AppInfo(id=100 type=APP hidden=0 container=134 screen=0 rank=5 rankOfList=-1 user=UserHandle{0} title=Just Eat componentName=ComponentInfo{com.justeat.app.uk/com.justeat.splash.ui.SplashActivity} screenType=0)
03-30 13:51:47.964 12760 13090 I AppsModelWriter: updateItems(start) : needToNormalize = true
03-30 13:51:47.964 12760 13090 I AppsModelWriter: updateItems(start) > needToBind = true
03-30 13:51:47.964 12760 13090 I AppsModelWriter: updateItems(start)> 0, 100, 0, 134, 0, 5, UserHandle{0}, 0, Just Eat, -1, -1
03-30 13:51:47.964 12760 13090 I AppsModelWriter: normalizeVisibleItems : [matched = true] col = 4, raw : 5
03-30 13:51:47.965 12760 13090 I AppsModelWriter: normalizeVisibleItems(visibleItems)> 0, 34, 2, -102, 0, 0, UserHandle{0}, 0, Samsung, -1, -1
03-30 13:51:47.965 12760 13090 I AppsModelWriter: normalizeVisibleItems(visibleItems)> 0, 46, 2, -102, 0, 1, UserHandle{0}, 0, Google, -1, -1
03-30 13:51:47.965 12760 13090 I AppsModelWriter: normalizeVisibleItems(visibleItems)> 0, 57, 2, -102, 0, 2, UserHandle{0}, 0, Microsoft, -1, -1
03-30 13:51:47.965 12760 13090 I AppsModelWriter: normalizeVisibleItems(visibleItems)> 0, 132, 2, -102, 0, 3, UserHandle{0}, 0, Social, -1, -1
03-30 13:51:47.965 12760 13090 I AppsModelWriter: normalizeVisibleItems(visibleItems)> 0, 139, 2, -102, 0, 4, UserHandle{0}, 0, Windows, -1, -1
03-30 13:51:47.965 12760 13090 I AppsModelWriter: normalizeVisibleItems(visibleItems)> 0, 137, 2, -102, 0, 5, UserHandle{0}, 0, Samsung, -1, -1
03-30 13:51:47.965 12760 13090 I AppsModelWriter: normalizeVisibleItems(visibleItems)> 0, 135, 2, -102, 0, 6, UserHandle{0}, 0, Whatsapp, -1, -1
03-30 13:51:47.965 12760 13090 I AppsModelWriter: normalizeVisibleItems(visibleItems)> 0, 136, 2, -102, 0, 7, UserHandle{0}, 0, UK, -1, -1
03-30 13:51:47.965 12760 13090 I AppsModelWriter: normalizeVisibleItems(visibleItems)> 0, 134, 2, -102, 0, 8, UserHandle{0}, 0, Food, -1, -1
03-30 13:51:47.965 12760 13090 I AppsModelWriter: normalizeVisibleItems(visibleItems)> 0, 151, 2, -102, 0, 9, UserHandle{0}, 0, Vanced, -1, -1
03-30 13:51:47.965 12760 13090 I AppsModelWriter: normalizeVisibleItems(visibleItems)> 0, 133, 2, -102, 0, 10, UserHandle{0}, 0, Random, -1, -1
03-30 13:51:47.965 12760 13090 I AppsModelWriter: normalizeVisibleItems(visibleItems)> 0, 180, 2, -102, 0, 11, UserHandle{0}, 0, Travel, -1, -1
03-30 13:51:47.965 12760 13090 I AppsModelWriter: normalizeVisibleItems(visibleItems)> 0, 125, 0, -102, 0, 12, UserHandle{0}, 0, Truecaller, -1, -1
03-30 13:51:47.965 12760 13090 I AppsModelWriter: normalizeVisibleItems(visibleItems)> 0, 144, 0, -102, 0, 13, UserHandle{0}, 0, Crypto.com, -1, -1
03-30 13:51:47.965 12760 13090 I AppsModelWriter: normalizeVisibleItems(visibleItems)> 0, 172, 0, -102, 0, 14, UserHandle{0}, 0, Uber, -1, -1
03-30 13:51:47.965 12760 13090 I AppsModelWriter: normalizeVisibleItems(visibleItems)> 0, 173, 0, -102, 0, 15, UserHandle{0}, 0, Bass Boost, -1, -1
03-30 13:51:47.965 12760 13090 I AppsModelWriter: normalizeVisibleItems(visibleItems)> 0, 182, 0, -102, 0, 16, UserHandle{0}, 0, Secure Folder, -1, -1
03-30 13:51:47.965 12760 13090 I AppsModelWriter: normalizeVisibleItems(visibleItems)> 0, 186, 0, -102, 0, 17, UserHandle{0}, 0, Muzio Player, -1, -1
03-30 13:51:47.965 12760 13090 I AppsModelWriter: normalizeVisibleItems(visibleItems)> 0, 190, 0, -102, 1, 0, UserHandle{0}, 0, Deliveroo, -1, -1
03-30 13:51:47.965 12760 13090 I AppsModelWriter: normalizeVisibleItems(visibleItems)> 0, 191, 0, -102, 1, 1, UserHandle{0}, 0, Orange, -1, -1
03-30 13:51:47.965 12760 13090 I AppsModelWriter: normalizeVisibleItems(visibleItems)> 0, 193, 0, -102, 1, 2, UserHandle{0}, 0, Reddit, -1, -1
03-30 13:51:47.965 12760 13090 I AppsModelWriter: normalizeVisibleItems(visibleItems)> 0, 196, 0, -102, 1, 3, UserHandle{0}, 0, Twitch, -1, -1
03-30 13:51:47.965 12760 13090 I AppsModelWriter: normalizeVisibleItems(visibleItems)> 0, 200, 2, -102, 1, 4, UserHandle{0}, 0, Deals, -1, -1
03-30 13:51:47.965 12760 13090 I AppsModelWriter: normalizeVisibleItems(visibleItems)> 0, 205, 0, -102, 1, 5, UserHandle{0}, 0, Mistplay, -1, -1
03-30 13:51:47.965 12760 13090 I AppsModelWriter: normalizeVisibleItems(visibleItems)> 0, 217, 0, -102, 1, 6, UserHandle{0}, 0, Dominos, -1, -1
03-30 13:51:47.966 12760 13090 I AppsModelWriter: normalizeVisibleItems(visibleItems)> 0, 218, 0, -102, 1, 7, UserHandle{0}, 0, PowerDirector, -1, -1
03-30 13:51:47.966 12760 13090 I AppsModelWriter: normalizeVisibleItems(visibleItems)> 0, 226, 0, -102, 1, 8, UserHandle{0}, 0, SnapCleaner, -1, -1
03-30 13:51:47.966 12760 13090 I AppsModelWriter: normalizeVisibleItems(visibleItems)> 0, 227, 0, -102, 1, 9, UserHandle{0}, 0, Waze, -1, -1
03-30 13:51:47.966 12760 13090 I AppsModelWriter: normalizeVisibleItems(visibleItems)> 0, 229, 0, -102, 1, 10, UserHandle{0}, 0, Auto Clicker, -1, -1
03-30 13:51:47.966 12760 13090 I AppsModelWriter: normalizeVisibleItems(visibleItems)> 0, 231, 0, -102, 1, 11, UserHandle{0}, 0, Co  Star, -1, -1
03-30 13:51:47.966 12760 13090 I AppsModelWriter: normalizeVisibleItems(visibleItems)> 0, 237, 0, -102, 1, 12, UserHandle{0}, 0, MyMcDonald's, -1, -1
03-30 13:51:47.966 12760 13090 I AppsModelWriter: normalizeVisibleItems(visibleItems)> 0, 238, 0, -102, 1, 13, UserHandle{0}, 0, Foodhub, -1, -1
03-30 13:51:47.966 12760 13090 I AppsModelWriter: normalizeVisibleItems(visibleItems)> 0, 241, 0, -102, 1, 14, UserHandle{0}, 0, PureGym, -1, -1
03-30 13:51:47.966 12760 13090 I AppsModelWriter: normalizeVisibleItems(visibleItems)> 0, 243, 0, -102, 1, 15, UserHandle{0}, 0, Netflix, -1, -1
03-30 13:51:47.966 12760 13090 I AppsModelWriter: normalizeVisibleItems(visibleItems)> 0, 249, 0, -102, 1, 16, UserHandle{0}, 0, Earth, -1, -1
03-30 13:51:47.966 12760 13090 I AppsModelWriter: normalizeVisibleItems(visibleItems)> 0, 251, 0, -102, 1, 17, UserHandle{0}, 0, Sidekick, -1, -1
03-30 13:51:47.966 12760 13090 I AppsModelWriter: normalizeVisibleItems(visibleItems)> 0, 269, 0, -102, 1, 18, UserHandle{0}, 0, Vodafone, -1, -1
03-30 13:51:47.966 12760 13090 I AppsModelWriter: normalizeVisibleItems(visibleItems)> 0, 275, 0, -102, 1, 19, UserHandle{0}, 0, TestAndroid, -1, -1
03-30 13:51:47.968 12760 13090 I AppsModelWriter: updateItems(end) : updateItem> 0, 100, 0, 134, 0, 5, UserHandle{0}, 0, Just Eat, -1, -1
03-30 13:51:47.968 12760 13090 I AppsModelWriter: bindAppsItems : Visible items are empty!!
03-30 13:51:47.968 12760 13090 I PostPositionOperator: addAllItems() - All
03-30 13:51:47.968 12760 13090 I PostPositionOperator: addItem() - , isWidgetOnly : false
03-30 13:51:47.969 12760 12760 I AppIconSolution: getThemeIconWithBG called with public API, pkg = null
03-30 13:51:47.970 12760 12760 I AppIconSolution: start to load, pkg=null, bg=192-192, dr=265-265, forDefault=true, density=0
03-30 13:51:47.971 12760 12760 I AppIconSolution: scale down, pkg=null, dr=216-216, bg=216-216
03-30 13:51:47.972 12760 12760 I AppIconSolution: getIconScale, pkg=null, size=216, iconScale=IconScale[alpha=0, scale=1.0, isCrop=true]
03-30 13:51:47.974 12760 12760 I AppIconSolution: default container[CROP], pkg=null, bg=216-216, dr=216-216, isNight = true
03-30 13:51:47.983 12760 13090 I ModelWriter: updateItemInDatabase++
03-30 13:51:47.983 12760 13090 I ModelWriter: updateItemInDatabase : input item> 175, 169, 0, 5, 3, 3, 1, 1, UserHandle{0}, 0, Just Eat
03-30 13:51:47.987 12760 12760 I AppIconSolution: getThemeIconWithBG called with public API, pkg = null
03-30 13:51:47.989 12760 12760 I AppIconSolution: start to load, pkg=null, bg=192-192, dr=265-265, forDefault=true, density=0
03-30 13:51:47.990 12760 13090 I ModelWriter: checkItemInfoLocked++ : 175
03-30 13:51:47.991 12760 12760 I AppIconSolution: scale down, pkg=null, dr=216-216, bg=216-216
03-30 13:51:47.993 12760 13090 I WidgetsModel: EasyModeWidget will be excluded on WidgetList.
03-30 13:51:47.993 12760 12760 I AppIconSolution: getIconScale, pkg=null, size=216, iconScale=IconScale[alpha=0, scale=1.0, isCrop=true]
03-30 13:51:47.997 12760 12760 I AppIconSolution: default container[CROP], pkg=null, bg=216-216, dr=216-216, isNight = true
03-30 13:51:47.998 12760 13090 I PostPositionOperator: addItem() - com.justeat.app.uk, isWidgetOnly : true
03-30 13:51:47.998 12760 13090 W PackageUpdatedTask: refreshSearchLayout return, operation is not matched
03-30 13:51:48.006 12760 12760 I FolderIconView: applyDotState FolderInfo : Food display : 1 count : 0
03-30 13:51:48.007 12760 12760 I AppIconSolution: getThemeIconWithBG called with public API, pkg = null
03-30 13:51:48.007 12760 12760 I AppIconSolution: start to load, pkg=null, bg=192-192, dr=265-265, forDefault=true, density=0
03-30 13:51:48.008 12760 12760 I AppIconSolution: scale down, pkg=null, dr=216-216, bg=216-216
03-30 13:51:48.008 12760 12760 I AppIconSolution: getIconScale, pkg=null, size=216, iconScale=IconScale[alpha=0, scale=1.0, isCrop=true]
03-30 13:51:48.010 12760 12760 I AppIconSolution: default container[CROP], pkg=null, bg=216-216, dr=216-216, isNight = true
03-30 13:51:48.014 12760 12760 I AppIconSolution: getThemeIconWithBG called with public API, pkg = null
03-30 13:51:48.015 12760 12760 I AppIconSolution: start to load, pkg=null, bg=192-192, dr=265-265, forDefault=true, density=0
03-30 13:51:48.016 12760 12760 I AppIconSolution: scale down, pkg=null, dr=216-216, bg=216-216
03-30 13:51:48.016 12760 12760 I AppIconSolution: getIconScale, pkg=null, size=216, iconScale=IconScale[alpha=0, scale=1.0, isCrop=true]
03-30 13:51:48.018 12760 12760 I AppIconSolution: default container[CROP], pkg=null, bg=216-216, dr=216-216, isNight = true
03-30 13:51:48.022 12760 12760 I FolderIconView: applyDotState FolderInfo : Food display : 0 count : 0
03-30 13:51:48.022 12760 12760 I CapturePreview: sendMessageForCapture
03-30 13:51:48.041 11394 11527 D MobileStatusTracker(0/1): onSignalStrengthsChanged signalStrength=SignalStrength:{mCdma=Invalid,mGsm=Invalid,mWcdma=Invalid,mTdscdma=Invalid,mLte=CellSignalStrengthLte: rssi=-69 rsrp=-95 rsrq=-10 rssnr=5 cqiTableIndex=2147483647 cqi=2147483647 ta=2147483647 level=4 parametersUseForLevel=0,mNr=Invalid,SignalBarInfo{ lteLevel=3 },rat=14,primary=CellSignalStrengthLte} level=3
03-30 13:51:48.041 11394 11527 D CscParser: OMC path : /optics/configs/carriers/single/ROM/conf/customer.xml
03-30 13:51:48.041 11394 11527 I CscParser: getCustomerPath : omc customer file can read
03-30 13:51:48.041 11394 11527 E CscParser: update(): xml file exist
03-30 13:51:48.045 11394 11527 D NetworkController: SignalStrength from intent slotId=0
03-30 13:51:48.077  4235  4235 I Process : Sending signal. PID: 4235 SIG: 9
03-30 13:51:48.108  1266 17332 I ActivityManager: Process com.samsung.android.app.galaxyfinder:appservice (pid 4235) has died: fg  SVC (113,1626)
03-30 13:51:48.109   993   993 I Zygote  : Process 4235 exited due to signal 9 (Killed)
03-30 13:51:48.113 12925 12925 D HidDeviceService: handleMessage(): msg.what=8
03-30 13:51:48.114 12897 12897 W DeviceManager_FLP: onTrimMemory : 15
03-30 13:51:48.114 12897 12897 I GpsSessionManager_FLP: arrangeInvalidSessions
03-30 13:51:48.116 20477 20477 I AiAi    : onTrimMemory() with level 15
03-30 13:51:48.116  1266 12864 W NetlinkSocket: maximum read
03-30 13:51:48.117 26108 26108 I [+0]oneconnect[1.7.83.21_01][BEACON_MANAGER_CONTROL_SERVICE]: QcApplication.onTrimMemory - ************** lvl=15 elapsed=0ms
03-30 13:51:48.117 17114 17114 I AiAi    : onTrimMemory() with level 15
03-30 13:51:48.118  1266 12864 W NetlinkSocket: maximum read
03-30 13:51:48.120 17197 17197 W DMASA[U]: [AppLogData]onTrimMemory(15):1648644708118
03-30 13:51:48.123 32485 32485 I GOS:App : onTrimMemory 60
03-30 13:51:48.124 30703 30703 I SCS@AiSearch user 0: (SearchProvider) onTrimMemory(): 15
03-30 13:51:48.124  4115  4154 D UE4     : [2022.03.30-12.51.48:124][  0]LogStreaming: Display: FlushAsyncLoading: 1 QueuedPackages, 0 AsyncPackages
03-30 13:51:48.119  1266  1977 I libprocessgroup: Successfully killed process cgroup uid 10083 pid 4235 in 11ms
03-30 13:51:48.124  1266 12864 W NetlinkSocket: maximum read
03-30 13:51:48.124  3674  3674 I Finsky  : [2] myz.onTrimMemory(1): Memory trim requested to level 15
03-30 13:51:48.124  2242  2242 I MobileServiceApplication: onTrimMemory:80
03-30 13:51:48.125  1266 12864 W NetlinkSocket: maximum read
03-30 13:51:48.125 11060 11060 I Finsky:background: [2] myz.onTrimMemory(1): Memory trim requested to level 15
03-30 13:51:48.126  4115  4154 D UE4     : [2022.03.30-12.51.48:126][  0]LogPackageLocalizationCache: Processed 18 localized package path(s) for 1 prioritized culture(s) in 0.000267 seconds
03-30 13:51:48.126 29204 29249 W Bugle   : TextClassifierLibManagerImpl: Reclaiming memory at level: 40
03-30 13:51:48.129 11394 11394 D SystemUIService: SYSUI_RAM_OPTIMIZATION onTrimMemory=15
03-30 13:51:48.129 11394 11394 D StatusBar: SYSUI_RAM_OPTIMIZATION onTrimMemory=15
03-30 13:51:48.129 11394 11394 D SystemUIService: onTrimMemory : 15
03-30 13:51:48.130  4115  4115 D UE4     : [GameActivity] ==============> GameActive.onTrimMemory(TRIM_MEMORY_RUNNING_CRITICAL) called!
03-30 13:51:48.130 11394 11394 D SystemUIService: Starting getMemoryInfo in MemoryInfoReporter thread.
03-30 13:51:48.132 17197 17197 I id.diagmonagen: Explicit concurrent copying GC freed 23228(1132KB) AllocSpace objects, 6(312KB) LOS objects, 69% free, 2699KB/8843KB, paused 103us,18us total 11.859ms
03-30 13:51:48.133 31280 31280 I Discord : LowMemoryDetector -> Memory trim level: Background
03-30 13:51:48.133 31280 31280 I Discord : LowMemoryDetector -> ignoring low priority oom messages.
03-30 13:51:48.136 17197 17197 W DMASA[C]: [DiagMonAgentApplication]onTrimMemory (15)
03-30 13:51:48.168  1266  1733 I ActivityManager: Changes in 10112 19 to 5, 0 to 8
03-30 13:51:48.169  1266  1931 D NetworkPolicy: onUidStateChanged() uid: 10112, isForeground(true, 5)
03-30 13:51:48.174 12925 12925 D HidDeviceService: handleMessage(): msg.what=8
03-30 13:51:48.175  1950  2112 I SamsungAccount: [AccountManagerProvider] isBlockedApplication : app.shealth.
03-30 13:51:48.175  1950  2112 I SamsungAccount: [SignatureCheckUtil] runCheckSignatureAsync
03-30 13:51:48.175  1950  2112 I SamsungAccount: [SignaturePreconditionChecker] getSignatureResult - fromSesSdk : false
03-30 13:51:48.175  1950  2112 I SamsungAccount: [SignatureInfoDbHelper] getSignatureResult - [10/1y90e][app.shealth.]
03-30 13:51:48.175  1950  2112 I SamsungAccount: [SignatureInfoDbHelper] searchOnUser
03-30 13:51:48.177  4115  4154 D UE4     : [2022.03.30-12.51.48:177][  0]LogSerialization: Display: AllowBulkDataInIoStore: 'true'
03-30 13:51:48.180  1950  2112 I SamsungAccount: [SignatureInfoDbHelper] searchOnUser - [10/1y90e][app.shealth.][64/14aaf] => matched
03-30 13:51:48.180  1950  2112 I SamsungAccount: [SignatureInfoDbHelper] search - matched
03-30 13:51:48.180  1950  2112 I SamsungAccount: [SignatureCheckUtil] runCheckSignatureAsync(fromDb) - matched
03-30 13:51:48.180  1950  2112 I SamsungAccount: [AccountManagerProvider] This is the access of the allowed application
03-30 13:51:48.181  4115  4154 D UE4     : [2022.03.30-12.51.48:181][  0]LogInit: Active device profile: [0xabd84900][0xac930a90 49] Android_Adreno6xx
03-30 13:51:48.181  4115  4154 D UE4     : [2022.03.30-12.51.48:181][  0]LogInit: Profiles: [0xabd84400][0xac937520 49] Android, [0xabd84d00][0xac931fe0 49] Android_High, [0xabd84900][0xac930a90 49] Android_Adreno6xx, 
03-30 13:51:48.249  4115  4154 D UE4     : [2022.03.30-12.51.48:249][  0]LogNetVersion: TestAndroid 1.0.0, NetCL: 14830424, EngineNetVer: 16, GameNetVer: 0 (Checksum: 610059153)
03-30 13:51:48.315 30703 30753 I SCS@AiSearch user 0: (AppsDataWorker) [pool-3-thread-1] entering in doWork():  
03-30 13:51:48.315 30703 30753 I SCS@AiSearch user 0: (AppsDataObserver) [pool-3-thread-1] entering in execute():  
03-30 13:51:48.316 30703 30753 I SCS@AiSearch user 0: (AppsDataObserver-CMD_UPDATE_LIST) changed package count: 1
03-30 13:51:48.337 30703 30753 I SCS@AiSearch user 0: (AppsDataObserver) [pool-3-thread-1] leaving from execute():  result is true
03-30 13:51:48.337 30703 30753 I SCS@AiSearch user 0: (AppsDataWorker) [pool-3-thread-1] leaving from doWork():  
03-30 13:51:48.338 30703 30734 I WM-WorkerWrapper: Worker result SUCCESS for Work [ id=3b1405d5-5428-401d-b5ee-7ed7f45b9169, tags={ com.samsung.android.scs.ai.search.scheduling.workers.AppsDataWorker, CMD_UPDATE_LIST } ]
03-30 13:51:48.372  1266 11040 D SemNscXgbMsL1: Probability - Cloud gaming: [0.0014957258]
03-30 13:51:48.372  1266 11040 D SemNscXgbMsL1: Probability - Real time: [0.09377349]
03-30 13:51:48.372  1266 11040 D SemNscXgbMsL1: Probability - Non real time: [0.9652455]
03-30 13:51:48.372  1266 11040 D SemNscXgbMsL1: 1 sample inference time: 1.245417 msecs
03-30 13:51:48.375  1266 11040 D SemNscXgbL2Rt: L2 RT 1 sample inference time: 1.696823 msecs
03-30 13:51:48.376  1266 11040 D SemNscXgbL2Nrt: L2 NRT 1 sample inference time: 1.306302 msecs
03-30 13:51:48.401  1266  4322 D WifiConnectivityMonitor.DnsPingerHandler: setCurrentLinkProperties: lp={InterfaceName: wlan0 LinkAddresses: [ fe80::1886:24ff:fec7:7b92/64,10.141.2.87/23 ] DnsAddresses: [ /8.8.8.8,/1.1.1.2 ] UsePrivateDns: true ValidatedPrivateDnsAddresses: [8.8.8.8,1.1.1.2] Domains: null MTU: 0 ServerAddress: /10.141.2.1 TcpBufferSizes: 524288,1048576,4194304,524288,1048576,4194304 Routes: [ fe80::/64 -> :: wlan0 mtu 0,10.141.2.0/23 -> 0.0.0.0 wlan0 mtu 0,0.0.0.0/0 -> 10.141.2.1 wlan0 mtu 0 ]}
03-30 13:51:48.516 30165 30165 E adbd    : failed to connect to socket 'tcp:6666': Connection refused
03-30 13:51:48.606  4115  4154 D UE4     : [2022.03.30-12.51.48:606][  0]LogAudioCaptureCore: Display: No Audio Capture implementations found. Audio input will be silent.
03-30 13:51:48.606  4115  4154 D UE4     : [2022.03.30-12.51.48:606][  0]LogAudioCaptureCore: Display: No Audio Capture implementations found. Audio input will be silent.
03-30 13:51:48.612  1266 10941 W SearchableInfo: Invalid searchable metadata for com.samsung.android.messaging/.ui.view.recipientspicker.PickerActivity: Search label must be a resource reference.
03-30 13:51:48.616  4115  4154 D UE4     : [2022.03.30-12.51.48:616][  0]LogHMD: PokeAHoleMaterial loaded successfully
03-30 13:51:48.710  1266  4323 D WifiConnectivityMonitor.DnsThread:  [|206] []
03-30 13:51:48.710  1266 11052 D WifiConnectivityMonitor.NetworkStatsAnalyzer: DNS resultType : 0, responseTime : 206
03-30 13:51:48.747  1266  2822 D SamsungAlarmManager: Expired : 4
03-30 13:51:48.748  1266  2822 V SamsungAlarmManager: Sending to uid : 10352 action=org.microg.gms.gcm.mcs.HEARTBEAT alarm=Alarm{cc90db4 type 2 origWhen 212628864 whenElapsed 212628864 com.mgoogle.android.gms}
03-30 13:51:48.754  1266  2822 D ActivityManager: Received SERVICE intent 0x44ddc17 Key{startService pkg=com.mgoogle.android.gms intent=act=org.microg.gms.gcm.mcs.HEARTBEAT cmp=com.mgoogle.android.gms/org.microg.gms.gcm.McsService flags=0x0 u=0} requestCode=0 from uid 1000
03-30 13:51:48.756  1266  2822 V SamsungAlarmManager: setLocked to kernel - W:212724530 / NW:212640116, now=212628872
03-30 13:51:48.766  3342  3366 E TEST    : gcm_full_log = 1
03-30 13:51:48.767  3342  3366 E TEST    : gcm_last_persistent_id = 
03-30 13:51:48.767  3342  3366 E TEST    : gcm_enable_mcs_service = 1
03-30 13:51:48.767  3342  3366 E TEST    : gcm_network_mobile = 0
03-30 13:51:48.767  3342  3366 E TEST    : gcm_network_wifi = 0
03-30 13:51:48.767  3342  3366 E TEST    : gcm_network_roaming = 0
03-30 13:51:48.767  3342  3366 E TEST    : gcm_network_other = 0
03-30 13:51:48.767  3342  3366 E TEST    : gcm_learnt_mobile = 60000
03-30 13:51:48.767  3342  3366 E TEST    : gcm_learnt_wifi = 60000
03-30 13:51:48.767  3342  3366 E TEST    : gcm_learnt_other = 60000
03-30 13:51:48.771 26109 26155 D GmsGcmMcsSvc: Heartbeat initiated, reason: Intent { act=org.microg.gms.gcm.mcs.HEARTBEAT flg=0x4 cmp=com.mgoogle.android.gms/org.microg.gms.gcm.McsService (has extras) }
03-30 13:51:48.772  3342  3367 E TEST    : gcm_full_log = 1
03-30 13:51:48.772  3342  3367 E TEST    : gcm_last_persistent_id = 
03-30 13:51:48.772  3342  3367 E TEST    : gcm_enable_mcs_service = 1
03-30 13:51:48.772  3342  3367 E TEST    : gcm_network_mobile = 0
03-30 13:51:48.772  3342  3367 E TEST    : gcm_network_wifi = 0
03-30 13:51:48.772  3342  3367 E TEST    : gcm_network_roaming = 0
03-30 13:51:48.772  3342  3367 E TEST    : gcm_network_other = 0
03-30 13:51:48.772  3342  3367 E TEST    : gcm_learnt_mobile = 60000
03-30 13:51:48.772  3342  3367 E TEST    : gcm_learnt_wifi = 60000
03-30 13:51:48.772  3342  3367 E TEST    : gcm_learnt_other = 60000
03-30 13:51:48.777  3342  3367 E TEST    : gcm_full_log = 1
03-30 13:51:48.777  3342  3367 E TEST    : gcm_last_persistent_id = 
03-30 13:51:48.777  3342  3367 E TEST    : gcm_enable_mcs_service = 1
03-30 13:51:48.777  3342  3367 E TEST    : gcm_network_mobile = 0
03-30 13:51:48.777  3342  3367 E TEST    : gcm_network_wifi = 0
03-30 13:51:48.777  3342  3367 E TEST    : gcm_network_roaming = 0
03-30 13:51:48.777  3342  3367 E TEST    : gcm_network_other = 0
03-30 13:51:48.777  3342  3367 E TEST    : gcm_learnt_mobile = 60000
03-30 13:51:48.777  3342  3367 E TEST    : gcm_learnt_wifi = 60000
03-30 13:51:48.777  3342  3367 E TEST    : gcm_learnt_other = 60000
03-30 13:51:48.780  3342  3366 E TEST    : gcm_full_log = 1
03-30 13:51:48.780  3342  3366 E TEST    : gcm_last_persistent_id = 
03-30 13:51:48.780  3342  3366 E TEST    : gcm_enable_mcs_service = 1
03-30 13:51:48.780  3342  3366 E TEST    : gcm_network_mobile = 0
03-30 13:51:48.780  3342  3366 E TEST    : gcm_network_wifi = 0
03-30 13:51:48.780  3342  3366 E TEST    : gcm_network_roaming = 0
03-30 13:51:48.780  3342  3366 E TEST    : gcm_network_other = 0
03-30 13:51:48.780  3342  3366 E TEST    : gcm_learnt_mobile = 60000
03-30 13:51:48.780  3342  3366 E TEST    : gcm_learnt_wifi = 60000
03-30 13:51:48.780  3342  3366 E TEST    : gcm_learnt_other = 60000
03-30 13:51:48.783 26109 26155 D GmsGcmMcsSvc: Scheduling heartbeat in 60 seconds...
03-30 13:51:48.785  1266 17332 D SamsungAlarmManager: setExact (T:2/F:33/AC:false) 20220330T135248 now=212628901 - CU:10352/CP:26109/OP:PendingIntent{ffdddd: PendingIntentRecord{44ddc17 com.mgoogle.android.gms startService}}
03-30 13:51:48.785  1266 17332 V SamsungAlarmManager: setLocked to kernel - W:212688900 / NW:212640116, now=212628902
03-30 13:51:48.786 26109 26219 D GmsGcmMcsOutput: Outgoing message: HeartbeatPing{last_stream_id_received=2185}
03-30 13:51:48.830 26109 26218 D GmsGcmMcsInput: Incoming message: HeartbeatAck{last_stream_id_received=2184}
03-30 13:51:48.831  3342  4324 E TEST    : gcm_full_log = 1
03-30 13:51:48.831  3342  4324 E TEST    : gcm_last_persistent_id = 
03-30 13:51:48.831  3342  4324 E TEST    : gcm_enable_mcs_service = 1
03-30 13:51:48.831  3342  4324 E TEST    : gcm_network_mobile = 0
03-30 13:51:48.831  3342  4324 E TEST    : gcm_network_wifi = 0
03-30 13:51:48.832  3342  4324 E TEST    : gcm_network_roaming = 0
03-30 13:51:48.832  3342  4324 E TEST    : gcm_network_other = 0
03-30 13:51:48.832  3342  4324 E TEST    : gcm_learnt_mobile = 60000
03-30 13:51:48.832  3342  4324 E TEST    : gcm_learnt_wifi = 60000
03-30 13:51:48.832  3342  4324 E TEST    : gcm_learnt_other = 60000
03-30 13:51:48.836 26109 26218 D GmsGcmPrefs: learnReached: gcm_network_wifi / 60036
03-30 13:51:48.837  3342  4324 E TEST    : gcm update: gcm_learnt_wifi = 60000
03-30 13:51:48.874  4115  4154 V MediaPlayer-JNI: native_setup
03-30 13:51:48.876  4115  4154 V MediaPlayerNative: constructor
03-30 13:51:48.879  4115  4154 V MediaPlayerNative: setListener
03-30 13:51:48.879  1135  1993 D AudioFlinger: ro.audio.silent is ignored since no output device is set
03-30 13:51:48.879  1135  2032 D AudioFlinger: ro.audio.silent is ignored since no output device is set
03-30 13:51:48.880  1135  2013 D AudioFlinger: ro.audio.silent is ignored since no output device is set
03-30 13:51:48.883  1266 11040 D SemNscXgbMsL1: Probability - Cloud gaming: [0.0026957404]
03-30 13:51:48.883  1266 11040 D SemNscXgbMsL1: Probability - Real time: [0.12472735]
03-30 13:51:48.883  1266 11040 D SemNscXgbMsL1: Probability - Non real time: [0.92419446]
03-30 13:51:48.883  1266 11040 D SemNscXgbMsL1: 1 sample inference time: 1.003073 msecs
03-30 13:51:48.884  4115  4154 D UE4     : [2022.03.30-12.51.48:884][  0]LogMoviePlayer: Initializing movie player
03-30 13:51:48.886  1266 11040 D SemNscXgbL2Rt: L2 RT 1 sample inference time: 2.416823 msecs
03-30 13:51:48.887  1266 11040 D SemNscXgbL2Nrt: L2 NRT 1 sample inference time: 1.053854 msecs
03-30 13:51:48.903 17063 31980 W MediaProvider: isAppCloneUserPair for user 0: false
03-30 13:51:48.924 17063  3519 W MediaProvider: isAppCloneUserPair for user 0: false
03-30 13:51:48.940  1266 17332 D SamsungAlarmManager: Cancel Alarm calling from uid:10244 pid :17133 / OP:PendingIntent{8059c9e: PendingIntentRecord{5cb4521 com.google.android.gms/com.google.android.gms.gcm broadcastIntent}}
03-30 13:51:48.940 17063 20829 W MediaProvider: isAppCloneUserPair for user 0: false
03-30 13:51:48.942  1266 17332 V SamsungAlarmManager: setLocked to kernel - W:212688900 / NW:212640116, now=212629058
03-30 13:51:48.950  1266 11339 I ChimeraAggressivePolicyHandler: executePolicy() - triggerSource: TRIGGER_SOURCE_LMKD
03-30 13:51:48.951  1266 11339 I ChimeraAggressivePolicyHandler: available memory: 1742156, free memory target: 1300480, quit chimera
03-30 13:51:48.956 17063  1636 W MediaProvider: isAppCloneUserPair for user 0: false
03-30 13:51:48.969 17063 15831 W MediaProvider: isAppCloneUserPair for user 0: false
03-30 13:51:48.974 30703 30749 I SCS@AiSearch user 0: (SamsungSearchSerialMergeScheduler) Lucene segment merge is triggered by FULL_FLUSH, took 2509ms
03-30 13:51:48.974 30703 30749 I SCS@AiSearch user 0: (IndexSearcherManager) [pool-8-thread-1] leaving from refreshSearcherManager():  
03-30 13:51:48.974 30703 30749 I SCS@AiSearch user 0: (IndexManager) [pool-8-thread-1] entering in waitUntilCommitTaskFinished (idx=com.google.android.providers.media)():  
03-30 13:51:48.975 30703 30808 I SCS@AiSearch user 0: (IndexManager) [pool-9-thread-1] entering in commitIndexWriter():  
03-30 13:51:48.979 17063  1636 W MediaProvider: isAppCloneUserPair for user 0: false
03-30 13:51:48.987  1266  2818 D SamsungAlarmManager: setInexact (T:3/F:0/AC:false) 20220330T135412 now=212629103 - CU:10244/CP:17133/OP:PendingIntent{f46ac11: PendingIntentRecord{5cb4521 com.google.android.gms/com.google.android.gms.gcm broadcastIntent}}
03-30 13:51:48.987  1266  2818 V SamsungAlarmManager: setLocked to kernel - W:212688900 / NW:212640116, now=212629103
03-30 13:51:48.991 17063 15831 W MediaProvider: isAppCloneUserPair for user 0: false
03-30 13:51:48.991 17133 30546 I NetworkScheduler.Stats: Task com.google.android.gms/com.google.android.gms.ipa.base.IpaGcmTaskService started execution. cause:9 exec_start_elapsed_seconds: 212629 [CONTEXT service_id=218 ]
03-30 13:51:48.994  1266 17307 D SamsungAlarmManager: Cancel Alarm calling from uid:10244 pid :17133 / OP:PendingIntent{faaa176: PendingIntentRecord{5cb4521 com.google.android.gms/com.google.android.gms.gcm broadcastIntent}}
03-30 13:51:48.994  1266 17307 V SamsungAlarmManager: setLocked to kernel - W:212688900 / NW:212640116, now=212629110
03-30 13:51:48.997  1266 17307 D SamsungAlarmManager: setInexact (T:3/F:0/AC:false) 20220330T135412 now=212629113 - CU:10244/CP:17133/OP:PendingIntent{1ce377: PendingIntentRecord{5cb4521 com.google.android.gms/com.google.android.gms.gcm broadcastIntent}}
03-30 13:51:48.997  1266 17307 V SamsungAlarmManager: setLocked to kernel - W:212688900 / NW:212640116, now=212629114
03-30 13:51:49.012 17063 20957 W MediaProvider: isAppCloneUserPair for user 0: false
03-30 13:51:49.021 17133  1658 I NetworkScheduler.Stats: Task com.google.android.gms/com.google.android.gms.ipa.base.IpaGcmTaskService finished executing. cause:9 result: 1 elapsed_millis: 52 uptime_millis: 52 exec_start_elapsed_seconds: 212629 [CONTEXT service_id=218 ]
03-30 13:51:49.022  1266 17300 D SamsungAlarmManager: Cancel Alarm calling from uid:10244 pid :17133 / OP:PendingIntent{ea54be4: PendingIntentRecord{5cb4521 com.google.android.gms/com.google.android.gms.gcm broadcastIntent}}
03-30 13:51:49.022  1266 17300 V SamsungAlarmManager: setLocked to kernel - W:212688900 / NW:212640116, now=212629138
03-30 13:51:49.023 17063 15831 W MediaProvider: isAppCloneUserPair for user 0: false
03-30 13:51:49.025  1266 17300 D SamsungAlarmManager: setInexact (T:3/F:0/AC:false) 20220330T135412 now=212629141 - CU:10244/CP:17133/OP:PendingIntent{fd8f84d: PendingIntentRecord{5cb4521 com.google.android.gms/com.google.android.gms.gcm broadcastIntent}}
03-30 13:51:49.025  1266 17300 V SamsungAlarmManager: setLocked to kernel - W:212688900 / NW:212640116, now=212629141
03-30 13:51:49.034 17063 20957 W MediaProvider: isAppCloneUserPair for user 0: false
03-30 13:51:49.035  1266 17386 D SamsungAlarmManager: Cancel Alarm calling from uid:10244 pid :17133 / OP:PendingIntent{1a0694e: PendingIntentRecord{5cb4521 com.google.android.gms/com.google.android.gms.gcm broadcastIntent}}
03-30 13:51:49.035  1266 17386 V SamsungAlarmManager: setLocked to kernel - W:212688900 / NW:212640116, now=212629152
03-30 13:51:49.038  1266 17300 D SamsungAlarmManager: setInexact (T:3/F:0/AC:false) 20220330T135412 now=212629155 - CU:10244/CP:17133/OP:PendingIntent{d5c337c: PendingIntentRecord{5cb4521 com.google.android.gms/com.google.android.gms.gcm broadcastIntent}}
03-30 13:51:49.038  1266 17300 V SamsungAlarmManager: setLocked to kernel - W:212688900 / NW:212640116, now=212629155
03-30 13:51:49.045  1266 17300 D SamsungAlarmManager: Cancel Alarm calling from uid:10244 pid :17133 / OP:PendingIntent{5d9e405: PendingIntentRecord{5cb4521 com.google.android.gms/com.google.android.gms.gcm broadcastIntent}}
03-30 13:51:49.045  1266 17300 V SamsungAlarmManager: setLocked to kernel - W:212688900 / NW:212640116, now=212629161
03-30 13:51:49.045 30703 30808 I SCS@AiSearch user 0: (IndexManager) [pool-9-thread-1] leaving from commitIndexWriter():  
03-30 13:51:49.046 30703 30749 I SCS@AiSearch user 0: (IndexManager) [pool-8-thread-1] leaving from waitUntilCommitTaskFinished (idx=com.google.android.providers.media)():  
03-30 13:51:49.046 30703 30749 I SCS@AiSearch user 0: (IndexManager) addIndex(): done
03-30 13:51:49.047 17063 15831 W MediaProvider: isAppCloneUserPair for user 0: false
03-30 13:51:49.048  1266 17300 D SamsungAlarmManager: setInexact (T:3/F:0/AC:false) 20220330T135412 now=212629164 - CU:10244/CP:17133/OP:PendingIntent{21dcc5a: PendingIntentRecord{5cb4521 com.google.android.gms/com.google.android.gms.gcm broadcastIntent}}
03-30 13:51:49.048 30703 30749 I SCS@AiSearch user 0: (BaseCollector::AOSP_MP) fetch: fetching took  2737 ms
03-30 13:51:49.048 30703 30749 I SCS@AiSearch user 0: (BaseCollector::AOSP_MP) fetchChanges: applied 1 items
03-30 13:51:49.048  1266 17300 V SamsungAlarmManager: setLocked to kernel - W:212688900 / NW:212640116, now=212629164
03-30 13:51:49.048 30703 30749 I SCS@AiSearch user 0: (BaseCollector::AOSP_MP) notifyIndexChange
03-30 13:51:49.049 17133 18270 I NetworkScheduler: ignoring stale queue check message
03-30 13:51:49.056 17063 20957 W MediaProvider: isAppCloneUserPair for user 0: false
03-30 13:51:49.058  1266 17386 D SamsungAlarmManager: Cancel Alarm calling from uid:10244 pid :17133 / OP:PendingIntent{28f9e8b: PendingIntentRecord{5cb4521 com.google.android.gms/com.google.android.gms.gcm broadcastIntent}}
03-30 13:51:49.059  1266 17386 V SamsungAlarmManager: setLocked to kernel - W:212688900 / NW:212640116, now=212629175
03-30 13:51:49.065 17063 15831 W MediaProvider: isAppCloneUserPair for user 0: false
03-30 13:51:49.075 17063 20829 W MediaProvider: isAppCloneUserPair for user 0: false
03-30 13:51:49.087 17063 31483 W MediaProvider: isAppCloneUserPair for user 0: false
03-30 13:51:49.088  1266 17386 D SamsungAlarmManager: setInexact (T:3/F:0/AC:false) 20220330T135412 now=212629205 - CU:10244/CP:17133/OP:PendingIntent{2d79867: PendingIntentRecord{5cb4521 com.google.android.gms/com.google.android.gms.gcm broadcastIntent}}
03-30 13:51:49.089  1266 17386 V SamsungAlarmManager: setLocked to kernel - W:212688900 / NW:212640116, now=212629205
03-30 13:51:49.090  4115  4154 D UE4     : [2022.03.30-12.51.49:090][  0]LogUdpMessaging: Initializing bridge on interface 0.0.0.0:0 to multicast group 230.0.0.1:6666.
03-30 13:51:49.093 17133 26744 I NetworkScheduler.Stats: Task com.google.android.gms/com.google.android.gms.ipa.base.IpaGcmTaskService started execution. cause:9 exec_start_elapsed_seconds: 212629 [CONTEXT service_id=218 ]
03-30 13:51:49.094  4115  4154 D UE4     : [2022.03.30-12.51.49:094][  0]LogTcpMessaging: Initializing TcpMessaging bridge, listening on 127.0.0.1:6666
03-30 13:51:49.095  1266 17307 D SamsungAlarmManager: Cancel Alarm calling from uid:10244 pid :17133 / OP:PendingIntent{ce57614: PendingIntentRecord{5cb4521 com.google.android.gms/com.google.android.gms.gcm broadcastIntent}}
03-30 13:51:49.096  1266 17307 V SamsungAlarmManager: setLocked to kernel - W:212688900 / NW:212640116, now=212629212
03-30 13:51:49.100  1266 17386 D SamsungAlarmManager: setInexact (T:3/F:0/AC:false) 20220330T135412 now=212629216 - CU:10244/CP:17133/OP:PendingIntent{f258ebd: PendingIntentRecord{5cb4521 com.google.android.gms/com.google.android.gms.gcm broadcastIntent}}
03-30 13:51:49.102  4115  4154 D UE4     : [2022.03.30-12.51.49:102][  0]LogAndroidPermission: UAndroidPermissionCallbackProxy::GetInstance
03-30 13:51:49.102  4115  4154 D UE4     : [2022.03.30-12.51.49:102][  0]LogGooglePAD: Display: GooglePAD disabled.
03-30 13:51:49.103  4115  4154 D UE4     : [2022.03.30-12.51.49:103][  0]LogOcInput: OculusInput pre-init called
03-30 13:51:49.107  1266 17386 V SamsungAlarmManager: setLocked to kernel - W:212688900 / NW:212640116, now=212629223
03-30 13:51:49.115  4115  4154 D UE4     : [2022.03.30-12.51.49:115][  0]LogUObjectArray: 14621 objects as part of root set at end of initial load.
03-30 13:51:49.115  4115  4154 D UE4     : [2022.03.30-12.51.49:115][  0]LogUObjectArray: 2 objects are not in the root set, but can never be destroyed because they are in the DisregardForGC set.
03-30 13:51:49.115  4115  4154 D UE4     : [2022.03.30-12.51.49:115][  0]LogUObjectAllocator: 2093104 out of 0 bytes used by permanent object pool.
03-30 13:51:49.115  4115  4154 D UE4     : [2022.03.30-12.51.49:115][  0]LogUObjectArray: CloseDisregardForGC: 14621/14621 objects in disregard for GC pool
03-30 13:51:49.119  4115  4154 D UE4     : [2022.03.30-12.51.49:119][  0]LogAndroid: Display: Passed PreInit()
03-30 13:51:49.121  4115  4154 D UE4     : [2022.03.30-12.51.49:121][  0]LogEngine: Initializing Engine...
03-30 13:51:49.122 17133  1658 I NetworkScheduler.Stats: Task com.google.android.gms/com.google.android.gms.ipa.base.IpaGcmTaskService finished executing. cause:9 result: 1 elapsed_millis: 48 uptime_millis: 48 exec_start_elapsed_seconds: 212629 [CONTEXT service_id=218 ]
03-30 13:51:49.125  4115  4154 D UE4     : [2022.03.30-12.51.49:125][  0]LogStats: UGameplayTagsManager::InitializeManager -  0.002 s
03-30 13:51:49.127  1266 17386 D SamsungAlarmManager: Cancel Alarm calling from uid:10244 pid :17133 / OP:PendingIntent{7a98cb2: PendingIntentRecord{5cb4521 com.google.android.gms/com.google.android.gms.gcm broadcastIntent}}
03-30 13:51:49.127  1266 17386 V SamsungAlarmManager: setLocked to kernel - W:212688900 / NW:212640116, now=212629244
03-30 13:51:49.134  1266 17386 D SamsungAlarmManager: setInexact (T:3/F:0/AC:false) 20220330T135412 now=212629250 - CU:10244/CP:17133/OP:PendingIntent{fbb5403: PendingIntentRecord{5cb4521 com.google.android.gms/com.google.android.gms.gcm broadcastIntent}}
03-30 13:51:49.134  1266 17386 V SamsungAlarmManager: setLocked to kernel - W:212688900 / NW:212640116, now=212629250
03-30 13:51:49.152  1266  2818 D SamsungAlarmManager: Cancel Alarm calling from uid:10244 pid :17133 / OP:PendingIntent{3d173ac: PendingIntentRecord{5cb4521 com.google.android.gms/com.google.android.gms.gcm broadcastIntent}}
03-30 13:51:49.153  1266  2818 V SamsungAlarmManager: setLocked to kernel - W:212688900 / NW:212640116, now=212629269
03-30 13:51:49.156  1266  2818 D SamsungAlarmManager: setInexact (T:3/F:0/AC:false) 20220330T135412 now=212629272 - CU:10244/CP:17133/OP:PendingIntent{474d875: PendingIntentRecord{5cb4521 com.google.android.gms/com.google.android.gms.gcm broadcastIntent}}
03-30 13:51:49.156  1266  2818 V SamsungAlarmManager: setLocked to kernel - W:212688900 / NW:212640116, now=212629273
03-30 13:51:49.175   668   668 D io_stats: !@   8,0 r 15839699 353049644 w 4936589 83737104 d 1453599 122537760 f 0 0 iot 4544008 0 th 0 0 0 pt 0 inp 0 0 103595.327
03-30 13:51:49.269  4115  4154 D UE4     : [2022.03.30-12.51.49:269][  0]LogInit: Initializing FReadOnlyCVARCache
03-30 13:51:49.270  4115  4154 D UE4     : [2022.03.30-12.51.49:269][  0]LogAudio: Display: Initializing Audio Device Manager...
03-30 13:51:49.270  4115  4154 D UE4     : [2022.03.30-12.51.49:270][  0]LogAudio: Display: Audio Device Manager Initialized
03-30 13:51:49.270  4115  4154 D UE4     : [2022.03.30-12.51.49:270][  0]LogAudio: Display: Creating Audio Device:                 Id: 1, Scope: Shared, Realtime: True
03-30 13:51:49.273  4115  4154 D UE4     : [GameActivity] [JAVA] audiomanager.framesPerBuffer = 192
03-30 13:51:49.273  4115  4154 D UE4     : [2022.03.30-12.51.49:273][  0]LogAudioMixer: Display: Audio Mixer Platform Settings:
03-30 13:51:49.273  4115  4154 D UE4     : [2022.03.30-12.51.49:273][  0]LogAudioMixer: Display: 	Sample Rate:						  48000
03-30 13:51:49.274  4115  4154 D UE4     : [2022.03.30-12.51.49:274][  0]LogAudioMixer: Display: 	Callback Buffer Frame Size Requested: 1152
03-30 13:51:49.274  4115  4154 D UE4     : [2022.03.30-12.51.49:274][  0]LogAudioMixer: Display: 	Callback Buffer Frame Size To Use:	  1152
03-30 13:51:49.274  4115  4154 D UE4     : [2022.03.30-12.51.49:274][  0]LogAudioMixer: Display: 	Number of buffers to queue:			  2
03-30 13:51:49.274  4115  4154 D UE4     : [2022.03.30-12.51.49:274][  0]LogAudioMixer: Display: 	Max Channels (voices):				  32
03-30 13:51:49.274  4115  4154 D UE4     : [2022.03.30-12.51.49:274][  0]LogAudioMixer: Display: 	Number of Async Source Workers:		  0
03-30 13:51:49.274  4115  4154 D UE4     : [2022.03.30-12.51.49:274][  0]LogAudio: Display: AudioDevice MaxSources: 32
03-30 13:51:49.276  4115  4154 D UE4     : [2022.03.30-12.51.49:276][  0]LogAudio: Display: Using built-in audio occlusion.
03-30 13:51:49.276  4115  4154 D UE4     : [2022.03.30-12.51.49:276][  0]LogAudioMixer: Display: Initializing audio mixer.
03-30 13:51:49.280  4115  4154 D UE4     : [GameActivity] [JAVA] audiomanager.optimalSampleRate = 48000
03-30 13:51:49.281  4115  4154 D UE4     : [GameActivity] [JAVA] audiomanager.framesPerBuffer = 192
03-30 13:51:49.282  4115  4154 D any.TestAndroi: PlayerBase::PlayerBase()
03-30 13:51:49.283  4115  4154 D any.TestAndroi: TrackPlayerBase::TrackPlayerBase()
03-30 13:51:49.283  4115  4154 I libOpenSLES: Emulating old channel mask behavior (ignoring positional mask 0x3, using default mask 0x3 based on channel count of 2)
03-30 13:51:49.293  1135  1436 V APM_AudioPolicyManager: getOutputForAttrInt() attributes={ Content type: AUDIO_CONTENT_TYPE_UNKNOWN Usage: AUDIO_USAGE_MEDIA Source: AUDIO_SOURCE_DEFAULT Flags: 0x400 Tags:  } stream=AUDIO_STREAM_MUSIC session 9097 selectedDeviceId 0
03-30 13:51:49.296  1135  1436 D APM_AudioPolicyManager: selectOutputFlags remove raw flag for SPEAKER
03-30 13:51:49.296  1135  1436 I APM_AudioPolicyManager: selectOutputFlags: remove ULL flag for dolby
