03-29 19:24:05.397  6620  6661 D UE4     : [2022.03.29-18.24.05:397][  0]LogRHI:   GL_SHADING_LANGUAGE_VERSION: OpenGL ES GLSL ES 3.20
03-29 19:24:05.397  6620  6661 D UE4     : [2022.03.29-18.24.05:397][  0]LogRHI: OpenGL Extensions:
03-29 19:24:05.398  6620  6661 D UE4     : [2022.03.29-18.24.05:398][  0]LogRHI:   GL_OES_EGL_image
03-29 19:24:05.398  6620  6661 D UE4     : [2022.03.29-18.24.05:398][  0]LogRHI:   GL_OES_EGL_image_external
03-29 19:24:05.398  6620  6661 D UE4     : [2022.03.29-18.24.05:398][  0]LogRHI:   GL_OES_EGL_sync
03-29 19:24:05.398  6620  6661 D UE4     : [2022.03.29-18.24.05:398][  0]LogRHI:   GL_OES_vertex_half_float
03-29 19:24:05.398  6620  6661 D UE4     : [2022.03.29-18.24.05:398][  0]LogRHI:   GL_OES_framebuffer_object
03-29 19:24:05.398  6620  6661 D UE4     : [2022.03.29-18.24.05:398][  0]LogRHI:   GL_OES_rgb8_rgba8
03-29 19:24:05.398  6620  6661 D UE4     : [2022.03.29-18.24.05:398][  0]LogRHI:   GL_OES_compressed_ETC1_RGB8_texture
03-29 19:24:05.398  6620  6661 D UE4     : [2022.03.29-18.24.05:398][  0]LogRHI:   GL_AMD_compressed_ATC_texture
03-29 19:24:05.398  6620  6661 D UE4     : [2022.03.29-18.24.05:398][  0]LogRHI:   GL_KHR_texture_compression_astc_ldr
03-29 19:24:05.398  6620  6661 D UE4     : [2022.03.29-18.24.05:398][  0]LogRHI:   GL_KHR_texture_compression_astc_hdr
03-29 19:24:05.398  6620  6661 D UE4     : [2022.03.29-18.24.05:398][  0]LogRHI:   GL_OES_texture_compression_astc
03-29 19:24:05.399  6620  6661 D UE4     : [2022.03.29-18.24.05:399][  0]LogRHI:   GL_OES_texture_npot
03-29 19:24:05.399  6620  6661 D UE4     : [2022.03.29-18.24.05:399][  0]LogRHI:   GL_EXT_texture_filter_anisotropic
03-29 19:24:05.399  6620  6661 D UE4     : [2022.03.29-18.24.05:399][  0]LogRHI:   GL_EXT_texture_format_BGRA8888
03-29 19:24:05.399  6620  6661 D UE4     : [2022.03.29-18.24.05:399][  0]LogRHI:   GL_EXT_read_format_bgra
03-29 19:24:05.399  6620  6661 D UE4     : [2022.03.29-18.24.05:399][  0]LogRHI:   GL_OES_texture_3D
03-29 19:24:05.399  6620  6661 D UE4     : [2022.03.29-18.24.05:399][  0]LogRHI:   GL_EXT_color_buffer_float
03-29 19:24:05.399  6620  6661 D UE4     : [2022.03.29-18.24.05:399][  0]LogRHI:   GL_EXT_color_buffer_half_float
03-29 19:24:05.399  6620  6661 D UE4     : [2022.03.29-18.24.05:399][  0]LogRHI:   GL_QCOM_alpha_test
03-29 19:24:05.399  6620  6661 D UE4     : [2022.03.29-18.24.05:399][  0]LogRHI:   GL_OES_depth24
03-29 19:24:05.399  6620  6661 D UE4     : [2022.03.29-18.24.05:399][  0]LogRHI:   GL_OES_packed_depth_stencil
03-29 19:24:05.399  6620  6661 D UE4     : [2022.03.29-18.24.05:399][  0]LogRHI:   GL_OES_depth_texture
03-29 19:24:05.400  6620  6661 D UE4     : [2022.03.29-18.24.05:400][  0]LogRHI:   GL_OES_depth_texture_cube_map
03-29 19:24:05.400  6620  6661 D UE4     : [2022.03.29-18.24.05:400][  0]LogRHI:   GL_EXT_sRGB
03-29 19:24:05.400  6620  6661 D UE4     : [2022.03.29-18.24.05:400][  0]LogRHI:   GL_OES_texture_float
03-29 19:24:05.400  6620  6661 D UE4     : [2022.03.29-18.24.05:400][  0]LogRHI:   GL_OES_texture_float_linear
03-29 19:24:05.400  6620  6661 D UE4     : [2022.03.29-18.24.05:400][  0]LogRHI:   GL_OES_texture_half_float
03-29 19:24:05.400  6620  6661 D UE4     : [2022.03.29-18.24.05:400][  0]LogRHI:   GL_OES_texture_half_float_linear
03-29 19:24:05.400  6620  6661 D UE4     : [2022.03.29-18.24.05:400][  0]LogRHI:   GL_EXT_texture_type_2_10_10_10_REV
03-29 19:24:05.400  6620  6661 D UE4     : [2022.03.29-18.24.05:400][  0]LogRHI:   GL_EXT_texture_sRGB_decode
03-29 19:24:05.400  6620  6661 D UE4     : [2022.03.29-18.24.05:400][  0]LogRHI:   GL_EXT_texture_format_sRGB_override
03-29 19:24:05.400  6620  6661 D UE4     : [2022.03.29-18.24.05:400][  0]LogRHI:   GL_OES_element_index_uint
03-29 19:24:05.400  6620  6661 D UE4     : [2022.03.29-18.24.05:400][  0]LogRHI:   GL_EXT_copy_image
03-29 19:24:05.400  6620  6661 D UE4     : [2022.03.29-18.24.05:400][  0]LogRHI:   GL_EXT_geometry_shader
03-29 19:24:05.401  6620  6661 D UE4     : [2022.03.29-18.24.05:401][  0]LogRHI:   GL_EXT_tessellation_shader
03-29 19:24:05.401  6620  6661 D UE4     : [2022.03.29-18.24.05:401][  0]LogRHI:   GL_OES_texture_stencil8
03-29 19:24:05.401  6620  6661 D UE4     : [2022.03.29-18.24.05:401][  0]LogRHI:   GL_EXT_shader_io_blocks
03-29 19:24:05.401  6620  6661 D UE4     : [2022.03.29-18.24.05:401][  0]LogRHI:   GL_OES_shader_image_atomic
03-29 19:24:05.401  6620  6661 D UE4     : [2022.03.29-18.24.05:401][  0]LogRHI:   GL_OES_sample_variables
03-29 19:24:05.401  6620  6661 D UE4     : [2022.03.29-18.24.05:401][  0]LogRHI:   GL_EXT_texture_border_clamp
03-29 19:24:05.401  6620  6661 D UE4     : [2022.03.29-18.24.05:401][  0]LogRHI:   GL_EXT_EGL_image_external_wrap_modes
03-29 19:24:05.401  6620  6661 D UE4     : [2022.03.29-18.24.05:401][  0]LogRHI:   GL_EXT_multisampled_render_to_texture
03-29 19:24:05.401  6620  6661 D UE4     : [2022.03.29-18.24.05:401][  0]LogRHI:   GL_EXT_multisampled_render_to_texture2
03-29 19:24:05.401  6620  6661 D UE4     : [2022.03.29-18.24.05:401][  0]LogRHI:   GL_OES_shader_multisample_interpolation
03-29 19:24:05.401  6620  6661 D UE4     : [2022.03.29-18.24.05:401][  0]LogRHI:   GL_EXT_texture_cube_map_array
03-29 19:24:05.402  6620  6661 D UE4     : [2022.03.29-18.24.05:402][  0]LogRHI:   GL_EXT_draw_buffers_indexed
03-29 19:24:05.402  6620  6661 D UE4     : [2022.03.29-18.24.05:402][  0]LogRHI:   GL_EXT_gpu_shader5
03-29 19:24:05.402  6620  6661 D UE4     : [2022.03.29-18.24.05:402][  0]LogRHI:   GL_EXT_robustness
03-29 19:24:05.402  6620  6661 D UE4     : [2022.03.29-18.24.05:402][  0]LogRHI:   GL_EXT_texture_buffer
03-29 19:24:05.402  6620  6661 D UE4     : [2022.03.29-18.24.05:402][  0]LogRHI:   GL_EXT_shader_framebuffer_fetch
03-29 19:24:05.402  6620  6661 D UE4     : [2022.03.29-18.24.05:402][  0]LogRHI:   GL_ARM_shader_framebuffer_fetch_depth_stencil
03-29 19:24:05.402  6620  6661 D UE4     : [2022.03.29-18.24.05:402][  0]LogRHI:   GL_OES_texture_storage_multisample_2d_array
03-29 19:24:05.402  6620  6661 D UE4     : [2022.03.29-18.24.05:402][  0]LogRHI:   GL_OES_sample_shading
03-29 19:24:05.402  6620  6661 D UE4     : [2022.03.29-18.24.05:402][  0]LogRHI:   GL_OES_get_program_binary
03-29 19:24:05.402  6620  6661 D UE4     : [2022.03.29-18.24.05:402][  0]LogRHI:   GL_EXT_debug_label
03-29 19:24:05.402  6620  6661 D UE4     : [2022.03.29-18.24.05:402][  0]LogRHI:   GL_KHR_blend_equation_advanced
03-29 19:24:05.403  6620  6661 D UE4     : [2022.03.29-18.24.05:403][  0]LogRHI:   GL_KHR_blend_equation_advanced_coherent
03-29 19:24:05.403  6620  6661 D UE4     : [2022.03.29-18.24.05:403][  0]LogRHI:   GL_QCOM_tiled_rendering
03-29 19:24:05.403  6620  6661 D UE4     : [2022.03.29-18.24.05:403][  0]LogRHI:   GL_ANDROID_extension_pack_es31a
03-29 19:24:05.403  6620  6661 D UE4     : [2022.03.29-18.24.05:403][  0]LogRHI:   GL_EXT_primitive_bounding_box
03-29 19:24:05.403  6620  6661 D UE4     : [2022.03.29-18.24.05:403][  0]LogRHI:   GL_OES_standard_derivatives
03-29 19:24:05.403  6620  6661 D UE4     : [2022.03.29-18.24.05:403][  0]LogRHI:   GL_OES_vertex_array_object
03-29 19:24:05.403  6620  6661 D UE4     : [2022.03.29-18.24.05:403][  0]LogRHI:   GL_EXT_disjoint_timer_query
03-29 19:24:05.403  6620  6661 D UE4     : [2022.03.29-18.24.05:403][  0]LogRHI:   GL_KHR_debug
03-29 19:24:05.403  6620  6661 D UE4     : [2022.03.29-18.24.05:403][  0]LogRHI:   GL_EXT_YUV_target
03-29 19:24:05.403  6620  6661 D UE4     : [2022.03.29-18.24.05:403][  0]LogRHI:   GL_EXT_sRGB_write_control
03-29 19:24:05.404  6620  6661 D UE4     : [2022.03.29-18.24.05:403][  0]LogRHI:   GL_EXT_texture_norm16
03-29 19:24:05.404  6620  6661 D UE4     : [2022.03.29-18.24.05:404][  0]LogRHI:   GL_EXT_discard_framebuffer
03-29 19:24:05.404  6620  6661 D UE4     : [2022.03.29-18.24.05:404][  0]LogRHI:   GL_OES_surfaceless_context
03-29 19:24:05.404  6620  6661 D UE4     : [2022.03.29-18.24.05:404][  0]LogRHI:   GL_OVR_multiview
03-29 19:24:05.404  6620  6661 D UE4     : [2022.03.29-18.24.05:404][  0]LogRHI:   GL_OVR_multiview2
03-29 19:24:05.404  6620  6661 D UE4     : [2022.03.29-18.24.05:404][  0]LogRHI:   GL_EXT_texture_sRGB_R8
03-29 19:24:05.404  6620  6661 D UE4     : [2022.03.29-18.24.05:404][  0]LogRHI:   GL_KHR_no_error
03-29 19:24:05.404  6620  6661 D UE4     : [2022.03.29-18.24.05:404][  0]LogRHI:   GL_EXT_debug_marker
03-29 19:24:05.404  6620  6661 D UE4     : [2022.03.29-18.24.05:404][  0]LogRHI:   GL_OES_EGL_image_external_essl3
03-29 19:24:05.404  6620  6661 D UE4     : [2022.03.29-18.24.05:404][  0]LogRHI:   GL_OVR_multiview_multisampled_render_to_texture
03-29 19:24:05.404  6620  6661 D UE4     : [2022.03.29-18.24.05:404][  0]LogRHI:   GL_EXT_buffer_storage
03-29 19:24:05.405  6620  6661 D UE4     : [2022.03.29-18.24.05:404][  0]LogRHI:   GL_EXT_external_buffer
03-29 19:24:05.405  6620  6661 D UE4     : [2022.03.29-18.24.05:405][  0]LogRHI:   GL_EXT_blit_framebuffer_params
03-29 19:24:05.405  6620  6661 D UE4     : [2022.03.29-18.24.05:405][  0]LogRHI:   GL_EXT_clip_cull_distance
03-29 19:24:05.405  6620  6661 D UE4     : [2022.03.29-18.24.05:405][  0]LogRHI:   GL_EXT_protected_textures
03-29 19:24:05.405  6620  6661 D UE4     : [2022.03.29-18.24.05:405][  0]LogRHI:   GL_EXT_shader_non_constant_global_initializers
03-29 19:24:05.405  6620  6661 D UE4     : [2022.03.29-18.24.05:405][  0]LogRHI:   GL_QCOM_texture_foveated
03-29 19:24:05.405  6620  6661 D UE4     : [2022.03.29-18.24.05:405][  0]LogRHI:   GL_QCOM_texture_foveated_subsampled_layout
03-29 19:24:05.405  6620  6661 D UE4     : [2022.03.29-18.24.05:405][  0]LogRHI:   GL_QCOM_shader_framebuffer_fetch_noncoherent
03-29 19:24:05.405  6620  6661 D UE4     : [2022.03.29-18.24.05:405][  0]LogRHI:   GL_QCOM_shader_framebuffer_fetch_rate
03-29 19:24:05.405  6620  6661 D UE4     : [2022.03.29-18.24.05:405][  0]LogRHI:   GL_EXT_memory_object
03-29 19:24:05.405  6620  6661 D UE4     : [2022.03.29-18.24.05:405][  0]LogRHI:   GL_EXT_memory_object_fd
03-29 19:24:05.406  6620  6661 D UE4     : [2022.03.29-18.24.05:406][  0]LogRHI:   GL_EXT_EGL_image_array
03-29 19:24:05.406  6620  6661 D UE4     : [2022.03.29-18.24.05:406][  0]LogRHI:   GL_NV_shader_noperspective_interpolation
03-29 19:24:05.406  6620  6661 D UE4     : [2022.03.29-18.24.05:406][  0]LogRHI:   GL_KHR_robust_buffer_access_behavior
03-29 19:24:05.406  6620  6661 D UE4     : [2022.03.29-18.24.05:406][  0]LogRHI:   GL_EXT_EGL_image_storage
03-29 19:24:05.406  6620  6661 D UE4     : [2022.03.29-18.24.05:406][  0]LogRHI:   GL_EXT_blend_func_extended
03-29 19:24:05.406  6620  6661 D UE4     : [2022.03.29-18.24.05:406][  0]LogRHI:   GL_EXT_clip_control
03-29 19:24:05.406  6620  6661 D UE4     : [2022.03.29-18.24.05:406][  0]LogRHI:   GL_OES_texture_view
03-29 19:24:05.406  6620  6661 D UE4     : [2022.03.29-18.24.05:406][  0]LogRHI:   GL_EXT_fragment_invocation_density
03-29 19:24:05.406  6620  6661 D UE4     : [2022.03.29-18.24.05:406][  0]LogRHI:   GL_QCOM_validate_shader_binary
03-29 19:24:05.406  6620  6661 D UE4     : [2022.03.29-18.24.05:406][  0]LogRHI:   GL_QCOM_YUV_texture_gather
03-29 19:24:05.407  6620  6661 D UE4     : [2022.03.29-18.24.05:407][  0]LogRHI:   GL_MAX_VERTEX_ATTRIBS: 32
03-29 19:24:05.407  6620  6661 D UE4     : [2022.03.29-18.24.05:407][  0]LogRHI:   GL_MAX_VARYING_VECTORS: 31
03-29 19:24:05.407  6620  6661 D UE4     : [2022.03.29-18.24.05:407][  0]LogRHI:   GL_MAX_VERTEX_UNIFORM_VECTORS: 256
03-29 19:24:05.407  6620  6661 D UE4     : [2022.03.29-18.24.05:407][  0]LogRHI:   GL_MAX_FRAGMENT_UNIFORM_VECTORS: 256
03-29 19:24:05.407  6620  6661 D UE4     : [2022.03.29-18.24.05:407][  0]LogRHI:   GL_TEXTURE_BUFFER_OFFSET_ALIGNMENT: 64
03-29 19:24:05.407  6620  6661 D UE4     : [2022.03.29-18.24.05:407][  0]LogRHI:   GL_MAX_COMBINED_IMAGE_UNIFORMS: 20
03-29 19:24:05.407  6620  6661 D UE4     : [2022.03.29-18.24.05:407][  0]LogRHI:   GL_MAX_COMPUTE_IMAGE_UNIFORMS: 8
03-29 19:24:05.407  6620  6661 D UE4     : [2022.03.29-18.24.05:407][  0]LogRHI:   GL_MAX_FRAGMENT_IMAGE_UNIFORMS: 4
03-29 19:24:05.408  6620  6661 D UE4     : [2022.03.29-18.24.05:408][  0]LogRHI: Fragment shader lowp precision: 10
03-29 19:24:05.408  6620  6661 D UE4     : [2022.03.29-18.24.05:408][  0]LogRHI: Fragment shader mediump precision: 10
03-29 19:24:05.408  6620  6661 D UE4     : [2022.03.29-18.24.05:408][  0]LogRHI: Fragment shader highp precision: 23
03-29 19:24:05.409  6620  6661 D UE4     : [2022.03.29-18.24.05:409][  0]LogRHI: Support for 4x MSAA detected
03-29 19:24:05.409  6620  6661 D UE4     : [2022.03.29-18.24.05:409][  0]LogRHI: Device supports mobile multi-view.
03-29 19:24:05.410  6620  6661 D UE4     : [2022.03.29-18.24.05:410][  0]LogRHI: Image external enabled: ImageExternalESSL300
03-29 19:24:05.410  6620  6661 D UE4     : [2022.03.29-18.24.05:410][  0]LogRHI: Using QCOM_shader_framebuffer_fetch_noncoherent
03-29 19:24:05.410  6620  6661 D UE4     : [2022.03.29-18.24.05:410][  0]LogRHI:   GL_MAX_TEXTURE_SIZE: 16384
03-29 19:24:05.410  6620  6661 D UE4     : [2022.03.29-18.24.05:410][  0]LogRHI:   GL_MAX_CUBE_MAP_TEXTURE_SIZE: 16384
03-29 19:24:05.410  6620  6661 D UE4     : [2022.03.29-18.24.05:410][  0]LogRHI:   GL_MAX_ARRAY_TEXTURE_LAYERS: 2048
03-29 19:24:05.410  6620  6661 D UE4     : [2022.03.29-18.24.05:410][  0]LogRHI:   GL_MAX_3D_TEXTURE_SIZE: 2048
03-29 19:24:05.411  6620  6661 D UE4     : [2022.03.29-18.24.05:411][  0]LogRHI:   GL_MAX_RENDERBUFFER_SIZE: 16384
03-29 19:24:05.411  6620  6661 D UE4     : [2022.03.29-18.24.05:411][  0]LogRHI:   GL_MAX_TEXTURE_IMAGE_UNITS: 16
03-29 19:24:05.411  6620  6661 D UE4     : [2022.03.29-18.24.05:411][  0]LogRHI:   GL_MAX_DRAW_BUFFERS: 8
03-29 19:24:05.411  6620  6661 D UE4     : [2022.03.29-18.24.05:411][  0]LogRHI:   GL_MAX_COLOR_ATTACHMENTS: 8
03-29 19:24:05.411  6620  6661 D UE4     : [2022.03.29-18.24.05:411][  0]LogRHI:   GL_MAX_SAMPLES: 4
03-29 19:24:05.411  6620  6661 D UE4     : [2022.03.29-18.24.05:411][  0]LogRHI:   GL_MAX_COLOR_TEXTURE_SAMPLES: 4
03-29 19:24:05.411  6620  6661 D UE4     : [2022.03.29-18.24.05:411][  0]LogRHI:   GL_MAX_DEPTH_TEXTURE_SAMPLES: 4
03-29 19:24:05.411  6620  6661 D UE4     : [2022.03.29-18.24.05:411][  0]LogRHI:   GL_MAX_INTEGER_SAMPLES: 1
03-29 19:24:05.411  6620  6661 D UE4     : [2022.03.29-18.24.05:411][  0]LogRHI:   GL_MAX_COMBINED_TEXTURE_IMAGE_UNITS: 96
03-29 19:24:05.411  6620  6661 D UE4     : [2022.03.29-18.24.05:411][  0]LogRHI:   GL_MAX_VERTEX_ATTRIBS: 32
03-29 19:24:05.411  6620  6661 D UE4     : [2022.03.29-18.24.05:411][  0]LogRHI:   GL_MAX_COMPUTE_WORK_GROUP_INVOCATIONS: 1024
03-29 19:24:05.411  6620  6661 D UE4     : [2022.03.29-18.24.05:411][  0]LogRHI:   GL_MAX_COMPUTE_WORK_GROUP_SIZE: 0
03-29 19:24:05.412  6620  6661 D UE4     : [2022.03.29-18.24.05:411][  0]LogRHI:   GL_MAX_COMPUTE_WORK_GROUP_COUNT: 0
03-29 19:24:05.412  6620  6661 D UE4     : [2022.03.29-18.24.05:412][  0]LogRHI:   GL_MAX_COMPUTE_SHARED_MEMORY_SIZE: 32768
03-29 19:24:05.412  6620  6661 D UE4     : [2022.03.29-18.24.05:412][  0]LogRHI:   GL_MAX_TEXTURE_MAX_ANISOTROPY_EXT: 16
03-29 19:24:05.412  6620  6661 D UE4     : [2022.03.29-18.24.05:412][  0]LogRHI: OpenGL MajorVersion = 3, MinorVersion = 1, ShaderPlatform = GLSL_ES3_1_ANDROID, FeatureLevel = ES3_1
03-29 19:24:05.412  6620  6661 D UE4     : [2022.03.29-18.24.05:412][  0]LogRHI: PLATFORM_ANDROID
03-29 19:24:05.412  6620  6661 D UE4     : [2022.03.29-18.24.05:412][  0]LogAndroid: Unlocking android HW window during preinit.
03-29 19:24:05.412  6620  6661 D UE4     : [2022.03.29-18.24.05:412][  0]LogRHI: Enabling program binary cache as /storage/emulated/0/Android/data/com.YourCompany.TestAndroid/files/ProgramBinaryCache/GLSL_ES3_1_ANDROID_7DC7BD38EA5912D310B81DBF0815440A6396FC64
03-29 19:24:05.412  6620  6661 D UE4     : [2022.03.29-18.24.05:412][  0]LogRHI: FOpenGLProgramBinaryCache will be initialized when ShaderPipelineCache opens its file
03-29 19:24:05.413  6620  6661 D UE4     : [2022.03.29-18.24.05:413][  0]LogRHI: Texture pool is 800 MB (of 0 MB total graphics mem)
03-29 19:24:05.432  6620  6661 D UE4     : [2022.03.29-18.24.05:432][  0]LogRendererCore: Ray tracing is disabled. Reason: r.RayTracing=0.
03-29 19:24:05.435  6620  6661 D UE4     : [2022.03.29-18.24.05:435][  0]LogShaderLibrary: Display: Using ../../../TestAndroid/Content/ShaderArchive-Global-GLSL_ES3_1_ANDROID.ushaderbytecode for material shader code. Total 542 unique shaders.
03-29 19:24:05.436  6620  6661 D UE4     : [2022.03.29-18.24.05:436][  0]LogShaderLibrary: Display: Cooked Context: Using Shared Shader Library Global
03-29 19:24:05.453  6620  6661 D UE4     : [2022.03.29-18.24.05:453][  0]LogTemp: Warning: Clearing the OS Cache
03-29 19:24:05.471  1266 11048 D SemWifiSwitchForIndividualAppsService: isSkipNetworkCondition - result:2
03-29 19:24:05.511  6620  6661 D UE4     : [2022.03.29-18.24.05:511][  0]LogSlate: Using FreeType 2.10.4
03-29 19:24:05.516  6620  6661 D UE4     : [2022.03.29-18.24.05:516][  0]LogSlate: SlateFontServices - WITH_FREETYPE: 1, WITH_HARFBUZZ: 1
03-29 19:24:05.520  6620  6661 D UE4     : [2022.03.29-18.24.05:520][  0]LogImageWrapper: Warning: PNG Warning: iCCP: known incorrect sRGB profile
03-29 19:24:05.521  6620  6661 D UE4     : [2022.03.29-18.24.05:521][  0]LogImageWrapper: Warning: PNG Warning: iCCP: known incorrect sRGB profile
03-29 19:24:05.521  6620  6700 D UE4     : [2022.03.29-18.24.05:521][  0]LogImageWrapper: Warning: PNG Warning: iCCP: known incorrect sRGB profile
03-29 19:24:05.521  6620  6700 D UE4     : [2022.03.29-18.24.05:521][  0]LogImageWrapper: Warning: PNG Warning: iCCP: known incorrect sRGB profile
03-29 19:24:05.521  6620  6701 D UE4     : [2022.03.29-18.24.05:521][  0]LogImageWrapper: Warning: PNG Warning: iCCP: known incorrect sRGB profile
03-29 19:24:05.522  6620  6701 D UE4     : [2022.03.29-18.24.05:522][  0]LogImageWrapper: Warning: PNG Warning: iCCP: known incorrect sRGB profile
03-29 19:24:05.522  6620  6699 D UE4     : [2022.03.29-18.24.05:522][  0]LogImageWrapper: Warning: PNG Warning: iCCP: known incorrect sRGB profile
03-29 19:24:05.522  6620  6699 D UE4     : [2022.03.29-18.24.05:522][  0]LogImageWrapper: Warning: PNG Warning: iCCP: known incorrect sRGB profile
03-29 19:24:05.523  1088  6619 I HYPER-HAL: [RequestManager.cpp]releaseLocked(): Released ID : 148238386
03-29 19:24:05.524  6620  6699 D UE4     : [2022.03.29-18.24.05:524][  0]LogImageWrapper: Warning: PNG Warning: iCCP: known incorrect sRGB profile
03-29 19:24:05.524  6620  6699 D UE4     : [2022.03.29-18.24.05:524][  0]LogImageWrapper: Warning: PNG Warning: iCCP: known incorrect sRGB profile
03-29 19:24:05.524  6620  6700 D UE4     : [2022.03.29-18.24.05:524][  0]LogImageWrapper: Warning: PNG Warning: iCCP: known incorrect sRGB profile
03-29 19:24:05.524  6620  6700 D UE4     : [2022.03.29-18.24.05:524][  0]LogImageWrapper: Warning: PNG Warning: iCCP: known incorrect sRGB profile
03-29 19:24:05.525  6620  6661 D UE4     : [2022.03.29-18.24.05:525][  0]LogImageWrapper: Warning: PNG Warning: iCCP: known incorrect sRGB profile
03-29 19:24:05.525  6620  6661 D UE4     : [2022.03.29-18.24.05:525][  0]LogImageWrapper: Warning: PNG Warning: iCCP: known incorrect sRGB profile
03-29 19:24:05.526  6620  6701 D UE4     : [2022.03.29-18.24.05:525][  0]LogImageWrapper: Warning: PNG Warning: iCCP: known incorrect sRGB profile
03-29 19:24:05.526  6620  6701 D UE4     : [2022.03.29-18.24.05:526][  0]LogImageWrapper: Warning: PNG Warning: iCCP: known incorrect sRGB profile
03-29 19:24:05.526  6620  6699 D UE4     : [2022.03.29-18.24.05:526][  0]LogImageWrapper: Warning: PNG Warning: iCCP: known incorrect sRGB profile
03-29 19:24:05.526  6620  6699 D UE4     : [2022.03.29-18.24.05:526][  0]LogImageWrapper: Warning: PNG Warning: iCCP: known incorrect sRGB profile
03-29 19:24:05.527  6620  6700 D UE4     : [2022.03.29-18.24.05:527][  0]LogImageWrapper: Warning: PNG Warning: iCCP: known incorrect sRGB profile
03-29 19:24:05.527  6620  6700 D UE4     : [2022.03.29-18.24.05:527][  0]LogImageWrapper: Warning: PNG Warning: iCCP: known incorrect sRGB profile
03-29 19:24:05.527  6620  6661 D UE4     : [2022.03.29-18.24.05:527][  0]LogImageWrapper: Warning: PNG Warning: iCCP: known incorrect sRGB profile
03-29 19:24:05.528  6620  6661 D UE4     : [2022.03.29-18.24.05:528][  0]LogImageWrapper: Warning: PNG Warning: iCCP: known incorrect sRGB profile
03-29 19:24:05.528  6620  6701 D UE4     : [2022.03.29-18.24.05:528][  0]LogImageWrapper: Warning: PNG Warning: iCCP: known incorrect sRGB profile
03-29 19:24:05.528  6620  6701 D UE4     : [2022.03.29-18.24.05:528][  0]LogImageWrapper: Warning: PNG Warning: iCCP: known incorrect sRGB profile
03-29 19:24:05.531  6620  6698 D UE4     : [2022.03.29-18.24.05:531][  0]LogImageWrapper: Warning: PNG Warning: iCCP: known incorrect sRGB profile
03-29 19:24:05.531  6620  6698 D UE4     : [2022.03.29-18.24.05:531][  0]LogImageWrapper: Warning: PNG Warning: iCCP: known incorrect sRGB profile
03-29 19:24:05.531  6620  6701 D UE4     : [2022.03.29-18.24.05:531][  0]LogImageWrapper: Warning: PNG Warning: iCCP: known incorrect sRGB profile
03-29 19:24:05.532  6620  6701 D UE4     : [2022.03.29-18.24.05:532][  0]LogImageWrapper: Warning: PNG Warning: iCCP: known incorrect sRGB profile
03-29 19:24:05.533  6620  6700 D UE4     : [2022.03.29-18.24.05:533][  0]LogImageWrapper: Warning: PNG Warning: iCCP: known incorrect sRGB profile
03-29 19:24:05.533  6620  6700 D UE4     : [2022.03.29-18.24.05:533][  0]LogImageWrapper: Warning: PNG Warning: iCCP: known incorrect sRGB profile
03-29 19:24:05.534  6620  6661 D UE4     : [2022.03.29-18.24.05:534][  0]LogImageWrapper: Warning: PNG Warning: iCCP: known incorrect sRGB profile
03-29 19:24:05.535  6620  6661 D UE4     : [2022.03.29-18.24.05:535][  0]LogImageWrapper: Warning: PNG Warning: iCCP: known incorrect sRGB profile
03-29 19:24:05.536  6620  6699 D UE4     : [2022.03.29-18.24.05:536][  0]LogImageWrapper: Warning: PNG Warning: iCCP: known incorrect sRGB profile
03-29 19:24:05.536  6620  6699 D UE4     : [2022.03.29-18.24.05:536][  0]LogImageWrapper: Warning: PNG Warning: iCCP: known incorrect sRGB profile
03-29 19:24:05.536  6620  6698 D UE4     : [2022.03.29-18.24.05:536][  0]LogImageWrapper: Warning: PNG Warning: iCCP: known incorrect sRGB profile
03-29 19:24:05.536  6620  6698 D UE4     : [2022.03.29-18.24.05:536][  0]LogImageWrapper: Warning: PNG Warning: iCCP: known incorrect sRGB profile
03-29 19:24:05.537  6620  6700 D UE4     : [2022.03.29-18.24.05:537][  0]LogImageWrapper: Warning: PNG Warning: iCCP: known incorrect sRGB profile
03-29 19:24:05.537  6620  6700 D UE4     : [2022.03.29-18.24.05:537][  0]LogImageWrapper: Warning: PNG Warning: iCCP: known incorrect sRGB profile
03-29 19:24:05.537  6620  6699 D UE4     : [2022.03.29-18.24.05:537][  0]LogImageWrapper: Warning: PNG Warning: iCCP: known incorrect sRGB profile
03-29 19:24:05.538  6620  6699 D UE4     : [2022.03.29-18.24.05:538][  0]LogImageWrapper: Warning: PNG Warning: iCCP: known incorrect sRGB profile
03-29 19:24:05.538  6620  6701 D UE4     : [2022.03.29-18.24.05:538][  0]LogImageWrapper: Warning: PNG Warning: iCCP: known incorrect sRGB profile
03-29 19:24:05.538  6620  6701 D UE4     : [2022.03.29-18.24.05:538][  0]LogImageWrapper: Warning: PNG Warning: iCCP: known incorrect sRGB profile
03-29 19:24:05.539  6620  6661 D UE4     : [2022.03.29-18.24.05:539][  0]LogImageWrapper: Warning: PNG Warning: iCCP: known incorrect sRGB profile
03-29 19:24:05.539  6620  6661 D UE4     : [2022.03.29-18.24.05:539][  0]LogImageWrapper: Warning: PNG Warning: iCCP: known incorrect sRGB profile
03-29 19:24:05.540  6620  6700 D UE4     : [2022.03.29-18.24.05:540][  0]LogImageWrapper: Warning: PNG Warning: iCCP: known incorrect sRGB profile
03-29 19:24:05.540  6620  6700 D UE4     : [2022.03.29-18.24.05:540][  0]LogImageWrapper: Warning: PNG Warning: iCCP: known incorrect sRGB profile
03-29 19:24:05.540  6620  6698 D UE4     : [2022.03.29-18.24.05:540][  0]LogImageWrapper: Warning: PNG Warning: iCCP: known incorrect sRGB profile
03-29 19:24:05.540  6620  6698 D UE4     : [2022.03.29-18.24.05:540][  0]LogImageWrapper: Warning: PNG Warning: iCCP: known incorrect sRGB profile
03-29 19:24:05.541  6620  6701 D UE4     : [2022.03.29-18.24.05:541][  0]LogImageWrapper: Warning: PNG Warning: iCCP: known incorrect sRGB profile
03-29 19:24:05.541  6620  6701 D UE4     : [2022.03.29-18.24.05:541][  0]LogImageWrapper: Warning: PNG Warning: iCCP: known incorrect sRGB profile
03-29 19:24:05.542  6620  6661 D UE4     : [2022.03.29-18.24.05:542][  0]LogImageWrapper: Warning: PNG Warning: iCCP: known incorrect sRGB profile
03-29 19:24:05.542  6620  6661 D UE4     : [2022.03.29-18.24.05:542][  0]LogImageWrapper: Warning: PNG Warning: iCCP: known incorrect sRGB profile
03-29 19:24:05.543  6620  6699 D UE4     : [2022.03.29-18.24.05:543][  0]LogImageWrapper: Warning: PNG Warning: iCCP: known incorrect sRGB profile
03-29 19:24:05.543  6620  6699 D UE4     : [2022.03.29-18.24.05:543][  0]LogImageWrapper: Warning: PNG Warning: iCCP: known incorrect sRGB profile
03-29 19:24:05.543  6620  6698 D UE4     : [2022.03.29-18.24.05:543][  0]LogImageWrapper: Warning: PNG Warning: iCCP: known incorrect sRGB profile
03-29 19:24:05.543  6620  6698 D UE4     : [2022.03.29-18.24.05:543][  0]LogImageWrapper: Warning: PNG Warning: iCCP: known incorrect sRGB profile
03-29 19:24:05.544  6620  6700 D UE4     : [2022.03.29-18.24.05:544][  0]LogImageWrapper: Warning: PNG Warning: iCCP: known incorrect sRGB profile
03-29 19:24:05.544  6620  6700 D UE4     : [2022.03.29-18.24.05:544][  0]LogImageWrapper: Warning: PNG Warning: iCCP: known incorrect sRGB profile
03-29 19:24:05.544  6620  6701 D UE4     : [2022.03.29-18.24.05:544][  0]LogImageWrapper: Warning: PNG Warning: iCCP: known incorrect sRGB profile
03-29 19:24:05.545  6620  6701 D UE4     : [2022.03.29-18.24.05:545][  0]LogImageWrapper: Warning: PNG Warning: iCCP: known incorrect sRGB profile
03-29 19:24:05.545  6620  6661 D UE4     : [2022.03.29-18.24.05:545][  0]LogImageWrapper: Warning: PNG Warning: iCCP: known incorrect sRGB profile
03-29 19:24:05.546  6620  6661 D UE4     : [2022.03.29-18.24.05:546][  0]LogImageWrapper: Warning: PNG Warning: iCCP: known incorrect sRGB profile
03-29 19:24:05.546  6620  6698 D UE4     : [2022.03.29-18.24.05:546][  0]LogImageWrapper: Warning: PNG Warning: iCCP: known incorrect sRGB profile
03-29 19:24:05.546  6620  6698 D UE4     : [2022.03.29-18.24.05:546][  0]LogImageWrapper: Warning: PNG Warning: iCCP: cHRM chunk does not match sRGB
03-29 19:24:05.546  6620  6698 D UE4     : [2022.03.29-18.24.05:546][  0]LogImageWrapper: Warning: PNG Warning: iCCP: known incorrect sRGB profile
03-29 19:24:05.546  6620  6698 D UE4     : [2022.03.29-18.24.05:546][  0]LogImageWrapper: Warning: PNG Warning: iCCP: cHRM chunk does not match sRGB
03-29 19:24:05.546  6620  6700 D UE4     : [2022.03.29-18.24.05:546][  0]LogImageWrapper: Warning: PNG Warning: iCCP: known incorrect sRGB profile
03-29 19:24:05.547  6620  6700 D UE4     : [2022.03.29-18.24.05:547][  0]LogImageWrapper: Warning: PNG Warning: iCCP: known incorrect sRGB profile
03-29 19:24:05.549  6620  6661 D UE4     : [2022.03.29-18.24.05:548][  0]LogImageWrapper: Warning: PNG Warning: iCCP: known incorrect sRGB profile
03-29 19:24:05.549  6620  6661 D UE4     : [2022.03.29-18.24.05:549][  0]LogImageWrapper: Warning: PNG Warning: iCCP: known incorrect sRGB profile
03-29 19:24:05.549  6620  6701 D UE4     : [2022.03.29-18.24.05:549][  0]LogImageWrapper: Warning: PNG Warning: iCCP: known incorrect sRGB profile
03-29 19:24:05.549  6620  6701 D UE4     : [2022.03.29-18.24.05:549][  0]LogImageWrapper: Warning: PNG Warning: iCCP: known incorrect sRGB profile
03-29 19:24:05.550  6620  6698 D UE4     : [2022.03.29-18.24.05:550][  0]LogImageWrapper: Warning: PNG Warning: iCCP: known incorrect sRGB profile
03-29 19:24:05.550  6620  6698 D UE4     : [2022.03.29-18.24.05:550][  0]LogImageWrapper: Warning: PNG Warning: iCCP: known incorrect sRGB profile
03-29 19:24:05.557  6620  6661 D UE4     : [2022.03.29-18.24.05:556][  0]LogImageWrapper: Warning: PNG Warning: iCCP: known incorrect sRGB profile
03-29 19:24:05.557  6620  6661 D UE4     : [2022.03.29-18.24.05:557][  0]LogImageWrapper: Warning: PNG Warning: iCCP: known incorrect sRGB profile
03-29 19:24:05.557  6620  6701 D UE4     : [2022.03.29-18.24.05:557][  0]LogImageWrapper: Warning: PNG Warning: iCCP: known incorrect sRGB profile
03-29 19:24:05.557  6620  6701 D UE4     : [2022.03.29-18.24.05:557][  0]LogImageWrapper: Warning: PNG Warning: iCCP: known incorrect sRGB profile
03-29 19:24:05.560  6620  6701 D UE4     : [2022.03.29-18.24.05:560][  0]LogImageWrapper: Warning: PNG Warning: iCCP: known incorrect sRGB profile
03-29 19:24:05.561  6620  6701 D UE4     : [2022.03.29-18.24.05:561][  0]LogImageWrapper: Warning: PNG Warning: iCCP: known incorrect sRGB profile
03-29 19:24:05.561  6620  6661 D UE4     : [2022.03.29-18.24.05:561][  0]LogImageWrapper: Warning: PNG Warning: iCCP: known incorrect sRGB profile
03-29 19:24:05.561  6620  6661 D UE4     : [2022.03.29-18.24.05:561][  0]LogImageWrapper: Warning: PNG Warning: iCCP: known incorrect sRGB profile
03-29 19:24:05.562  6620  6698 D UE4     : [2022.03.29-18.24.05:562][  0]LogImageWrapper: Warning: PNG Warning: iCCP: known incorrect sRGB profile
03-29 19:24:05.562  6620  6698 D UE4     : [2022.03.29-18.24.05:562][  0]LogImageWrapper: Warning: PNG Warning: iCCP: known incorrect sRGB profile
03-29 19:24:05.562  6620  6701 D UE4     : [2022.03.29-18.24.05:562][  0]LogImageWrapper: Warning: PNG Warning: iCCP: known incorrect sRGB profile
03-29 19:24:05.563  6620  6701 D UE4     : [2022.03.29-18.24.05:563][  0]LogImageWrapper: Warning: PNG Warning: iCCP: known incorrect sRGB profile
03-29 19:24:05.563  6620  6700 D UE4     : [2022.03.29-18.24.05:563][  0]LogImageWrapper: Warning: PNG Warning: iCCP: known incorrect sRGB profile
03-29 19:24:05.563  6620  6661 D UE4     : [2022.03.29-18.24.05:563][  0]LogImageWrapper: Warning: PNG Warning: iCCP: known incorrect sRGB profile
03-29 19:24:05.564  6620  6661 D UE4     : [2022.03.29-18.24.05:564][  0]LogImageWrapper: Warning: PNG Warning: iCCP: known incorrect sRGB profile
03-29 19:24:05.564  6620  6700 D UE4     : [2022.03.29-18.24.05:564][  0]LogImageWrapper: Warning: PNG Warning: iCCP: known incorrect sRGB profile
03-29 19:24:05.565  6620  6701 D UE4     : [2022.03.29-18.24.05:565][  0]LogImageWrapper: Warning: PNG Warning: iCCP: known incorrect sRGB profile
03-29 19:24:05.565  6620  6701 D UE4     : [2022.03.29-18.24.05:565][  0]LogImageWrapper: Warning: PNG Warning: iCCP: known incorrect sRGB profile
03-29 19:24:05.566  6620  6698 D UE4     : [2022.03.29-18.24.05:566][  0]LogImageWrapper: Warning: PNG Warning: iCCP: known incorrect sRGB profile
03-29 19:24:05.566  6620  6698 D UE4     : [2022.03.29-18.24.05:566][  0]LogImageWrapper: Warning: PNG Warning: iCCP: known incorrect sRGB profile
03-29 19:24:05.567  6620  6700 D UE4     : [2022.03.29-18.24.05:567][  0]LogImageWrapper: Warning: PNG Warning: iCCP: known incorrect sRGB profile
03-29 19:24:05.567  6620  6700 D UE4     : [2022.03.29-18.24.05:567][  0]LogImageWrapper: Warning: PNG Warning: iCCP: known incorrect sRGB profile
03-29 19:24:05.567  6620  6701 D UE4     : [2022.03.29-18.24.05:567][  0]LogImageWrapper: Warning: PNG Warning: iCCP: known incorrect sRGB profile
03-29 19:24:05.568  6620  6701 D UE4     : [2022.03.29-18.24.05:568][  0]LogImageWrapper: Warning: PNG Warning: iCCP: known incorrect sRGB profile
03-29 19:24:05.568  6620  6699 D UE4     : [2022.03.29-18.24.05:568][  0]LogImageWrapper: Warning: PNG Warning: iCCP: known incorrect sRGB profile
03-29 19:24:05.569  6620  6699 D UE4     : [2022.03.29-18.24.05:569][  0]LogImageWrapper: Warning: PNG Warning: iCCP: known incorrect sRGB profile
03-29 19:24:05.570  6620  6698 D UE4     : [2022.03.29-18.24.05:570][  0]LogImageWrapper: Warning: PNG Warning: iCCP: known incorrect sRGB profile
03-29 19:24:05.570  6620  6698 D UE4     : [2022.03.29-18.24.05:570][  0]LogImageWrapper: Warning: PNG Warning: iCCP: known incorrect sRGB profile
03-29 19:24:05.571  6620  6700 D UE4     : [2022.03.29-18.24.05:571][  0]LogImageWrapper: Warning: PNG Warning: iCCP: known incorrect sRGB profile
03-29 19:24:05.572  6620  6700 D UE4     : [2022.03.29-18.24.05:572][  0]LogImageWrapper: Warning: PNG Warning: iCCP: known incorrect sRGB profile
03-29 19:24:05.572  6620  6661 D UE4     : [2022.03.29-18.24.05:572][  0]LogImageWrapper: Warning: PNG Warning: iCCP: known incorrect sRGB profile
03-29 19:24:05.572  6620  6661 D UE4     : [2022.03.29-18.24.05:572][  0]LogImageWrapper: Warning: PNG Warning: iCCP: known incorrect sRGB profile
03-29 19:24:05.573  6620  6701 D UE4     : [2022.03.29-18.24.05:573][  0]LogImageWrapper: Warning: PNG Warning: iCCP: known incorrect sRGB profile
03-29 19:24:05.573  6620  6701 D UE4     : [2022.03.29-18.24.05:573][  0]LogImageWrapper: Warning: PNG Warning: iCCP: known incorrect sRGB profile
03-29 19:24:05.575  6620  6661 D UE4     : [2022.03.29-18.24.05:575][  0]LogImageWrapper: Warning: PNG Warning: iCCP: known incorrect sRGB profile
03-29 19:24:05.575  6620  6699 D UE4     : [2022.03.29-18.24.05:575][  0]LogImageWrapper: Warning: PNG Warning: iCCP: known incorrect sRGB profile
03-29 19:24:05.575  6620  6699 D UE4     : [2022.03.29-18.24.05:575][  0]LogImageWrapper: Warning: PNG Warning: iCCP: known incorrect sRGB profile
03-29 19:24:05.576  6620  6698 D UE4     : [2022.03.29-18.24.05:576][  0]LogImageWrapper: Warning: PNG Warning: iCCP: known incorrect sRGB profile
03-29 19:24:05.576  6620  6698 D UE4     : [2022.03.29-18.24.05:576][  0]LogImageWrapper: Warning: PNG Warning: iCCP: known incorrect sRGB profile
03-29 19:24:05.577  6620  6661 D UE4     : [2022.03.29-18.24.05:576][  0]LogImageWrapper: Warning: PNG Warning: iCCP: known incorrect sRGB profile
03-29 19:24:05.577  6620  6701 D UE4     : [2022.03.29-18.24.05:577][  0]LogImageWrapper: Warning: PNG Warning: iCCP: known incorrect sRGB profile
03-29 19:24:05.577  6620  6701 D UE4     : [2022.03.29-18.24.05:577][  0]LogImageWrapper: Warning: PNG Warning: iCCP: known incorrect sRGB profile
03-29 19:24:05.578  6620  6699 D UE4     : [2022.03.29-18.24.05:578][  0]LogImageWrapper: Warning: PNG Warning: iCCP: known incorrect sRGB profile
03-29 19:24:05.578  6620  6699 D UE4     : [2022.03.29-18.24.05:578][  0]LogImageWrapper: Warning: PNG Warning: iCCP: known incorrect sRGB profile
03-29 19:24:05.579  6620  6698 D UE4     : [2022.03.29-18.24.05:579][  0]LogImageWrapper: Warning: PNG Warning: iCCP: known incorrect sRGB profile
03-29 19:24:05.579  6620  6698 D UE4     : [2022.03.29-18.24.05:579][  0]LogImageWrapper: Warning: PNG Warning: iCCP: cHRM chunk does not match sRGB
03-29 19:24:05.579  6620  6698 D UE4     : [2022.03.29-18.24.05:579][  0]LogImageWrapper: Warning: PNG Warning: iCCP: known incorrect sRGB profile
03-29 19:24:05.579  6620  6698 D UE4     : [2022.03.29-18.24.05:579][  0]LogImageWrapper: Warning: PNG Warning: iCCP: cHRM chunk does not match sRGB
03-29 19:24:05.579  6620  6661 D UE4     : [2022.03.29-18.24.05:579][  0]LogImageWrapper: Warning: PNG Warning: iCCP: known incorrect sRGB profile
03-29 19:24:05.579  6620  6661 D UE4     : [2022.03.29-18.24.05:579][  0]LogImageWrapper: Warning: PNG Warning: iCCP: cHRM chunk does not match sRGB
03-29 19:24:05.580  6620  6661 D UE4     : [2022.03.29-18.24.05:580][  0]LogImageWrapper: Warning: PNG Warning: iCCP: known incorrect sRGB profile
03-29 19:24:05.580  6620  6661 D UE4     : [2022.03.29-18.24.05:580][  0]LogImageWrapper: Warning: PNG Warning: iCCP: cHRM chunk does not match sRGB
03-29 19:24:05.580  6620  6700 D UE4     : [2022.03.29-18.24.05:580][  0]LogImageWrapper: Warning: PNG Warning: iCCP: known incorrect sRGB profile
03-29 19:24:05.580  6620  6700 D UE4     : [2022.03.29-18.24.05:580][  0]LogImageWrapper: Warning: PNG Warning: iCCP: known incorrect sRGB profile
03-29 19:24:05.580  6620  6701 D UE4     : [2022.03.29-18.24.05:580][  0]LogImageWrapper: Warning: PNG Warning: iCCP: known incorrect sRGB profile
03-29 19:24:05.580  6620  6701 D UE4     : [2022.03.29-18.24.05:580][  0]LogImageWrapper: Warning: PNG Warning: iCCP: cHRM chunk does not match sRGB
03-29 19:24:05.581  6620  6701 D UE4     : [2022.03.29-18.24.05:581][  0]LogImageWrapper: Warning: PNG Warning: iCCP: known incorrect sRGB profile
03-29 19:24:05.581  6620  6701 D UE4     : [2022.03.29-18.24.05:581][  0]LogImageWrapper: Warning: PNG Warning: iCCP: cHRM chunk does not match sRGB
03-29 19:24:05.581  6620  6699 D UE4     : [2022.03.29-18.24.05:581][  0]LogImageWrapper: Warning: PNG Warning: iCCP: known incorrect sRGB profile
03-29 19:24:05.581  6620  6699 D UE4     : [2022.03.29-18.24.05:581][  0]LogImageWrapper: Warning: PNG Warning: iCCP: known incorrect sRGB profile
03-29 19:24:05.581  6620  6661 D UE4     : [2022.03.29-18.24.05:581][  0]LogImageWrapper: Warning: PNG Warning: iCCP: known incorrect sRGB profile
03-29 19:24:05.582  6620  6661 D UE4     : [2022.03.29-18.24.05:582][  0]LogImageWrapper: Warning: PNG Warning: iCCP: known incorrect sRGB profile
03-29 19:24:05.582  6620  6700 D UE4     : [2022.03.29-18.24.05:582][  0]LogImageWrapper: Warning: PNG Warning: iCCP: known incorrect sRGB profile
03-29 19:24:05.582  6620  6700 D UE4     : [2022.03.29-18.24.05:582][  0]LogImageWrapper: Warning: PNG Warning: iCCP: known incorrect sRGB profile
03-29 19:24:05.582  6620  6698 D UE4     : [2022.03.29-18.24.05:582][  0]LogImageWrapper: Warning: PNG Warning: iCCP: known incorrect sRGB profile
03-29 19:24:05.582  6620  6698 D UE4     : [2022.03.29-18.24.05:582][  0]LogImageWrapper: Warning: PNG Warning: iCCP: known incorrect sRGB profile
03-29 19:24:05.583  6620  6701 D UE4     : [2022.03.29-18.24.05:582][  0]LogImageWrapper: Warning: PNG Warning: iCCP: known incorrect sRGB profile
03-29 19:24:05.583  6620  6701 D UE4     : [2022.03.29-18.24.05:583][  0]LogImageWrapper: Warning: PNG Warning: iCCP: known incorrect sRGB profile
03-29 19:24:05.583  6620  6699 D UE4     : [2022.03.29-18.24.05:583][  0]LogImageWrapper: Warning: PNG Warning: iCCP: known incorrect sRGB profile
03-29 19:24:05.583  6620  6699 D UE4     : [2022.03.29-18.24.05:583][  0]LogImageWrapper: Warning: PNG Warning: iCCP: known incorrect sRGB profile
03-29 19:24:05.583  6620  6661 D UE4     : [2022.03.29-18.24.05:583][  0]LogImageWrapper: Warning: PNG Warning: iCCP: known incorrect sRGB profile
03-29 19:24:05.584  6620  6661 D UE4     : [2022.03.29-18.24.05:584][  0]LogImageWrapper: Warning: PNG Warning: iCCP: known incorrect sRGB profile
03-29 19:24:05.584  6620  6700 D UE4     : [2022.03.29-18.24.05:584][  0]LogImageWrapper: Warning: PNG Warning: iCCP: known incorrect sRGB profile
03-29 19:24:05.584  6620  6700 D UE4     : [2022.03.29-18.24.05:584][  0]LogImageWrapper: Warning: PNG Warning: iCCP: known incorrect sRGB profile
03-29 19:24:05.584  6620  6698 D UE4     : [2022.03.29-18.24.05:584][  0]LogImageWrapper: Warning: PNG Warning: iCCP: known incorrect sRGB profile
03-29 19:24:05.585  6620  6698 D UE4     : [2022.03.29-18.24.05:585][  0]LogImageWrapper: Warning: PNG Warning: iCCP: known incorrect sRGB profile
03-29 19:24:05.585  6620  6699 D UE4     : [2022.03.29-18.24.05:585][  0]LogImageWrapper: Warning: PNG Warning: iCCP: known incorrect sRGB profile
03-29 19:24:05.585  6620  6699 D UE4     : [2022.03.29-18.24.05:585][  0]LogImageWrapper: Warning: PNG Warning: iCCP: known incorrect sRGB profile
03-29 19:24:05.585  6620  6701 D UE4     : [2022.03.29-18.24.05:585][  0]LogImageWrapper: Warning: PNG Warning: iCCP: known incorrect sRGB profile
03-29 19:24:05.585  6620  6701 D UE4     : [2022.03.29-18.24.05:585][  0]LogImageWrapper: Warning: PNG Warning: iCCP: known incorrect sRGB profile
03-29 19:24:05.586  6620  6661 D UE4     : [2022.03.29-18.24.05:586][  0]LogImageWrapper: Warning: PNG Warning: iCCP: known incorrect sRGB profile
03-29 19:24:05.586  6620  6661 D UE4     : [2022.03.29-18.24.05:586][  0]LogImageWrapper: Warning: PNG Warning: iCCP: known incorrect sRGB profile
03-29 19:24:05.586  6620  6698 D UE4     : [2022.03.29-18.24.05:586][  0]LogImageWrapper: Warning: PNG Warning: iCCP: known incorrect sRGB profile
03-29 19:24:05.586  6620  6698 D UE4     : [2022.03.29-18.24.05:586][  0]LogImageWrapper: Warning: PNG Warning: iCCP: known incorrect sRGB profile
03-29 19:24:05.587  6620  6699 D UE4     : [2022.03.29-18.24.05:587][  0]LogImageWrapper: Warning: PNG Warning: iCCP: known incorrect sRGB profile
03-29 19:24:05.587  6620  6700 D UE4     : [2022.03.29-18.24.05:587][  0]LogImageWrapper: Warning: PNG Warning: iCCP: known incorrect sRGB profile
03-29 19:24:05.587  6620  6700 D UE4     : [2022.03.29-18.24.05:587][  0]LogImageWrapper: Warning: PNG Warning: iCCP: known incorrect sRGB profile
03-29 19:24:05.587  6620  6699 D UE4     : [2022.03.29-18.24.05:587][  0]LogImageWrapper: Warning: PNG Warning: iCCP: known incorrect sRGB profile
03-29 19:24:05.588  6620  6661 D UE4     : [2022.03.29-18.24.05:588][  0]LogImageWrapper: Warning: PNG Warning: iCCP: known incorrect sRGB profile
03-29 19:24:05.588  6620  6661 D UE4     : [2022.03.29-18.24.05:588][  0]LogImageWrapper: Warning: PNG Warning: iCCP: known incorrect sRGB profile
03-29 19:24:05.588  6620  6698 D UE4     : [2022.03.29-18.24.05:588][  0]LogImageWrapper: Warning: PNG Warning: iCCP: known incorrect sRGB profile
03-29 19:24:05.588  6620  6698 D UE4     : [2022.03.29-18.24.05:588][  0]LogImageWrapper: Warning: PNG Warning: iCCP: known incorrect sRGB profile
03-29 19:24:05.589  6620  6699 D UE4     : [2022.03.29-18.24.05:589][  0]LogImageWrapper: Warning: PNG Warning: iCCP: known incorrect sRGB profile
03-29 19:24:05.589  6620  6699 D UE4     : [2022.03.29-18.24.05:589][  0]LogImageWrapper: Warning: PNG Warning: iCCP: known incorrect sRGB profile
03-29 19:24:05.589  6620  6701 D UE4     : [2022.03.29-18.24.05:589][  0]LogImageWrapper: Warning: PNG Warning: iCCP: known incorrect sRGB profile
03-29 19:24:05.589  6620  6701 D UE4     : [2022.03.29-18.24.05:589][  0]LogImageWrapper: Warning: PNG Warning: iCCP: cHRM chunk does not match sRGB
03-29 19:24:05.589  6620  6701 D UE4     : [2022.03.29-18.24.05:589][  0]LogImageWrapper: Warning: PNG Warning: iCCP: known incorrect sRGB profile
03-29 19:24:05.589  6620  6701 D UE4     : [2022.03.29-18.24.05:589][  0]LogImageWrapper: Warning: PNG Warning: iCCP: cHRM chunk does not match sRGB
03-29 19:24:05.589  6620  6700 D UE4     : [2022.03.29-18.24.05:589][  0]LogImageWrapper: Warning: PNG Warning: iCCP: known incorrect sRGB profile
03-29 19:24:05.590  6620  6700 D UE4     : [2022.03.29-18.24.05:590][  0]LogImageWrapper: Warning: PNG Warning: iCCP: known incorrect sRGB profile
03-29 19:24:05.591  6620  6661 D UE4     : [2022.03.29-18.24.05:591][  0]LogImageWrapper: Warning: PNG Warning: iCCP: known incorrect sRGB profile
03-29 19:24:05.591  6620  6661 D UE4     : [2022.03.29-18.24.05:591][  0]LogImageWrapper: Warning: PNG Warning: iCCP: cHRM chunk does not match sRGB
03-29 19:24:05.591  6620  6661 D UE4     : [2022.03.29-18.24.05:591][  0]LogImageWrapper: Warning: PNG Warning: iCCP: known incorrect sRGB profile
03-29 19:24:05.591  6620  6661 D UE4     : [2022.03.29-18.24.05:591][  0]LogImageWrapper: Warning: PNG Warning: iCCP: cHRM chunk does not match sRGB
03-29 19:24:05.591  6620  6699 D UE4     : [2022.03.29-18.24.05:591][  0]LogImageWrapper: Warning: PNG Warning: iCCP: known incorrect sRGB profile
03-29 19:24:05.592  6620  6699 D UE4     : [2022.03.29-18.24.05:592][  0]LogImageWrapper: Warning: PNG Warning: iCCP: known incorrect sRGB profile
03-29 19:24:05.592  6620  6698 D UE4     : [2022.03.29-18.24.05:592][  0]LogImageWrapper: Warning: PNG Warning: iCCP: known incorrect sRGB profile
03-29 19:24:05.592  6620  6698 D UE4     : [2022.03.29-18.24.05:592][  0]LogImageWrapper: Warning: PNG Warning: iCCP: known incorrect sRGB profile
03-29 19:24:05.592  6620  6701 D UE4     : [2022.03.29-18.24.05:592][  0]LogImageWrapper: Warning: PNG Warning: iCCP: known incorrect sRGB profile
03-29 19:24:05.592  6620  6701 D UE4     : [2022.03.29-18.24.05:592][  0]LogImageWrapper: Warning: PNG Warning: iCCP: cHRM chunk does not match sRGB
03-29 19:24:05.592  6620  6701 D UE4     : [2022.03.29-18.24.05:592][  0]LogImageWrapper: Warning: PNG Warning: iCCP: known incorrect sRGB profile
03-29 19:24:05.592  6620  6701 D UE4     : [2022.03.29-18.24.05:592][  0]LogImageWrapper: Warning: PNG Warning: iCCP: cHRM chunk does not match sRGB
03-29 19:24:05.593  6620  6661 D UE4     : [2022.03.29-18.24.05:593][  0]LogImageWrapper: Warning: PNG Warning: iCCP: known incorrect sRGB profile
03-29 19:24:05.593  6620  6661 D UE4     : [2022.03.29-18.24.05:593][  0]LogImageWrapper: Warning: PNG Warning: iCCP: known incorrect sRGB profile
03-29 19:24:05.594  6620  6699 D UE4     : [2022.03.29-18.24.05:594][  0]LogImageWrapper: Warning: PNG Warning: iCCP: known incorrect sRGB profile
03-29 19:24:05.594  6620  6699 D UE4     : [2022.03.29-18.24.05:594][  0]LogImageWrapper: Warning: PNG Warning: iCCP: known incorrect sRGB profile
03-29 19:24:05.594  6620  6700 D UE4     : [2022.03.29-18.24.05:594][  0]LogImageWrapper: Warning: PNG Warning: iCCP: known incorrect sRGB profile
03-29 19:24:05.595  6620  6700 D UE4     : [2022.03.29-18.24.05:595][  0]LogImageWrapper: Warning: PNG Warning: iCCP: known incorrect sRGB profile
03-29 19:24:05.595  6620  6701 D UE4     : [2022.03.29-18.24.05:595][  0]LogImageWrapper: Warning: PNG Warning: iCCP: known incorrect sRGB profile
03-29 19:24:05.595  6620  6701 D UE4     : [2022.03.29-18.24.05:595][  0]LogImageWrapper: Warning: PNG Warning: iCCP: known incorrect sRGB profile
03-29 19:24:05.595  6620  6698 D UE4     : [2022.03.29-18.24.05:595][  0]LogImageWrapper: Warning: PNG Warning: iCCP: known incorrect sRGB profile
03-29 19:24:05.595  6620  6698 D UE4     : [2022.03.29-18.24.05:595][  0]LogImageWrapper: Warning: PNG Warning: iCCP: known incorrect sRGB profile
03-29 19:24:05.596  6620  6699 D UE4     : [2022.03.29-18.24.05:596][  0]LogImageWrapper: Warning: PNG Warning: iCCP: known incorrect sRGB profile
03-29 19:24:05.596  6620  6699 D UE4     : [2022.03.29-18.24.05:596][  0]LogImageWrapper: Warning: PNG Warning: iCCP: known incorrect sRGB profile
03-29 19:24:05.596  6620  6700 D UE4     : [2022.03.29-18.24.05:596][  0]LogImageWrapper: Warning: PNG Warning: iCCP: known incorrect sRGB profile
03-29 19:24:05.597  6620  6700 D UE4     : [2022.03.29-18.24.05:597][  0]LogImageWrapper: Warning: PNG Warning: iCCP: known incorrect sRGB profile
03-29 19:24:05.597  6620  6661 D UE4     : [2022.03.29-18.24.05:597][  0]LogImageWrapper: Warning: PNG Warning: iCCP: known incorrect sRGB profile
03-29 19:24:05.597  6620  6661 D UE4     : [2022.03.29-18.24.05:597][  0]LogImageWrapper: Warning: PNG Warning: iCCP: known incorrect sRGB profile
03-29 19:24:05.597  6620  6698 D UE4     : [2022.03.29-18.24.05:597][  0]LogImageWrapper: Warning: PNG Warning: iCCP: known incorrect sRGB profile
03-29 19:24:05.598  6620  6698 D UE4     : [2022.03.29-18.24.05:597][  0]LogImageWrapper: Warning: PNG Warning: iCCP: known incorrect sRGB profile
03-29 19:24:05.598  6620  6699 D UE4     : [2022.03.29-18.24.05:598][  0]LogImageWrapper: Warning: PNG Warning: iCCP: known incorrect sRGB profile
03-29 19:24:05.598  6620  6699 D UE4     : [2022.03.29-18.24.05:598][  0]LogImageWrapper: Warning: PNG Warning: iCCP: known incorrect sRGB profile
03-29 19:24:05.598  6620  6701 D UE4     : [2022.03.29-18.24.05:598][  0]LogImageWrapper: Warning: PNG Warning: iCCP: known incorrect sRGB profile
03-29 19:24:05.598  6620  6701 D UE4     : [2022.03.29-18.24.05:598][  0]LogImageWrapper: Warning: PNG Warning: iCCP: known incorrect sRGB profile
03-29 19:24:05.599  6620  6700 D UE4     : [2022.03.29-18.24.05:599][  0]LogImageWrapper: Warning: PNG Warning: iCCP: known incorrect sRGB profile
03-29 19:24:05.599  6620  6700 D UE4     : [2022.03.29-18.24.05:599][  0]LogImageWrapper: Warning: PNG Warning: iCCP: known incorrect sRGB profile
03-29 19:24:05.600  6620  6698 D UE4     : [2022.03.29-18.24.05:600][  0]LogImageWrapper: Warning: PNG Warning: iCCP: known incorrect sRGB profile
03-29 19:24:05.600  6620  6698 D UE4     : [2022.03.29-18.24.05:600][  0]LogImageWrapper: Warning: PNG Warning: iCCP: known incorrect sRGB profile
03-29 19:24:05.600  6620  6701 D UE4     : [2022.03.29-18.24.05:600][  0]LogImageWrapper: Warning: PNG Warning: iCCP: known incorrect sRGB profile
03-29 19:24:05.600  6620  6701 D UE4     : [2022.03.29-18.24.05:600][  0]LogImageWrapper: Warning: PNG Warning: iCCP: known incorrect sRGB profile
03-29 19:24:05.600  6620  6700 D UE4     : [2022.03.29-18.24.05:600][  0]LogImageWrapper: Warning: PNG Warning: iCCP: known incorrect sRGB profile
03-29 19:24:05.601  6620  6700 D UE4     : [2022.03.29-18.24.05:601][  0]LogImageWrapper: Warning: PNG Warning: iCCP: known incorrect sRGB profile
03-29 19:24:05.601  6620  6699 D UE4     : [2022.03.29-18.24.05:601][  0]LogImageWrapper: Warning: PNG Warning: iCCP: known incorrect sRGB profile
03-29 19:24:05.601  6620  6699 D UE4     : [2022.03.29-18.24.05:601][  0]LogImageWrapper: Warning: PNG Warning: iCCP: known incorrect sRGB profile
03-29 19:24:05.601  6620  6661 D UE4     : [2022.03.29-18.24.05:601][  0]LogImageWrapper: Warning: PNG Warning: iCCP: known incorrect sRGB profile
03-29 19:24:05.602  6620  6661 D UE4     : [2022.03.29-18.24.05:602][  0]LogImageWrapper: Warning: PNG Warning: iCCP: known incorrect sRGB profile
03-29 19:24:05.602  6620  6698 D UE4     : [2022.03.29-18.24.05:602][  0]LogImageWrapper: Warning: PNG Warning: iCCP: known incorrect sRGB profile
03-29 19:24:05.602  6620  6698 D UE4     : [2022.03.29-18.24.05:602][  0]LogImageWrapper: Warning: PNG Warning: iCCP: cHRM chunk does not match sRGB
03-29 19:24:05.602  6620  6698 D UE4     : [2022.03.29-18.24.05:602][  0]LogImageWrapper: Warning: PNG Warning: iCCP: known incorrect sRGB profile
