--------- beginning of main
03-30 13:51:43.078 11394 11394 D NetworkController.WifiSignalController: notifyListener: visible=true, enabled=true, connected=true, inetCondition=1, isDefault=true, receivedCR=true, receivedIC=-1, shouldForceHide=false, emptyConnected=false
03-30 13:51:43.156 30703 30962 I SCS@AiSearch user 0: (AppsDataWorker) [pool-3-thread-4] entering in doWork():  
03-30 13:51:43.156 30703 30962 I SCS@AiSearch user 0: (AppsDataObserver) [pool-3-thread-4] entering in execute():  
03-30 13:51:43.156 30703 30962 I SCS@AiSearch user 0: (AppsDataObserver-CMD_UPDATE_LIST) changed package count: 1
--------- beginning of system
03-30 13:51:43.167   668   668 D io_stats: !@   8,0 r 15834107 352878796 w 4935336 83713132 d 1453268 122527300 f 0 0 iot 4542636 0 th 0 0 0 pt 0 inp 0 0 103589.317
03-30 13:51:43.201 30703 30962 I SCS@AiSearch user 0: (AppsDataObserver) [pool-3-thread-4] leaving from execute():  result is true
03-30 13:51:43.202 30703 30962 I SCS@AiSearch user 0: (AppsDataWorker) [pool-3-thread-4] leaving from doWork():  
03-30 13:51:43.204 30703 30746 I WM-WorkerWrapper: Worker result SUCCESS for Work [ id=9d92944a-ca95-4590-9f69-cd7eab325081, tags={ com.samsung.android.scs.ai.search.scheduling.workers.AppsDataWorker, CMD_UPDATE_LIST } ]
03-30 13:51:43.293  1266 10974 D BatteryService: Sending ACTION_BATTERY_CHANGED. scale:100, info:{.chargerAcOnline = false, .chargerUsbOnline = true, .chargerWirelessOnline = false, .maxChargingCurrent = 0, .maxChargingVoltage = 0, .batteryStatus = CHARGING, .batteryHealth = GOOD, .batteryPresent = true, .batteryLevel = 97, .batteryVoltage = 4304, .batteryTemperature = 319, .batteryCurrent = 318, .batteryCycleCount = 0, .batteryFullCharge = 4500000, .batteryChargeCounter = 4396500, .batteryTechnology = Li-ion}
03-30 13:51:43.293  1266 10974 D BatteryService: online:4, current avg:102, charge type:1, POGO powered:false, power sharing:false, high voltage charger:false, charger_type:0, capacity:280000, misc_event:0x10000, current_event:0x0, current_now:318
03-30 13:51:43.294  4102  4102 D ProcessState: Binder ioctl to enable oneway spam detection failed: Invalid argument
03-30 13:51:43.294  1266  2847 D MotionRecognitionService:   onReceive : ACTION_BATTERY_CHANGED, Plugged: 2
03-30 13:51:43.294  1266  2847 I MotionRecognitionService: [TA] In/out: true, curr state: 1
03-30 13:51:43.294  1266  2847 I MotionRecognitionService: [TA] Before receiving the SAR request for Main. Return.
03-30 13:51:43.296 11394 11394 D KeyguardUpdateMonitor: received broadcast android.intent.action.BATTERY_CHANGED
03-30 13:51:43.297 11394 11394 I PowerUI : mBootCompleted = true |  mFullyConnected = true
03-30 13:51:43.297 11394 11394 I PowerUI : BATTERY_HEALTH_CHECK extraHealth=2 mBatteryMiscEvent=65536
03-30 13:51:43.297 11394 11394 D PowerUI : priorPlugType = 2 mPlugType = 2 priorBatteryStatus = 2 mBatteryStatus = 2
03-30 13:51:43.297 11394 11394 I PowerUI : oldMisalign : false, curMisalign : false
03-30 13:51:43.297 12287 12287 D SemBigDataInfoController: Intent : android.intent.action.BATTERY_CHANGED
03-30 13:51:43.298 12287 12287 D SemBigDataInfoController: Intent : android.intent.action.BATTERY_CHANGED
03-30 13:51:43.298  1266  1266 E PocketModeEvent: PocketModeSetting is off 
03-30 13:51:43.298  1266  1266 D PhoneWindowManagerExt: ACTION_BATTERY_CHANGED - Level=97, status=2
03-30 13:51:43.298  1266  1266 D SemWifiApBroadcastReceiver: Received : android.intent.action.BATTERY_CHANGED
03-30 13:51:43.298  1266  1266 D AdaptiveBrightnessLongtermModelBuilder: Received android.intent.action.BATTERY_CHANGED
03-30 13:51:43.298 11394 11394 D PowerUI.Notification: showChargingNotice oldChargingType : 1 currentChargingType : 1 oldChargingTime : 681000 mChargingTime : 681000
03-30 13:51:43.299 11394 11394 D PowerUI.Notification: There is no change about charging status, so return!
03-30 13:51:43.299 11394 11394 D PowerUI : Battery swelling mode - priorBatterySwellingMode = 0 mBatterySwellingMode = 0 mBatteryStatus = 2
03-30 13:51:43.299 11394 11394 I PowerUI : mBatteryMiscEvent = 65536
03-30 13:51:43.299 11394 32003 D PowerUI.Notification: 1. restoreScreenTimeOut - saved_value : :
03-30 13:51:43.299 11394 32003 E PowerUI.Notification: no saved value, so we do nothing !!
03-30 13:51:43.300  1266  1975 D BaseRestrictionMgr: Package: com.gbwhatsapp, userid: 0, hostingType: broadcast is Restricted by policy: 4 caller is: null
03-30 13:51:43.300  1266  1975 W BroadcastQueue: intent:Intent { act=android.intent.action.BATTERY_CHANGED flg=0x60000010 (has extras) } is skipped in RestrictedPackage to ProcessRecord{6175b47 10473:com.gbwhatsapp/u0a309}
03-30 13:51:43.300  1266 17300 D ActivityTaskManager: startActivityAsUser: callingPid=4102, callingUid=2000, caller=com.android.server.wm.ActivityTaskManagerService.startActivityAsUser:1743 com.android.server.am.ActivityManagerService.startActivityAsUserWithFeature:3543 com.android.server.am.ActivityManagerShellCommand.runStartActivity:596 com.android.server.am.ActivityManagerShellCommand.onCommand:201 com.android.modules.utils.BasicShellCommandHandler.exec:97 android.os.ShellCommand.exec:38 com.android.server.am.ActivityManagerService.onShellCommand:10487 
03-30 13:51:43.301  1266  1975 D BaseRestrictionMgr: Package: com.facebook.katana, userid: 0, hostingType: broadcast is Restricted by policy: 4 caller is: null
03-30 13:51:43.301  1266  1975 W BroadcastQueue: intent:Intent { act=android.intent.action.BATTERY_CHANGED flg=0x60000010 (has extras) } is skipped in RestrictedPackage to ProcessRecord{3715c0d 28264:com.facebook.katana/u0a294}
03-30 13:51:43.301  1266  1975 D BaseRestrictionMgr: Package: com.instagram.android, userid: 0, hostingType: broadcast is Restricted by policy: 4 caller is: null
03-30 13:51:43.301  1266  1975 W BroadcastQueue: intent:Intent { act=android.intent.action.BATTERY_CHANGED flg=0x60000010 (has extras) } is skipped in RestrictedPackage to ProcessRecord{2d798ce 28309:com.instagram.android/u0a305}
03-30 13:51:43.302  1266  1975 D BaseRestrictionMgr: Package: com.facebook.katana, userid: 0, hostingType: broadcast is Restricted by policy: 4 caller is: null
03-30 13:51:43.302  1266  1975 W BroadcastQueue: intent:Intent { act=android.intent.action.BATTERY_CHANGED flg=0x60000010 (has extras) } is skipped in RestrictedPackage to ProcessRecord{3715c0d 28264:com.facebook.katana/u0a294}
03-30 13:51:43.304  1266 17300 I ActivityTaskManager: START u0 {flg=0x10000000 cmp=com.YourCompany.TestAndroid/com.epicgames.ue4.SplashActivity} from uid 2000
03-30 13:51:43.304  2121  2121 I [SC]BatteryMonitorReceiverImpl: onReceive: android.intent.action.BATTERY_CHANGED
03-30 13:51:43.305 11394 11394 D KeyguardUpdateMonitor: handleBatteryUpdate
03-30 13:51:43.305  1266  1975 I SemDvfsHyPerManager: acquire hyper - APP_LAUNCH/1266@67, type = -999
03-30 13:51:43.306 11394 11394 I AODBatteryManager: updateBatteryData: ACTION_BATTERY_CHANGED
03-30 13:51:43.306  1088  1174 I HYPER-HAL: [RequestManager.cpp]acquire(): Acquired ID : 889178  [1266 / 67]    HINT : APP_LAUNCH    list : 
03-30 13:51:43.306 11394 11394 I AODBatteryManager: saveBatteryData : AOD BatteryData [mBatteryLevel=97, mBatteryStatus=CHARGING, mBatteryPlugType=USB, mBatteryPlugged=true, mRemainingChargeTime=681000, mBatteryChargingType=1, mBatteryChargerType=NORMAL, mBatteryOnline=USB, mBatterySwellingMode=NONE, mBatteryProtectMode=false]
03-30 13:51:43.307  1266 10941 W SearchableInfo: Invalid searchable metadata for com.samsung.android.messaging/.ui.view.recipientspicker.PickerActivity: Search label must be a resource reference.
03-30 13:51:43.307 17203 17203 I SemDvfsHyPerManager: acquire hyper - APP_START_SHORT/17203@14, type = -999
03-30 13:51:43.309  1266 17300 D ActivityTaskManager: TaskLaunchParamsModifier:task=null activity=ActivityRecord{55e532c u0 com.YourCompany.TestAndroid/com.epicgames.ue4.SplashActivity display-id=0 display-windowing-mode=1 suggested-display-area=DefaultTaskDisplayArea@233818638
03-30 13:51:43.309  1266 17300 D [secipm]: mSecIpmManager Preload com.YourCompany.TestAndroid dex files
03-30 13:51:43.310  1266 17300 D ActivityTaskManager: TaskLaunchParamsModifier:task=null activity=ActivityRecord{55e532c u0 com.YourCompany.TestAndroid/com.epicgames.ue4.SplashActivity t-1} display-id=0 display-windowing-mode=1 suggested-display-area=DefaultTaskDisplayArea@233818638 non-freeform-display display-area=DefaultTaskDisplayArea@233818638 maximized-bounds
03-30 13:51:43.310  1266 12810 D PkgPredictorService-IpmAdcpController: create a new DexPreloadTask pkg:com.YourCompany.TestAndroid  path:/data/app/~~NVXaxQud3PztEuSMx18z0A==/com.YourCompany.TestAndroid-eMfuwZfJGSp-oLixLjGcng==
03-30 13:51:43.310  1266 12820 I SemDvfsHyPerManager: acquire hyper - AMS_APP_SWITCH/1266@21, type = -999
03-30 13:51:43.311  1266 17300 W ActivityTaskManager: Can't find TaskDisplayArea to determine support for multi window. Task id=4017 attached=false
03-30 13:51:43.312  1266 12820 D ActivityManagerPerformance: AMP_acquire() APP_SWITCH
03-30 13:51:43.312  1143  1224 I SurfaceFlinger: id=19679 createSurf (0x0),-1 flag=24004, Task=4017#0
03-30 13:51:43.314  1266 17300 D ActivityTaskManager: TaskLaunchParamsModifier:task=Task{f6cab8a #4017 type=standard A=10463:com.YourCompany.TestAndroid U=0 visible=false mode=fullscreen translucent=true sz=0} activity=ActivityRecord{55e532c u0 com.YourCompany.TestAndroid/com.epicgames.ue4.SplashActivity t-1} display-from-task=0 display-id=0 display-windowing-mode=1 suggested-display-area=DefaultTaskDisplayArea@233818638 non-freeform-display display-area=DefaultTaskDisplayArea@233818638 maximized-bounds
03-30 13:51:43.315  1088  1174 I HYPER-HAL: [RequestManager.cpp]acquire(): Acquired ID : 148221167  [17203 / 14]    HINT : APP_START    list : [TIMEOUT / 1500] 
03-30 13:51:43.316  1266 17300 D CompatibilityChangeReporter: Compat change id reported: 174042980; UID 10463; state: DISABLED
03-30 13:51:43.316  1266 11040 D SemNscXgbMsL1: Probability - Cloud gaming: [0.015183116]
03-30 13:51:43.316  1266 11040 D SemNscXgbMsL1: Probability - Real time: [0.02472706]
03-30 13:51:43.316  1266 11040 D SemNscXgbMsL1: Probability - Non real time: [0.8932651]
03-30 13:51:43.316  1266 11040 D SemNscXgbMsL1: 1 sample inference time: 0.402187 msecs
03-30 13:51:43.316  1088  1174 I HYPER-HAL: [RequestManager.cpp]acquire(): Acquired ID : 828849  [1266 / 21]    HINT : AMS_APP_SWITCH    list : 
03-30 13:51:43.317  1266 11040 D SemNscXgbL2Rt: L2 RT 1 sample inference time: 0.326511 msecs
03-30 13:51:43.317  1266 11040 D SemNscXgbL2Nrt: L2 NRT 1 sample inference time: 0.321041 msecs
03-30 13:51:43.317  1266 17300 D CompatibilityChangeReporter: Compat change id reported: 184838306; UID 10463; state: DISABLED
03-30 13:51:43.318 11394 11394 D QS      : setQSExpansion 0.0 -185.5
03-30 13:51:43.318  1266 17300 D CompatibilityChangeReporter: Compat change id reported: 185004937; UID 10463; state: DISABLED
03-30 13:51:43.319  1266 17300 D CompatibilityChangeReporter: Compat change id reported: 181136395; UID 10463; state: DISABLED
03-30 13:51:43.319 11394 11394 D QS      : setQSExpansion 0.0 -185.5
03-30 13:51:43.319 11394 11394 V SecQSFragmentAnimatorBase: setQsExpansionPosition 0.0
03-30 13:51:43.319 11394 11394 V QsExpandAnimator: setQsExpansionPosition 0.0 0
03-30 13:51:43.320 11394 11394 D QS      : setQSExpansion 0.0 -185.5
03-30 13:51:43.320  1266 17300 D CompatibilityChangeReporter: Compat change id reported: 174042936; UID 10463; state: DISABLED
03-30 13:51:43.320  1143  1224 I SurfaceFlinger: id=19680 createSurf (0x0),-1 flag=80004, ActivityRecord{55e532c u0 com.YourCompany.TestAndroid/com.epicgames.ue4.SplashActivity t4017}#0
03-30 13:51:43.321 11394 11394 D IndicatorGardenInputProperty: updateRotation() prv:-1 >> new:0
03-30 13:51:43.322 11394 11394 D DeviceState: getDeviceResolutionPixelSize - currentDensity = 420 deviceDensity = 420 initialDisplaySizeFactor = 1080 currentDisplaySizeFactor = 1080 initialDisplayDensity = 420 proportionalDensity = 420 proportionalPixel = 72
03-30 13:51:43.322 11394 11394 D DeviceState: getDeviceResolutionPixelSize - currentDensity = 420 deviceDensity = 420 initialDisplaySizeFactor = 1080 currentDisplaySizeFactor = 1080 initialDisplayDensity = 420 proportionalDensity = 420 proportionalPixel = 36
03-30 13:51:43.322 11394 11394 D DeviceState: getDeviceResolutionPixelSize - currentDensity = 420 deviceDensity = 420 initialDisplaySizeFactor = 1080 currentDisplaySizeFactor = 1080 initialDisplayDensity = 420 proportionalDensity = 420 proportionalPixel = 33
03-30 13:51:43.322 11394 11394 E IndicatorGardenAlgorithmBasicCutout: NOT MATCH !!!! resourceHeight:87, cutoutHeight:88 ([IndicatorGardenInputProperty]  Rotation(0-0,90-1,180-2,270-3)0, Density:2.625, ScreenWidthSize:1080, CoverSidePadding:0, mIndicatorGardenCenterOffset:11, mCameraCutoutCropSize:0, mGardenPaddingStart:21, mIndicatorCornerPadding:72, mCameraSidePadding:36, mCameraTopMargin:33, DpCutout:DisplayCutout{insets=Rect(0, 88 - 0, 0) waterfall=Insets{left=0, top=0, right=0, bottom=0} boundingRect={Bounds=[Rect(0, 0 - 0, 0), Rect(512, 0 - 568, 88), Rect(0, 0 - 0, 0), Rect(0, 0 - 0, 0)]} cutoutPathParserInfo={CutoutPathParserInfo{displayWidth=1080 displayHeight=2400 density={2.625} cutoutSpec={M 0,0 M 0,12.25101276465640 a 10.60613009248640,10.60613009248640 0 1,0 0,21.21226018497290 a 10.60613009248640,10.60613009248640 0 1,0 0,-21.21226018497290 Z @dp} rotation={0} scale={1.0}}}}) 
03-30 13:51:43.322 11394 11394 E IndicatorGardenAlgorithmBasicCutout: NOT MATCH !!!! resourceHeight:87, cutoutHeight:88 ([IndicatorGardenInputProperty]  Rotation(0-0,90-1,180-2,270-3)0, Density:2.625, ScreenWidthSize:1080, CoverSidePadding:0, mIndicatorGardenCenterOffset:11, mCameraCutoutCropSize:0, mGardenPaddingStart:21, mIndicatorCornerPadding:72, mCameraSidePadding:36, mCameraTopMargin:33, DpCutout:DisplayCutout{insets=Rect(0, 88 - 0, 0) waterfall=Insets{left=0, top=0, right=0, bottom=0} boundingRect={Bounds=[Rect(0, 0 - 0, 0), Rect(512, 0 - 568, 88), Rect(0, 0 - 0, 0), Rect(0, 0 - 0, 0)]} cutoutPathParserInfo={CutoutPathParserInfo{displayWidth=1080 displayHeight=2400 density={2.625} cutoutSpec={M 0,0 M 0,12.25101276465640 a 10.60613009248640,10.60613009248640 0 1,0 0,21.21226018497290 a 10.60613009248640,10.60613009248640 0 1,0 0,-21.21226018497290 Z @dp} rotation={0} scale={1.0}}}}) 
03-30 13:51:43.323 17203 17203 I SemDvfsHyPerManager: acquire hyper - APP_START_SHORT/17203@14, type = -999
03-30 13:51:43.324  1088  1174 I HYPER-HAL: [RequestManager.cpp]acquire(): Acquired ID : 148221167  [17203 / 14]    HINT : APP_START    list : [TIMEOUT / 1500] 
03-30 13:51:43.326  1266 17300 W WindowManager: Prepare app transition: mNextAppTransitionRequests=[TRANSIT_OPEN], mNextAppTransitionFlags=, displayId: 0 Callers=com.android.server.wm.DisplayContent.prepareAppTransition:6351 com.android.server.wm.DisplayContent.prepareAppTransition:6346 com.android.server.wm.Task.startActivityLocked:8693 com.android.server.wm.ActivityStarter.startActivityInner:2898 com.android.server.wm.ActivityStarter.startActivityUnchecked:2330 
03-30 13:51:43.327  1266 17300 D ActivityTaskManager: Add starting com.android.server.wm.ActivityRecord$AddStartingWindow@f34c871: typeParam=43
03-30 13:51:43.328 11394 11394 D ShellTaskOrganizer: addStartingWindow: info=StartingWindowInfo{taskId=4017 targetActivityInfo=null displayId=0 topActivityType=1 preferredStartingWindowType=2b insetsState=null topWindowLayoutParams=null mainWindowLayoutParams=null splashScreenThemeResId 7f0b0011
03-30 13:51:43.329 11394 11496 D StartingSurfaceDrawer: addSplashScreen com.YourCompany.TestAndroid theme=7f0b0011 task=4017 suggestType=3
03-30 13:51:43.330  1266 17300 I SemDvfsHyPerManager: acquire hyper - AMS_APP_LAUNCH/1266@18, type = -999
03-30 13:51:43.331  1088  1174 I HYPER-HAL: [RequestManager.cpp]acquire(): Acquired ID : 824988  [1266 / 18]    HINT : AMS_APP_LAUNCH    list : 
03-30 13:51:43.331 17203 17203 I SemDvfsHyPerManager: acquire hyper - APP_START/17203@15, type = -999
03-30 13:51:43.333  1088  1174 I HYPER-HAL: [RequestManager.cpp]acquire(): Acquired ID : 148238386  [17203 / 15]    HINT : APP_START    list : 
03-30 13:51:43.336  1266  1935 D CompatibilityChangeReporter: Compat change id reported: 158002302; UID 10064; state: ENABLED
03-30 13:51:43.339 12760 12760 I BaseActivity: removeActivityFlags, flags : 16
03-30 13:51:43.339 12760 12760 I BaseActivity: removeActivityFlags, flags : 6
03-30 13:51:43.340 12760 12760 I DragController: endDrag
03-30 13:51:43.340 12760 12760 W LauncherAppWidgetHost: setShouldListenFlag, mFlags:15 flag:resume on:false isFront:false
03-30 13:51:43.341  1266  1933 D CompatibilityChangeReporter: Compat change id reported: 135634846; UID 10463; state: DISABLED
03-30 13:51:43.341 12760 12760 I DecorView: notifyKeepScreenOnChanged: keepScreenOn=false
03-30 13:51:43.342  1266  1976 D CompatibilityChangeReporter: Compat change id reported: 143937733; UID 10463; state: DISABLED
03-30 13:51:43.342 12760 12760 I SPayUpdater: updateSpayHandler launcher activity is paused false
03-30 13:51:43.343 30165 30165 E adbd    : failed to connect to socket 'tcp:6666': Connection refused
03-30 13:51:43.343 11394 11394 D PipMotionHelper: animateToOffset: originalBounds=Rect(533, 1948 - 1038, 2232) offset=0 callers=
03-30 13:51:43.343 11394 11394 D PipMotionHelper:     com.android.wm.shell.pip.phone.PipTouchHandler.onMovementBoundsChanged:482
03-30 13:51:43.343 11394 11394 D PipMotionHelper:     com.android.wm.shell.pip.phone.PipController.updateMovementBounds:700
03-30 13:51:43.343 11394 11394 D PipMotionHelper:     com.android.wm.shell.pip.phone.PipController.lambda$init$3:350
03-30 13:51:43.343 11394 11394 D PipMotionHelper:     com.android.wm.shell.pip.phone.PipController.$r8$lambda$u15Oj_b57njSWegfZTV6TpliGaw:0
03-30 13:51:43.343 11394 11394 D PipMotionHelper:     com.android.wm.shell.pip.phone.PipController$$ExternalSyntheticLambda0.accept:8
03-30 13:51:43.343  1266 17300 D MARsPolicyManager: onPackageResumedFG pkgName = com.YourCompany.TestAndroid, userId = 0
03-30 13:51:43.345  1266 17300 W WindowManager: Prepare app transition: mNextAppTransitionRequests=[TRANSIT_OPEN, TRANSIT_OPEN], mNextAppTransitionFlags=, displayId: 0 Callers=com.android.server.wm.DisplayContent.prepareAppTransition:6351 com.android.server.wm.Task.resumeTopActivityInnerLocked:8375 com.android.server.wm.Task.resumeTopActivityInnerLocked:8094 com.android.server.wm.Task.resumeTopActivityUncheckedLocked:7992 com.android.server.wm.RootWindowContainer.resumeFocusedTasksTopActivities:2803 
03-30 13:51:43.354   994   994 D Zygote  : Forked child process 4115
03-30 13:51:43.355  1266  1933 V ActivityManager: Changed top to null
03-30 13:51:43.355  1266  1933 D SGM:GameManager: notePauseComponent(), received pkgName: com.sec.android.app.launcher, userId: 0
03-30 13:51:43.356  1266  1733 D InputTransport: Input channel constructed: 'cde691d', fd=1174
03-30 13:51:43.356  1266  1733 D InputTransport: Input channel constructed: 'cde691d', fd=1177
03-30 13:51:43.356  1266  1733 D InputTransport: Input channel constructed: 'cde691d', fd=1178
03-30 13:51:43.356  1143  1224 I SurfaceFlinger: id=19681 createSurf (0x0),-1 flag=80004, cde691d Splash Screen com.YourCompany.TestAndroid#0
03-30 13:51:43.357  1266  1733 V WindowManager: rotationForOrientation(orient=SCREEN_ORIENTATION_PORTRAIT (1), last=ROTATION_0 (0)); user=ROTATION_0 (0) 
03-30 13:51:43.357  1266  1733 D WindowManager: rotationForOrientation, orientationSource=ActivityRecord{55e532c u0 com.YourCompany.TestAndroid/com.epicgames.ue4.SplashActivity t4017}
03-30 13:51:43.359  1266  1733 V WindowManager: Computed rotation=ROTATION_0 (0) for display id=0 based on lastOrientation=SCREEN_ORIENTATION_PORTRAIT (1) and oldRotation=ROTATION_0 (0), caller=com.android.server.wm.DisplayRotation.updateOrientation:407 com.android.server.wm.DisplayContent.updateOrientation:1931 com.android.server.wm.DisplayContent.updateOrientation:1846 com.android.server.wm.WindowManagerService.addWindow:2070 com.android.server.wm.Session.addToDisplayAsUser:211 android.view.IWindowSession$Stub.onTransact:691 
03-30 13:51:43.359  1266  1733 D InputTransport: Input channel destroyed: 'cde691d', fd=1178
03-30 13:51:43.359  1266  1266 I CocktailBarManagerServiceContainer: handleMessage: entry what = 6
03-30 13:51:43.360  1266  1976 I ActivityManager: Start proc 4115:com.YourCompany.TestAndroid/u0a463 for pre-top-activity {com.YourCompany.TestAndroid/com.epicgames.ue4.SplashActivity}
03-30 13:51:43.360 11394 11496 I ViewRootImpl@4226971[TestAndroid]: setView = android.widget.FrameLayout@5a32bad TM=true
03-30 13:51:43.360  1266  1976 D ActivityManager: [SecIpm] it's a ML_TYPE_EMPTYPROCESS protected process com.YourCompany.TestAndroid
03-30 13:51:43.361  1266 17300 V WindowManager: Relayout Window{626f8e3 u0 com.sec.android.app.launcher/com.sec.android.app.launcher.activities.LauncherActivity}: viewVisibility=0 req=1080x2400 d0
03-30 13:51:43.363  1266 17300 V WindowManager: Relayout hash=626f8e3, pid=12760: mAttrs={(0,0)(fillxfill) sim={adjust=nothing} layoutInDisplayCutoutMode=shortEdges ty=BASE_APPLICATION fmt=TRANSPARENT wanim=0x10302f2
03-30 13:51:43.363  1266 17300 V WindowManager:   fl=81910100
03-30 13:51:43.363  1266 17300 V WindowManager:   pfl=1e020040
03-30 13:51:43.363  1266 17300 V WindowManager:   vsysui=1700
03-30 13:51:43.363  1266 17300 V WindowManager:   bhv=SHOW_TRANSIENT_BARS_BY_SWIPE
03-30 13:51:43.363  1266 17300 V WindowManager:   fitSides= naviIconColor=0}
03-30 13:51:43.364 12760 12760 I ViewRootImpl@e12d814[LauncherActivity]: Relayout returned: old=(0,0,1080,2400) new=(0,0,1080,2400) req=(1080,2400)0 dur=9 res=0x1 s={true -5476376629441505488} ch=false fn=40
03-30 13:51:43.364  1266 11080 D NetdEventListenerService: DNS Requested by : 241, 1000, 0
03-30 13:51:43.365  1266 11522 V WindowManager: Relayout Window{cde691d u0 Splash Screen com.YourCompany.TestAndroid}: viewVisibility=0 req=1080x2400 d0
03-30 13:51:43.365  1266 17300 D InputDispatcher: Focus left window (0): 626f8e3 com.sec.android.app.launcher/com.sec.android.app.launcher.activities.LauncherActivity
03-30 13:51:43.365  1143  1224 I SurfaceFlinger: id=19682 createSurf (1080x2400),-3 flag=40004, Splash Screen com.YourCompany.TestAndroid$_11394#0
03-30 13:51:43.366 12760 12760 I ViewRootImpl@e12d814[LauncherActivity]: MSG_WINDOW_FOCUS_CHANGED 0 1
03-30 13:51:43.366 12760 12760 I BaseActivity: removeActivityFlags, flags : 8
03-30 13:51:43.367  1266 11522 D WindowManager: makeSurface duration=3 name=Splash Screen com.YourCompany.TestAndroid$_11394
03-30 13:51:43.369  1266 11522 V WindowManager: Changing focus from Window{626f8e3 u0 com.sec.android.app.launcher/com.sec.android.app.launcher.activities.LauncherActivity} to null displayId=0 Callers=com.android.server.wm.RootWindowContainer.updateFocusedWindowLocked:583 com.android.server.wm.WindowManagerService.updateFocusedWindowLocked:6453 com.android.server.wm.WindowManagerService.relayoutWindow:2746 com.android.server.wm.Session.relayout:242 
03-30 13:51:43.369  1266 11522 D StatusBarManagerService: notifyRequestedSystemKey recent=false home=false
03-30 13:51:43.370  1266 11522 V WindowManager: Relayout hash=cde691d, pid=11394: mAttrs={(0,0)(fillxfill) sim={adjust=pan} ty=APPLICATION_STARTING fmt=TRANSLUCENT wanim=0x1030001
03-30 13:51:43.370  1266 11522 V WindowManager:   fl=81030118
03-30 13:51:43.370  1266 11522 V WindowManager:   pfl=36000010
03-30 13:51:43.370  1266 11522 V WindowManager:   bhv=DEFAULT
03-30 13:51:43.370  1266 11522 V WindowManager:   fitSides= naviIconColor=0}
03-30 13:51:43.373 11394 11496 I ViewRootImpl@4226971[TestAndroid]: Relayout returned: old=(0,0,1080,2400) new=(0,0,1080,2400) req=(1080,2400)0 dur=9 res=0x7 s={true -5476376629437040848} ch=true fn=-1
03-30 13:51:43.373 11394 11583 D OpenGLRenderer: eglCreateWindowSurface
03-30 13:51:43.374 11394 11496 I ViewRootImpl@4226971[TestAndroid]: [DP] dp(1) 0 android.view.ViewRootImpl.reportNextDraw:11374 android.view.ViewRootImpl.performTraversals:4167 android.view.ViewRootImpl.doTraversal:2893 
03-30 13:51:43.379 11394 11583 I BufferQueueProducer: [ViewRootImpl@4226971[TestAndroid]#873(BLAST Consumer)873](id:2c8200000369,api:1,p:11394,c:11394) queueBuffer: queued for the first time.
03-30 13:51:43.383  1266  1933 D PowerManagerService: [api] setScreenDimDurationOverrideFromWindowManagerInternal: timeoutMillis: -1
03-30 13:51:43.384 12760 12760 I BadgeRenderer: Invalid count : 0
03-30 13:51:43.384 12760 12760 I BadgeRenderer: Invalid count : 0
03-30 13:51:43.384 11394 11496 I ViewRootImpl@4226971[TestAndroid]: [DP] pdf(0) 0 android.view.ViewRootImpl.lambda$addFrameCompleteCallbackIfNeeded$3$ViewRootImpl:4969 android.view.ViewRootImpl$$ExternalSyntheticLambda16.run:6 android.os.Handler.handleCallback:938 
03-30 13:51:43.384 12760 12760 I BadgeRenderer: Invalid count : 0
03-30 13:51:43.384 11394 11496 I ViewRootImpl@4226971[TestAndroid]: [DP] rdf()
03-30 13:51:43.384 11394 11496 D ViewRootImpl@4226971[TestAndroid]: reportDrawFinished (fn: -1) 
03-30 13:51:43.384 12760 12760 I BadgeRenderer: Invalid count : 0
03-30 13:51:43.384 12760 12760 I BadgeRenderer: Invalid count : 0
03-30 13:51:43.385 12760 12760 I BadgeRenderer: Invalid count : 0
03-30 13:51:43.386 12925 12925 D HidDeviceService: handleMessage(): msg.what=8
03-30 13:51:43.385  1266  1931 D NetworkPolicy: onUidStateChanged() uid: 10463, isForeground(false, 19)
03-30 13:51:43.386  1266 17300 D WindowManager: finishDrawingWindow: Window{cde691d u0 Splash Screen com.YourCompany.TestAndroid} mDrawState=DRAW_PENDING
03-30 13:51:43.388  1266  1935 W WindowManager: Execute app transition: mNextAppTransitionRequests=[TRANSIT_OPEN, TRANSIT_OPEN], mNextAppTransitionFlags=, displayId: 0 Callers=com.android.server.wm.ActivityRecord.onStartingWindowDrawn:6816 com.android.server.wm.WindowState.performShowLocked:5611 com.android.server.wm.WindowStateAnimator.commitFinishDrawingLocked:323 com.android.server.wm.DisplayContent.lambda$new$10$DisplayContent:1213 com.android.server.wm.DisplayContent$$ExternalSyntheticLambda26.accept:4 
03-30 13:51:43.388  1266  1935 D WindowManager: performShow logReadyForDisplay  mToken.waitingToShow:true isTransitionSet:true
03-30 13:51:43.388  1266  1935 D TaskOrganizerController: Task appeared taskId=4017
03-30 13:51:43.389  1266  1935 D WindowManager: Loading animation for app transition. transit=TRANSIT_OLD_WALLPAPER_CLOSE enter=false frame=Rect(0, 0 - 1080, 2186) insets=Rect(0, 0 - 0, 0) surfaceInsets=Rect(0, 0 - 0, 0)
03-30 13:51:43.390  1266  1935 I WindowManager: Reparenting to leash, surface=Surface(name=Task=1)/@0x253adc1, leashParent=Surface(name=DefaultTaskDisplayArea)/@0x6b4341f
03-30 13:51:43.390  1143  1680 I SurfaceFlinger: id=19683 createSurf (0x0),-1 flag=24000, Surface(name=Task=1)/@0x253adc1 - animation-leash of app_transition#0
03-30 13:51:43.391  1266  1935 D WindowManager: makeSurface duration=1 leash=Surface(name=Surface(name=Task=1)/@0x253adc1 - animation-leash of app_transition)/@0xa49e745
03-30 13:51:43.392  1266  1935 D WindowManager: Loading animation for app transition. transit=TRANSIT_OLD_WALLPAPER_CLOSE enter=true frame=Rect(0, 0 - 1080, 2400) insets=Rect(0, 88 - 0, 126) surfaceInsets=Rect(0, 0 - 0, 0)
03-30 13:51:43.392  1266  1935 I WindowManager: Reparenting to leash, surface=Surface(name=Task=4017)/@0x634654, leashParent=Surface(name=DefaultTaskDisplayArea)/@0x6b4341f
03-30 13:51:43.393  1143  2900 I SurfaceFlinger: id=19684 createSurf (0x0),-1 flag=24004, Surface(name=Task=4017)/@0x634654 - animation-leash of app_transition#0
03-30 13:51:43.394  1266  1935 D WindowManager: makeSurface duration=1 leash=Surface(name=Surface(name=Task=4017)/@0x634654 - animation-leash of app_transition)/@0x2aab9fd
03-30 13:51:43.394 11394 11394 D FullscreenTaskListener: Fullscreen Task Appeared: #4017, caller=com.android.wm.shell.ShellTaskOrganizer.onTaskAppeared:387 com.android.wm.shell.ShellTaskOrganizer.onTaskAppeared:376 android.window.TaskOrganizer$1.lambda$onTaskAppeared$4$TaskOrganizer$1:297 
03-30 13:51:43.396  1266  1935 I WindowManager: Cancelling animation restarting=true, leash=Surface(name=Surface(name=131f63e StatusBar)/@0x760d8dd - animation-leash of insets_animation)/@0x4f16a25
03-30 13:51:43.396  1266  1935 I WindowManager: Reparenting to original parent: Surface(name=WindowToken{906b6f9 android.os.BinderProxy@86d9f43})/@0xe3ddc52, destroy=false, surface=Surface(name=131f63e StatusBar)/@0x760d8dd
03-30 13:51:43.396  1266  1935 I WindowManager: Reparenting to leash, surface=Surface(name=131f63e StatusBar)/@0x760d8dd, leashParent=Surface(name=WindowToken{906b6f9 android.os.BinderProxy@86d9f43})/@0xe3ddc52
03-30 13:51:43.396  1143  1680 I SurfaceFlinger: id=19685 createSurf (0x0),-1 flag=24000, Surface(name=131f63e StatusBar)/@0x760d8dd - animation-leash of insets_animation#0
03-30 13:51:43.397  1266  1935 D WindowManager: makeSurface duration=1 leash=Surface(name=Surface(name=131f63e StatusBar)/@0x760d8dd - animation-leash of insets_animation)/@0x7edf8f9
03-30 13:51:43.397  1266  1935 I WindowManager: Cancelling animation restarting=true, leash=Surface(name=Surface(name=2e75e87 NavigationBar0)/@0x1850cf8 - animation-leash of insets_animation)/@0xa24e1ab
03-30 13:51:43.397  1143  1143 I SurfaceFlinger: [626f8e3 com.sec.android.app.launcher/com.sec.android.app.launcher.activities.LauncherActivity#0] FrameRatePriority: -1
03-30 13:51:43.397  1266  1935 I WindowManager: Reparenting to original parent: Surface(name=WindowToken{613ad08 android.os.BinderProxy@5f4ecfa})/@0xf6a45d1, destroy=false, surface=Surface(name=2e75e87 NavigationBar0)/@0x1850cf8
03-30 13:51:43.397  1266  1935 I WindowManager: Reparenting to leash, surface=Surface(name=2e75e87 NavigationBar0)/@0x1850cf8, leashParent=Surface(name=WindowToken{613ad08 android.os.BinderProxy@5f4ecfa})/@0xf6a45d1
03-30 13:51:43.398  1143  2900 I SurfaceFlinger: id=19686 createSurf (0x0),-1 flag=24000, Surface(name=2e75e87 NavigationBar0)/@0x1850cf8 - animation-leash of insets_animation#1
03-30 13:51:43.398  1266  1935 D WindowManager: makeSurface duration=2 leash=Surface(name=Surface(name=2e75e87 NavigationBar0)/@0x1850cf8 - animation-leash of insets_animation)/@0xf8c2bb5
03-30 13:51:43.405 12760  7364 I TouchInteractionService: onSystemUiStateChanged, stateFlags : 131072
03-30 13:51:43.406 12760 12760 I TouchInteractionService: onSystemUiFlagsChanged, userUnlocked
03-30 13:51:43.413  4115  4115 I any.TestAndroi: Late-enabling -Xcheck:jni
03-30 13:51:43.413  1143  1143 I Layer   : id=19669 removedFromDrawingState Surface(name=131f63e StatusBar)/@0x760d8dd - animation-leash of insets_animation#1 (148)
03-30 13:51:43.414  1143  1143 I Layer   : id=19670 removedFromDrawingState Surface(name=2e75e87 NavigationBar0)/@0x1850cf8 - animation-leash of insets_animation#0 (148)
03-30 13:51:43.414  1143  1143 I SurfaceFlinger: id=19669 Removed Surface(name=131f63e StatusBar)/@0x760d8dd - animation-leash of insets_animation#1 (148)
03-30 13:51:43.414  1143  1143 I SurfaceFlinger: id=19670 Removed Surface(name=2e75e87 NavigationBar0)/@0x1850cf8 - animation-leash of insets_animation#0 (148)
03-30 13:51:43.415  1143  1143 I Layer   : id=19669 Destroyed Surface(name=131f63e StatusBar)/@0x760d8dd - animation-leash of insets_animation#1
03-30 13:51:43.415  1143  1143 I Layer   : id=19670 Destroyed Surface(name=2e75e87 NavigationBar0)/@0x1850cf8 - animation-leash of insets_animation#0
03-30 13:51:43.436  1143  1143 D SurfaceFlinger: Display 4630947232161729153 HWC layers:
03-30 13:51:43.436  1143  1143 D SurfaceFlinger:      DEVICE | 0xb4000077fa43c8b0 | 0100 | RGBx_8888    |  132.0    0.0 1212.0 2400.0 |    0    0 1080 2400 | Wallpaper BBQ wrapper#0
03-30 13:51:43.436  1143  1143 D SurfaceFlinger:      DEVICE | 0xb4000077fa463e20 | 0100 | RGBA_8888    |    0.0    0.0 1080.0 2400.0 |    0    0 1080 2400 | com.sec.android.app.launcher/com.sec[...]activities.LauncherActivity$_12760#0
03-30 13:51:43.436  1143  1143 D SurfaceFlinger:      DEVICE | 0xb4000077fa442df0 | 0100 | RGBA_8888    |    0.0    0.0 1080.0 2400.0 |   76  168 1004 2232 | Splash Screen com.YourCompany.TestAndroid$_11394#0
03-30 13:51:43.436  1143  1143 D SurfaceFlinger:      DEVICE | 0xb4000077fa4751c0 | 0100 | RGBA_8888    |    0.0    0.0 1080.0   87.0 |    0    0 1080   87 | StatusBar$_11394#0
03-30 13:51:43.436  1143  1143 D SurfaceFlinger:      DEVICE | 0xb4000077fa45e390 | 0100 | RGBA_8888    |    0.0    0.0   67.0  331.0 | 1013  513 1080  844 | com.samsung.android.app.cocktailbars[...]rservice.CocktailBarService$_17465#0
03-30 13:51:43.436  1143  1143 D SurfaceFlinger:      DEVICE | 0xb4000077fa473a20 | 0100 | RGBA_8888    |    0.0    0.0 1080.0  126.0 |    0 2274 1080 2400 | NavigationBar0$_11394#0
03-30 13:51:43.436  1143  1143 D SurfaceFlinger: 
03-30 13:51:43.442  4115  4115 W any.TestAndroi: Using default instruction set features for ARM CPU variant (cortex-a9) using conservative defaults
03-30 13:51:43.447 30165 30173 I adbd    : jdwp connection from 4115
03-30 13:51:43.449  4115  4115 E USNET   : USNET: appName: com.YourCompany.TestAndroid
03-30 13:51:43.450 12760  7364 I RecentModel: onTaskStackChangedBackground
03-30 13:51:43.451 12760  7364 I RecentTasksList: getTaskKeys, numTasks :3 callback : com.android.quickstep.-$$Lambda$RecentsModel$k1Mm-BV64Bc89eJHYugywZmW_Js@8436643
03-30 13:51:43.452  1266 11522 D ActivityTaskManager: getRecentPairTasks() maxNum :3 from 10145
03-30 13:51:43.452  1266 11522 D RecentTaskItemController: getRecentPairTasksImpl() maxNum :3 from 10145
03-30 13:51:43.452  4115  4115 D ProcessState: Binder ioctl to enable oneway spam detection failed: Invalid argument
03-30 13:51:43.453 12760 13089 I RecentTasksList: loadTasksInBackground() task id : 3949
03-30 13:51:43.453 12760 13089 I RecentTasksList: loadTasksInBackground() task id : 3978
03-30 13:51:43.453 12760 13089 I RecentTasksList: loadTasksInBackground() task id : 4017
03-30 13:51:43.456  4115  4115 D ActivityThread: setConscryptValidator
03-30 13:51:43.456  4115  4115 D ActivityThread: setConscryptValidator - put
03-30 13:51:43.461  1266 11522 I ActivityManager: DSS OFF for com.YourCompany.TestAndroid
03-30 13:51:43.465  1266 11522 D ActivityManager: attachApplicationLocked() app=ProcessRecord{2efa3eb 4115:com.YourCompany.TestAndroid/u0a463} app.isolatedEntryPoint=null instr2=null
03-30 13:51:43.466  1266 11522 V WindowManager: rotationForOrientation(orient=SCREEN_ORIENTATION_PORTRAIT (1), last=ROTATION_0 (0)); user=ROTATION_0 (0) 
03-30 13:51:43.466  1266 11522 D WindowManager: rotationForOrientation, orientationSource=ActivityRecord{55e532c u0 com.YourCompany.TestAndroid/com.epicgames.ue4.SplashActivity t4017}
03-30 13:51:43.467  1266 11522 V WindowManager: Computed rotation=ROTATION_0 (0) for display id=0 based on lastOrientation=SCREEN_ORIENTATION_PORTRAIT (1) and oldRotation=ROTATION_0 (0), caller=com.android.server.wm.DisplayRotation.updateOrientation:407 com.android.server.wm.DisplayContent.updateOrientation:1931 com.android.server.wm.DisplayContent.updateOrientation:1869 com.android.server.wm.RootWindowContainer.ensureVisibilityAndConfig:2207 com.android.server.wm.ActivityTaskSupervisor.realStartActivityLocked:939 com.android.server.wm.RootWindowContainer.startActivityForAttachedApplicationIfNeeded:2356 
03-30 13:51:43.467  1266 11522 D TspStateManager: updateCustomValue customSetting=
03-30 13:51:43.467  1266 11522 D TspStateManager: updateCustomValue customSetting=
03-30 13:51:43.468  1266 11522 D SGM:PkgDataHelper: notifyAppCreate(), pkgName: com.YourCompany.TestAndroid, userId: 0, sendRet: true
03-30 13:51:43.468  1266  2866 D SGM:GameManager: onLooperPrepared(), msg: MSG_APP_CREATE, pkgName: com.YourCompany.TestAndroid, userId: 0
03-30 13:51:43.468  1266 11522 D MARsPolicyManager: onPackageResumedFG pkgName = com.YourCompany.TestAndroid, userId = 0
03-30 13:51:43.469  1266 11522 D InputDispatcher: Focused application set to (0): 55e532c
03-30 13:51:43.469  1266 11522 D SGM:GameManager: TaskStackListener.onTaskFocusChanged(), taskId=3939, focused=false
03-30 13:51:43.469  1266 11522 D SGM:GameManager: TaskStackListener.onTaskFocusChanged(), taskId=4017, focused=true
03-30 13:51:43.469  1266 11522 D SGM:GameManager:   sendRunningComponentFocus(), pkgName: com.YourCompany.TestAndroid, userId: 0
03-30 13:51:43.469  1266  2866 D SGM:GameManager: onLooperPrepared(), msg: MSG_TASK_FOCUSED, pkgName: com.YourCompany.TestAndroid, userId: 0
03-30 13:51:43.469  1266  2866 D SGM:GameManager: handleTaskFocused().
03-30 13:51:43.469  1266  2866 D SGM:GameManager:   handleTaskFocused(), pkgName: com.YourCompany.TestAndroid, userID:0
03-30 13:51:43.469  1266  2866 D SGM:GameManager: handleResume().
03-30 13:51:43.469  1266  2866 D SGM:GameManager: sendFocusOutConditionally() - mPrevNotiPkg: KILL_YOURSELF, userId: 0
03-30 13:51:43.470  1266  2866 D SGM:GameManager:   handleResume(). pkgName: com.YourCompany.TestAndroid, userId: 0, isTunableApp: null
03-30 13:51:43.470  1266  2866 D SGM:GameManager: notifyFocusInOut(). of pkg: com.YourCompany.TestAndroid, type: 4, isMinimized: false, isTunableApp: false, userId: 0
03-30 13:51:43.470  1266  2866 D SGM:GameManager:   notifyFocusInOut(). do nothing. mKillNotiCount: 1
03-30 13:51:43.470  1266  2866 D SGM:NetworkLimit: callRelease
03-30 13:51:43.470  1266  2866 D SGM:SystemHelper: callReleaseBlock needReleaseBlock:false
03-30 13:51:43.471  1266  1933 V ActivityManager: Changed top to ProcessRecord{2efa3eb 4115:com.YourCompany.TestAndroid/u0a463}
03-30 13:51:43.471  1266  1933 I ActivityManager: Changes in 10463 19 to 2, 0 to 15
03-30 13:51:43.471  1266  1933 I AppOps  : updateUidProcState uid: 10463 procState: 2 capability:15
03-30 13:51:43.471  1266  1933 I AppOps  : commitUidPendingStateLocked() :: UID - 10463, 700 > 200, 0 > 15
03-30 13:51:43.471  1266  1933 I SemPersonaManager: SecureFolder personaId = 150
03-30 13:51:43.478 12925 12925 D HidDeviceService: handleMessage(): msg.what=8
03-30 13:51:43.478  1266  1931 D NetworkPolicy: onUidStateChanged() uid: 10463, isForeground(true, 2)
03-30 13:51:43.481  1266  1931 D SSRM:LoadDetectMonitor: PID = 4115, UID = 10463
03-30 13:51:43.482  1266  1933 D EnterpriseDeviceManagerService: isMdmAdminPresentInternal() : MDM Admin Found - com.samsung.knox.securefolder
03-30 13:51:43.484  1266  1933 D SGM:GameManager: identifyGamePackage. com.YourCompany.TestAndroid, mCurrentUserId: 0, callerUserId: 0, callingMethodInfo: com.samsung.android.game.SemGameManager.isGamePackage(SemGameManager.java:104)
03-30 13:51:43.484  1266  1933 D SGM:PkgDataHelper: getGamePkgData(). com.YourCompany.TestAndroid
03-30 13:51:43.484  1266  1933 D SGM:SemGameManager: isGamePackage(), pkgName=com.YourCompany.TestAndroid, ret=false
03-30 13:51:43.485  1266  1933 I GameSDK@LifeCycle: noteResumeComponent(): package name  : com.YourCompany.TestAndroid
03-30 13:51:43.487  1266  1933 D SGM:GameManager: identifyGamePackage. com.YourCompany.TestAndroid, mCurrentUserId: 0, callerUserId: 0, callingMethodInfo: com.android.server.ssrm.fgapps.GameAppUtils.isGame(GameAppUtils.java:84)
03-30 13:51:43.487  1266  1933 D SGM:PkgDataHelper: getGamePkgData(). com.YourCompany.TestAndroid
03-30 13:51:43.488  1266  1933 D SGM:GameManager: identifyGamePackage. com.YourCompany.TestAndroid, mCurrentUserId: 0, callerUserId: 0, callingMethodInfo: com.android.server.ssrm.SortingMachine.isGame(SortingMachine.java:162)
03-30 13:51:43.488  1266  1933 D SGM:PkgDataHelper: getGamePkgData(). com.YourCompany.TestAndroid
03-30 13:51:43.488  1266  1933 D SGM:GameManager: noteResumeComponent(), received pkgName: com.YourCompany.TestAndroid, userId: 0
03-30 13:51:43.489  1266  2866 D SGM:GameManager: onLooperPrepared(), msg: MSG_APP_RESUME, pkgName: com.YourCompany.TestAndroid, userid: 0
03-30 13:51:43.489  1266  2866 D SGM:GameManager: handleResume().
03-30 13:51:43.489  1266  2866 D SGM:GameManager:   handleResume(). same package with Prev KILL_YOURSELF. ignore
03-30 13:51:43.489  1266  1266 I CocktailBarManagerServiceContainer: handleMessage: entry what = 5
03-30 13:51:43.491 17465 17465 I Utils   : HomePackage : com.sec.android.app.launcher, resumePackageName : com.YourCompany.TestAndroid
03-30 13:51:43.498  4115  4115 D ActivityThread: handleBindApplication()++ app=com.YourCompany.TestAndroid
03-30 13:51:43.499  4115  4115 D CompatibilityChangeReporter: Compat change id reported: 171979766; UID 10463; state: DISABLED
03-30 13:51:43.509  4115  4115 D ApplicationLoaders: Returning zygote-cached class loader: /system/framework/android.test.base.jar
03-30 13:51:43.554  1266 11044 W SemWifiTransportLayerUtils: getApplicationCategory - IOException com.YourCompany.TestAndroid
03-30 13:51:43.554  1266 11044 W System.err: java.io.FileNotFoundException: https://play.google.com/store/apps/details?id=com.YourCompany.TestAndroid&hl=en
03-30 13:51:43.554  1266 11044 W System.err: 	at com.android.okhttp.internal.huc.HttpURLConnectionImpl.getInputStream(HttpURLConnectionImpl.java:255)
03-30 13:51:43.554  1266 11044 W System.err: 	at com.android.okhttp.internal.huc.DelegatingHttpsURLConnection.getInputStream(DelegatingHttpsURLConnection.java:211)
03-30 13:51:43.554  1266 11044 W System.err: 	at com.android.okhttp.internal.huc.HttpsURLConnectionImpl.getInputStream(HttpsURLConnectionImpl.java:30)
03-30 13:51:43.554  1266 11044 W System.err: 	at com.samsung.android.server.wifi.tcp.SemWifiTransportLayerUtils.getApplicationCategory(SemWifiTransportLayerUtils.java:104)
03-30 13:51:43.554  1266 11044 W System.err: 	at com.samsung.android.server.wifi.tcp.SemWifiTransportLayerMonitor$TcpMonitorHandler.handleMessage(SemWifiTransportLayerMonitor.java:244)
03-30 13:51:43.554  1266 11044 W System.err: 	at android.os.Handler.dispatchMessage(Handler.java:106)
03-30 13:51:43.554  1266 11044 W System.err: 	at android.os.Looper.loopOnce(Looper.java:226)
03-30 13:51:43.554  1266 11044 W System.err: 	at android.os.Looper.loop(Looper.java:313)
03-30 13:51:43.554  1266 11044 W System.err: 	at android.os.HandlerThread.run(HandlerThread.java:67)
03-30 13:51:43.554  1266 11044 D SemWifiTransportLayerMonitor.TcpMonitorHandler: MSG_SAVE_PACKAGE_INFO
03-30 13:51:43.554  1266 11044 D SemWifiTransportLayerFileManager: saveWifiPackageInfoToFile
03-30 13:51:43.554  1266 11044 D SemWifiTransportLayerFileManager: writeWifiPackageInfoList
03-30 13:51:43.584  4115  4115 V GraphicsEnvironment: ANGLE Developer option for 'com.YourCompany.TestAndroid' set to: 'default'
03-30 13:51:43.585  4115  4115 V GraphicsEnvironment: Updatable production driver is not supported on the device.
03-30 13:51:43.588  4115  4115 D LoadedApk: LoadedApk::makeApplication() appContext.mOpPackageName=com.YourCompany.TestAndroid appContext.mBasePackageName=com.YourCompany.TestAndroid
03-30 13:51:43.588  4115  4115 D NetworkSecurityConfig: No Network Security Config specified, using platform default
03-30 13:51:43.608  4115  4115 D NetworkSecurityConfig: No Network Security Config specified, using platform default
03-30 13:51:43.610  1266 11693 D MdnieScenarioControlService:  packageName : com.YourCompany.TestAndroid    className : com.epicgames.ue4.SplashActivity
03-30 13:51:43.611  1266 11693 V MdnieScenarioControlService: setUIMode from UI function(3)
03-30 13:51:43.615  4115  4115 D ActivityThread: handleBindApplication() --
03-30 13:51:43.619  4115  4115 D ConnectivityManager: StackLog: [android.net.ConnectivityManager.sendRequestForNetwork(ConnectivityManager.java:3937)] [android.net.ConnectivityManager.sendRequestForNetwork(ConnectivityManager.java:3979)] [android.net.ConnectivityManager.registerNetworkCallback(ConnectivityManager.java:4361)] [android.net.ConnectivityManager.registerNetworkCallback(ConnectivityManager.java:4331)] [com.epicgames.ue4.network.NetworkChangedManager.initNetworkCallback(NetworkChangedManager.java:105)] [com.epicgames.ue4.GameApplication.onCreate(GameApplication.java:26)] [android.app.Instrumentation.callApplicationOnCreate(Instrumentation.java:1211)] [android.app.ActivityThread.handleBindApplication(ActivityThread.java:7506)] [android.app.ActivityThread.access$1600(ActivityThread.java:310)] [android.app.ActivityThread$H.handleMessage(ActivityThread.java:2281)]
03-30 13:51:43.620  1266 10911 D ConnectivityService: NetworkReassignment : no changes
03-30 13:51:43.624  4115  4143 V UE4     : [NetworkChangedManager] Network Available: 241
03-30 13:51:43.625  4115  4143 V UE4     : [NetworkChangedManager] No network state set yet, setting naive network state checking connection fully.
03-30 13:51:43.626  4115  4143 V UE4     : [NetworkChangedManager] Network connectivity changed. New connectivity state: CONNECTION_AVAILABLE
03-30 13:51:43.627  4115  4143 V UE4     : [NetworkChangedManager] Network Capabilities changed, has Internet: true
03-30 13:51:43.627  4115  4146 V UE4     : [NetworkChangedManager] Verifying internet connection with host: https://example.com/
03-30 13:51:43.633  4115  4144 D OpenGLRenderer: RenderThread::requireGlContext()
03-30 13:51:43.635  4115  4144 I AdrenoGLES-0: QUALCOMM build                   : cfe4c0c0a2, Iffde15f970
03-30 13:51:43.635  4115  4144 I AdrenoGLES-0: Build Date                       : 10/01/21
03-30 13:51:43.635  4115  4144 I AdrenoGLES-0: OpenGL ES Shader Compiler Version: EV031.32.02.06
03-30 13:51:43.635  4115  4144 I AdrenoGLES-0: Local Branch                     : 
03-30 13:51:43.635  4115  4144 I AdrenoGLES-0: Remote Branch                    : 
03-30 13:51:43.635  4115  4144 I AdrenoGLES-0: Remote Branch                    : 
03-30 13:51:43.635  4115  4144 I AdrenoGLES-0: Reconstruct Branch               : 
03-30 13:51:43.635  4115  4144 I AdrenoGLES-0: Build Config                     : S P 10.0.7 AArch32
03-30 13:51:43.635  4115  4144 I AdrenoGLES-0: Driver Path                      : /vendor/lib/egl/libGLESv2_adreno.so
03-30 13:51:43.643  4115  4144 I AdrenoGLES-0: PFP: 0x016ee195, ME: 0x00000000
03-30 13:51:43.643  1266  1733 I GenerationRegistry: mBackingStore.isClosed() : false
03-30 13:51:43.656  4115  4144 D OpenGLRenderer: RenderThread::setGrContext()
03-30 13:51:43.660  1266 11080 D NetdEventListenerService: DNS Requested by : 241, 10463, 0
03-30 13:51:43.668  4115  4115 I DecorView: [INFO] isPopOver=false, config=true
03-30 13:51:43.668  4115  4115 I DecorView: updateCaptionType >> DecorView@7ac03be[], isFloating=false, isApplication=true, hasWindowControllerCallback=true, hasWindowDecorCaption=false
03-30 13:51:43.668  4115  4115 D DecorView: setCaptionType = 0, this = DecorView@7ac03be[]
03-30 13:51:43.673  4115  4115 I DecorView: getCurrentDensityDpi: from real metrics. densityDpi=420 msg=resources_loaded
03-30 13:51:43.681  1266  2818 D ActivityTaskManager: startActivityAsUser: callingPid=4115, callingUid=10463, caller=com.android.server.wm.ActivityTaskManagerService.startActivityAsUser:1743 com.android.server.wm.ActivityTaskManagerService.startActivity:1696 android.app.IActivityTaskManager$Stub.onTransact:1132 com.android.server.wm.ActivityTaskManagerService.onTransact:6193 android.os.Binder.execTransactInternal:1215 android.os.Binder.execTransact:1179 <bottom of call stack> 
03-30 13:51:43.682  1266  2818 I ActivityTaskManager: START u0 {flg=0x10000 cmp=com.YourCompany.TestAndroid/com.epicgames.ue4.GameActivity (has extras)} from uid 10463
03-30 13:51:43.682  1266  2818 D ActivityTaskManager: TaskLaunchParamsModifier:task=null activity=ActivityRecord{15ae105 u0 com.YourCompany.TestAndroid/com.epicgames.ue4.GameActivity display-area-from-source=DefaultTaskDisplayArea@233818638 display-id=0 display-windowing-mode=1 suggested-display-area=DefaultTaskDisplayArea@233818638
03-30 13:51:43.682  1266  2818 D ActivityTaskManager: TaskLaunchParamsModifier:task=Task{f6cab8a #4017 type=standard A=10463:com.YourCompany.TestAndroid U=0 visible=true mode=fullscreen translucent=false sz=1} activity=ActivityRecord{15ae105 u0 com.YourCompany.TestAndroid/com.epicgames.ue4.GameActivity t-1} display-area-from-source=DefaultTaskDisplayArea@233818638 display-id=0 display-windowing-mode=1 suggested-display-area=DefaultTaskDisplayArea@233818638 inherit-from-source=fullscreen activity-options-fullscreen=Rect(0, 0 - 0, 0) non-freeform-display display-area=DefaultTaskDisplayArea@233818638 maximized-bounds
03-30 13:51:43.683  1143  2900 I SurfaceFlinger: id=19687 createSurf (0x0),-1 flag=80004, ActivityRecord{15ae105 u0 com.YourCompany.TestAndroid/com.epicgames.ue4.GameActivity t4017}#0
03-30 13:51:43.685  1266  2818 W WindowManager: Prepare app transition: mNextAppTransitionRequests=[TRANSIT_NONE], mNextAppTransitionFlags=, displayId: 0 Callers=com.android.server.wm.DisplayContent.prepareAppTransition:6351 com.android.server.wm.DisplayContent.prepareAppTransition:6346 com.android.server.wm.Task.startActivityLocked:8674 com.android.server.wm.ActivityStarter.startActivityInner:2898 com.android.server.wm.ActivityStarter.startActivityUnchecked:2330 
03-30 13:51:43.688 11394  7545 I ViewRootImpl@4226971[TestAndroid]: Resizing android.view.ViewRootImpl@2967ee2: frame=[0,0][1080,2400] reportDraw=false forceLayout=false backDropFrame=Rect(0, 0 - 1080, 2400)
