03-30 13:51:44.846  1266  1935 D InsetsSourceProvider: updateVisibility: serverVisible=true, clientVisible=false, source=InsetsSource: {mType=ITYPE_STATUS_BAR, mFrame=[0,0][1080,88], mVisible=false, mWindowFrame=[0,0][0,0]}, controlTarget=Window{5af4fae u0 com.YourCompany.TestAndroid/com.epicgames.ue4.GameActivity}, from=com.android.server.wm.InsetsSourceProvider.setClientVisible:428 com.android.server.wm.InsetsSourceProvider.updateClientVisibility:413 com.android.server.wm.InsetsStateController.onInsetsModified:508 com.android.server.wm.InsetsStateController.lambda$notifyPendingInsetsControlChanged$6$InsetsStateController:689 com.android.server.wm.InsetsStateController$$ExternalSyntheticLambda1.run:2 com.android.server.wm.WindowAnimator.executeAfterPrepareSurfacesRunnables:345 com.android.server.wm.WindowAnimator.animate:226 com.android.server.wm.WindowAnimator.lambda$new$1$WindowAnimator:106 com.android.server.wm.WindowAnimator$$ExternalSyntheticLambda0.doFrame:2 android.view.Choreographer$CallbackRecord.run:1106 
03-30 13:51:44.847  4115  4115 I ViewRootImpl@4eb33de[GameActivity]: [DP] dp(1) 1 android.view.ViewRootImpl.reportNextDraw:11374 android.view.ViewRootImpl.performTraversals:4167 android.view.ViewRootImpl.doTraversal:2893 
03-30 13:51:44.848  1143  1680 I SurfaceFlinger: id=19694 createSurf (0x0),-1 flag=20004, Bounds for - com.YourCompany.TestAndroid/com.epicgames.ue4.GameActivity@0#0
03-30 13:51:44.849  1143  1224 I SurfaceFlinger: id=19695 createSurf (0x0),-1 flag=80004, SurfaceView - com.YourCompany.TestAndroid/com.epicgames.ue4.GameActivity@5eeb130@0#0
03-30 13:51:44.850  1143  1680 I SurfaceFlinger: id=19696 createSurf (0x0),-1 flag=40400, SurfaceView - com.YourCompany.TestAndroid/com.epicgames.ue4.GameActivity@5eeb130@0(BLAST)#0
03-30 13:51:44.851  1143  1223 I SurfaceFlinger: id=19697 createSurf (0x0),-1 flag=20404, Background for SurfaceView - com.YourCompany.TestAndroid/com.epicgames.ue4.GameActivity@5eeb130@0#0
03-30 13:51:44.851 17465 17465 I CapturedBlurController: updateBlurBackground: false false
03-30 13:51:44.851 17465 17465 I TrayStateController: setUiState 2 : 0 --> 2
03-30 13:51:44.852  4115  4115 I SurfaceView@5eeb130: pST: sr = Rect(0, 0 - 1080, 2312) sw = 1080 sh = 2312
03-30 13:51:44.852  4115  4115 I SurfaceView@5eeb130: onSSPAndSRT: pl = 0 pt = 0 sx = 1.0 sy = 1.0
03-30 13:51:44.853  4115  4115 I SurfaceView@5eeb130: pST: mTmpTransaction.apply, mTmpTransaction = android.view.SurfaceControl$Transaction@2251b7
03-30 13:51:44.854  4115  4115 I SurfaceView@5eeb130: updateSurface: mVisible = true mSurface.isValid() = true
03-30 13:51:44.854  4115  4115 I SurfaceView@5eeb130: updateSurface: mSurfaceCreated = false surfaceChanged = true visibleChanged = true
03-30 13:51:44.854  4115  4115 I SurfaceView@5eeb130: surfaceCreated 1 #8 android.view.SurfaceView{5eeb130 V.E...... ......ID 0,0-1080,2312}
03-30 13:51:44.854  4115  4155 D UE4     : Case APP_CMD_INIT_WINDOW
03-30 13:51:44.854  4115  4115 I SurfaceView@5eeb130: surfaceChanged (1080,2312) 1 #8 android.view.SurfaceView{5eeb130 V.E...... ......ID 0,0-1080,2312}
03-30 13:51:44.854  4115  4155 D UE4     : LogAndroidEvents::EnqueueAppEvent : 0, [width=1080, height=2312], tid = 4155, APP_EVENT_STATE_WINDOW_CREATED
03-30 13:51:44.854  4115  4115 I ViewRootImpl@4eb33de[GameActivity]: [DP] dp(2) 1 android.view.SurfaceView.updateSurface:1375 android.view.SurfaceView.lambda$new$1$SurfaceView:254 android.view.SurfaceView$$ExternalSyntheticLambda2.onPreDraw:2 
03-30 13:51:44.855  4115  4115 I ViewRootImpl@4eb33de[GameActivity]: [DP] pdf(1) 1 android.view.SurfaceView.notifyDrawFinished:599 android.view.SurfaceView.performDrawFinished:586 android.view.SurfaceView.$r8$lambda$st27mCkd9jfJkTrN_P3qIGKX6NY:0 
03-30 13:51:44.858  1143  1143 I Layer   : id=19685 removedFromDrawingState Surface(name=131f63e StatusBar)/@0x760d8dd - animation-leash of insets_animation#0 (155)
03-30 13:51:44.858  1143  1143 I Layer   : id=19686 removedFromDrawingState Surface(name=2e75e87 NavigationBar0)/@0x1850cf8 - animation-leash of insets_animation#1 (155)
03-30 13:51:44.858  1143  1143 I SurfaceFlinger: [5af4fae com.YourCompany.TestAndroid/com.epicgames.ue4.GameActivity#0] FrameRatePriority: 1
03-30 13:51:44.859  1143  1143 I SurfaceFlinger: id=19685 Removed Surface(name=131f63e StatusBar)/@0x760d8dd - animation-leash of insets_animation#0 (155)
03-30 13:51:44.859  1143  1143 I SurfaceFlinger: id=19686 Removed Surface(name=2e75e87 NavigationBar0)/@0x1850cf8 - animation-leash of insets_animation#1 (155)
03-30 13:51:44.859  1143  1143 I Layer   : id=19685 Destroyed Surface(name=131f63e StatusBar)/@0x760d8dd - animation-leash of insets_animation#0
03-30 13:51:44.859  1143  1143 I Layer   : id=19686 Destroyed Surface(name=2e75e87 NavigationBar0)/@0x1850cf8 - animation-leash of insets_animation#1
03-30 13:51:44.861  1266 17386 D InputDispatcher: Focus request (0): 5af4fae com.YourCompany.TestAndroid/com.epicgames.ue4.GameActivity but waiting because NOT_VISIBLE
03-30 13:51:44.861  1266 11522 V WindowManager: Relayout Window{6d9e10f u0 com.samsung.android.app.cocktailbarservice/com.samsung.android.app.cocktailbarservice.CocktailBarService}: viewVisibility=8 req=67x331 d0
03-30 13:51:44.863  1266 11522 E WindowManager: win=Window{6d9e10f u0 com.samsung.android.app.cocktailbarservice/com.samsung.android.app.cocktailbarservice.CocktailBarService} destroySurfaces: appStopped=true win.mWindowRemovalAllowed=false win.mRemoveOnExit=false win.mViewVisibility=8 caller=com.android.server.wm.WindowManagerService.tryStartExitingAnimation:2947 com.android.server.wm.WindowManagerService.relayoutWindow:2671 com.android.server.wm.Session.relayout:242 android.view.IWindowSession$Stub.onTransact:790 com.android.server.wm.Session.onTransact:176 android.os.Binder.execTransactInternal:1215 android.os.Binder.execTransact:1179 
03-30 13:51:44.863  4115  4179 I SurfaceView@5eeb130: uSP: rtp = Rect(0, 0 - 1080, 2312) rtsw = 1080 rtsh = 2312
03-30 13:51:44.863  4115  4179 I SurfaceView@5eeb130: onSSPAndSRT: pl = 0 pt = 0 sx = 1.0 sy = 1.0
03-30 13:51:44.863  1266 11522 I WindowManager: Destroying surface Surface(name=com.samsung.android.app.cocktailbarservice/com.samsung.android.app.cocktailbarservice.CocktailBarService$_17465)/@0x13fbec8 called by com.android.server.wm.WindowStateAnimator.destroySurface:987 com.android.server.wm.WindowStateAnimator.destroySurfaceLocked:518 com.android.server.wm.WindowState.destroySurfaceUnchecked:4229 com.android.server.wm.WindowState.destroySurface:4203 com.android.server.wm.WindowManagerService.tryStartExitingAnimation:2947 com.android.server.wm.WindowManagerService.relayoutWindow:2671 com.android.server.wm.Session.relayout:242 android.view.IWindowSession$Stub.onTransact:790 
03-30 13:51:44.865  4115  4179 I SurfaceView@5eeb130: aOrMT: uB = true t = android.view.SurfaceControl$Transaction@dea8790 fN = 1 android.view.SurfaceView.access$500:124 android.view.SurfaceView$SurfaceViewPositionUpdateListener.positionChanged:1728 android.graphics.RenderNode$CompositePositionUpdateListener.positionChanged:319 
03-30 13:51:44.865  4115  4179 I SurfaceView@5eeb130: aOrMT: vR.mWNT, vR = ViewRootImpl@4eb33de[GameActivity]
03-30 13:51:44.865  4115  4179 I ViewRootImpl@4eb33de[GameActivity]: mWNT: t = android.view.SurfaceControl$Transaction@dea8790 fN = 1 android.view.SurfaceView.applyOrMergeTransaction:1628 android.view.SurfaceView.access$500:124 android.view.SurfaceView$SurfaceViewPositionUpdateListener.positionChanged:1728 
03-30 13:51:44.865  4115  4179 I ViewRootImpl@4eb33de[GameActivity]: mWNT: merge t to BBQ
03-30 13:51:44.867  1266 11522 V WindowManager: Relayout hash=6d9e10f, pid=17465: mAttrs={(0,513)(67x331) gr=TOP RIGHT CENTER sim={adjust=nothing} layoutInDisplayCutoutMode=shortEdges ty=2226 fmt=TRANSPARENT
03-30 13:51:44.867  1266 11522 V WindowManager:   fl=81800548
03-30 13:51:44.867  1266 11522 V WindowManager:   pfl=2000050
03-30 13:51:44.867  1266 11522 V WindowManager:   bhv=SHOW_TRANSIENT_BARS_BY_SWIPE
03-30 13:51:44.867  1266 11522 V WindowManager:   fitTypes=NAVIGATION_BARS CAPTION_BAR dimAmount=0.0 dimDuration=0 naviIconColor=0
03-30 13:51:44.867  1266 11522 V WindowManager:   sfl=200000}
03-30 13:51:44.867  1266 11048 D SemWifiSwitchForIndividualAppsService: isSkipNetworkCondition - result:2
03-30 13:51:44.867  4115  4144 I BufferQueueProducer: [ViewRootImpl@4eb33de[GameActivity]#1(BLAST Consumer)1](id:101300000001,api:1,p:4115,c:4115) queueBuffer: queued for the first time.
03-30 13:51:44.868 17465 17465 I ViewRootImpl@d42d161[CocktailBarService]: Relayout returned: old=(1013,513,1080,844) new=(1013,513,1080,844) req=(67,331)8 dur=7 res=0x5 s={false 0} ch=true fn=3
03-30 13:51:44.869 17465 17465 I TrayStateController: putInputRect mDynamicInputRegion=250801376@LastEvent=t=1648644704869Rect(25, 0 - 67, 331),Rect=Rect(0, 0 - 0, 0)
03-30 13:51:44.870  4115  4115 I ViewRootImpl@4eb33de[GameActivity]: [DP] pdf(0) 1 android.view.ViewRootImpl.lambda$addFrameCompleteCallbackIfNeeded$3$ViewRootImpl:4969 android.view.ViewRootImpl$$ExternalSyntheticLambda16.run:6 android.os.Handler.handleCallback:938 
03-30 13:51:44.870  4115  4115 I ViewRootImpl@4eb33de[GameActivity]: [DP] rdf()
03-30 13:51:44.870  4115  4115 D ViewRootImpl@4eb33de[GameActivity]: reportDrawFinished (fn: -1) 
03-30 13:51:44.870  4115  4115 I ViewRootImpl@35ba5ff[GameActivity]: [DP] pdf(0) 1 android.view.ViewRootImpl.lambda$addFrameCompleteCallbackIfNeeded$3$ViewRootImpl:4969 android.view.ViewRootImpl$$ExternalSyntheticLambda16.run:6 android.os.Handler.handleCallback:938 
03-30 13:51:44.870 17465 17465 I DecorView: notifyKeepScreenOnChanged: keepScreenOn=false
03-30 13:51:44.870  4115  4115 I ViewRootImpl@35ba5ff[GameActivity]: [DP] rdf()
03-30 13:51:44.870  4115  4115 D ViewRootImpl@35ba5ff[GameActivity]: reportDrawFinished (fn: -1) 
03-30 13:51:44.870  4115  4115 D UE4     : [GameActivity] === Thermal status changed to 0
03-30 13:51:44.871  1266  2818 D WindowManager: finishDrawingWindow: Window{5af4fae u0 com.YourCompany.TestAndroid/com.epicgames.ue4.GameActivity} mDrawState=DRAW_PENDING
03-30 13:51:44.872  1266  2818 D WindowManager: finishDrawingWindow: Window{9e457b u0 com.YourCompany.TestAndroid/com.epicgames.ue4.GameActivity} mDrawState=DRAW_PENDING
03-30 13:51:44.872  4115  4115 D UE4     : [GameActivity] === Restoring Transparent Bars due to Visibility Change ===
03-30 13:51:44.872  4115  4115 D UE4     : [GameActivity] === Restoring Transparent Bars ===
03-30 13:51:44.874  1266  1935 I WindowManager: Reparenting to leash, surface=Surface(name=5af4fae com.YourCompany.TestAndroid/com.epicgames.ue4.GameActivity)/@0xaf55b61, leashParent=Surface(name=ActivityRecord{15ae105 u0 com.YourCompany.TestAndroid/com.epicgames.ue4.GameActivity t4017})/@0xa55a686
03-30 13:51:44.875  1143  1143 I Layer   : id=19676 removedFromDrawingState com.samsung.android.app.cocktailbarservice/com.samsung.android.app.cocktailbarservice.CocktailBarService$_17465#0 (154)
03-30 13:51:44.875  1143  1224 I SurfaceFlinger: id=19698 createSurf (0x0),-1 flag=24000, Surface(name=5af4fae com.YourCompany.TestAndroid/com.epicgames.ue4.GameActivity)/@0xaf55b61 - animation-leash of starting_reveal#0
03-30 13:51:44.875  1143  1143 I SurfaceFlinger: id=19676 Removed com.samsung.android.app.cocktailbarservice/com.samsung.android.app.cocktailbarservice.CocktailBarService$_17465#0 (154)
03-30 13:51:44.876  1266  1935 D WindowManager: makeSurface duration=2 leash=Surface(name=Surface(name=5af4fae com.YourCompany.TestAndroid/com.epicgames.ue4.GameActivity)/@0xaf55b61 - animation-leash of starting_reveal)/@0xd8eb47
03-30 13:51:44.879  1266 17386 I SemDvfsHyPerManager: acquire hyper - AMS_RESUME_TAIL/1266@19, type = -999
03-30 13:51:44.879  1266  4186 D TspStateManager: update cmd=set_grip_data,0,0,0,0
03-30 13:51:44.879  1266 17386 I SemDvfsHyPerManager: acquire hyper - AMS_ACT_LAZY/1266@20, type = -999
03-30 13:51:44.879  1266 17386 D ActivityManagerPerformance: AMP_acquire() TAIL
03-30 13:51:44.879  1266 17386 D ActivityManagerPerformance: AMP_release() APP_SWITCH
03-30 13:51:44.879  1143  1143 I Layer   : id=19676 Destroyed com.samsung.android.app.cocktailbarservice/com.samsung.android.app.cocktailbarservice.CocktailBarService$_17465#0
03-30 13:51:44.879  1088  1174 I HYPER-HAL: [RequestManager.cpp]acquire(): Acquired ID : 826274  [1266 / 19]    HINT : AMS_RESUME_TAIL    list : 
03-30 13:51:44.882  1143  1143 D SurfaceFlinger: Display 4630947232161729153 HWC layers:
03-30 13:51:44.882  1143  1143 D SurfaceFlinger:      DEVICE | 0xb4000077fa442df0 | 0100 | RGBA_8888    |    0.0    0.0 1080.0 2400.0 |    0    0 1080 2400 | Splash Screen com.YourCompany.TestAndroid$_11394#0
03-30 13:51:44.882  1143  1143 D SurfaceFlinger:      DEVICE | 0xb4000077fa4751c0 | 0100 | RGBA_8888    |    0.0    0.0 1080.0   87.0 |    0    0 1080   87 | StatusBar$_11394#0
03-30 13:51:44.882  1143  1143 D SurfaceFlinger:      DEVICE | 0xb4000077fa446750 | 0100 | RGBA_8888    |    0.0    0.0 1080.0  126.0 |    0 2274 1080 2400 | NavigationBar0$_11394#0
03-30 13:51:44.882  1143  1143 D SurfaceFlinger: 
03-30 13:51:44.882  1088  1174 I HYPER-HAL: [RequestManager.cpp]acquire(): Acquired ID : 827561  [1266 / 20]    HINT : AMS_ACT_LAZY    list : 
03-30 13:51:44.883 12760 12760 I ViewRootImpl@e12d814[LauncherActivity]: stopped(true) old=false
03-30 13:51:44.884  1266  1930 D [secipm]: mSecIpmManager report to nap
03-30 13:51:44.884  1266  1930 I PkgPredictorService-SecIpmManagerServiceImpl: reportToNAP uid:10463 com.YourCompany.TestAndroid/com.epicgames.ue4.GameActivity thisTime:1574
03-30 13:51:44.886  1266 12757 I PkgPredictorService-NapClassifier: it's ready to run
03-30 13:51:44.886  1088  1174 I HYPER-HAL: [RequestManager.cpp]releaseLocked(): Released ID : 828849
03-30 13:51:44.887  1266 12810 D PkgPredictorService-IpmAdcpController: com.YourCompany.TestAndroid become forground, dex profile begin
03-30 13:51:44.887  1266  2818 V WindowManager: Relayout Window{6d9e10f u0 com.samsung.android.app.cocktailbarservice/com.samsung.android.app.cocktailbarservice.CocktailBarService}: viewVisibility=8 req=67x331 d0
03-30 13:51:44.888  1266  1933 I ActivityManager: PendingStartActivityUids startActivity to updateOomAdj delay:1190ms, uid:10463
03-30 13:51:44.888  1266  1933 I AppOps  : updateUidProcState uid: 10243 procState: 5 capability:15
03-30 13:51:44.888  1266  1933 I ActivityManager: Changes in 10145 2 to 5, 15 to 8
03-30 13:51:44.888  1266 12864 W NetlinkSocket: maximum read
03-30 13:51:44.889 12760 12760 I BaseActivity: removeActivityFlags, flags : 17
03-30 13:51:44.889  1266  1931 D NetworkPolicy: onUidStateChanged() uid: 10145, isForeground(true, 5)
03-30 13:51:44.889  1266 12864 W NetlinkSocket: maximum read
03-30 13:51:44.890  1266  2818 V WindowManager: Relayout hash=6d9e10f, pid=17465: mAttrs={(0,513)(67x331) gr=TOP RIGHT CENTER sim={adjust=nothing} layoutInDisplayCutoutMode=shortEdges ty=2226 fmt=TRANSPARENT
03-30 13:51:44.890  1266  2818 V WindowManager:   fl=81800548
03-30 13:51:44.890  1266  2818 V WindowManager:   pfl=2000050
03-30 13:51:44.890  1266  2818 V WindowManager:   bhv=SHOW_TRANSIENT_BARS_BY_SWIPE
03-30 13:51:44.890  1266  2818 V WindowManager:   fitTypes=NAVIGATION_BARS CAPTION_BAR dimAmount=0.0 dimDuration=0 naviIconColor=0
03-30 13:51:44.890  1266  2818 V WindowManager:   sfl=200000}
03-30 13:51:44.893 17465 17465 I ViewRootImpl@d42d161[CocktailBarService]: Relayout returned: old=(1013,513,1080,844) new=(1013,513,1080,844) req=(67,331)8 dur=5 res=0x1 s={false 0} ch=false fn=-1
03-30 13:51:44.893  1266 11522 D InputDispatcher: Focus entered window (0): 5af4fae com.YourCompany.TestAndroid/com.epicgames.ue4.GameActivity
03-30 13:51:44.894 12760 12760 I StateManager: goToState isInState Normal
03-30 13:51:44.894  4115  4115 I ViewRootImpl@4eb33de[GameActivity]: MSG_WINDOW_FOCUS_CHANGED 1 1
03-30 13:51:44.895  4115  4155 D UE4     : LogAndroidEvents::EnqueueAppEvent : 11, [width=-1, height=-1], tid = 4155, APP_EVENT_STATE_WINDOW_GAINED_FOCUS
03-30 13:51:44.895 11394 13403 I ViewRootImpl@4226971[TestAndroid]: mWNT: t = android.view.SurfaceControl$Transaction@a1a72e fN = 2 android.view.SyncRtSurfaceTransactionApplier.applyTransaction:94 android.view.SyncRtSurfaceTransactionApplier.lambda$scheduleApply$0$SyncRtSurfaceTransactionApplier:71 android.view.SyncRtSurfaceTransactionApplier$$ExternalSyntheticLambda0.onFrameDraw:4 
03-30 13:51:44.895 11394 13403 I ViewRootImpl@4226971[TestAndroid]: mWNT: merge t to BBQ
03-30 13:51:44.895  4115  4155 D UE4     : LogAndroidEvents::EnqueueAppEvent : 14, [width=-1, height=-1], tid = 4155, APP_EVENT_STATE_APP_ACTIVATED
03-30 13:51:44.895  4115  4155 D UE4     : LogAndroidEvents::EnqueueAppEvent : 15, [width=-1, height=-1], tid = 4155, APP_EVENT_RUN_CALLBACK
03-30 13:51:44.895 11394 13403 I ViewRootImpl@4226971[TestAndroid]: mWNT: t = android.view.SurfaceControl$Transaction@15862cf fN = 2 android.view.SyncRtSurfaceTransactionApplier.applyTransaction:94 android.view.SyncRtSurfaceTransactionApplier.lambda$scheduleApply$0$SyncRtSurfaceTransactionApplier:71 android.view.SyncRtSurfaceTransactionApplier$$ExternalSyntheticLambda0.onFrameDraw:4 
03-30 13:51:44.895 11394 13403 I ViewRootImpl@4226971[TestAndroid]: mWNT: merge t to BBQ
03-30 13:51:44.895  4115  4115 D InputMethodManager: startInputInner - Id : 0
03-30 13:51:44.896  4115  4115 I InputMethodManager: startInputInner - mService.startInputOrWindowGainedFocus
03-30 13:51:44.896  1143  2900 I SurfaceFlinger: id=19671 Removed OneUiHome-BlurLayer#0 (153)
03-30 13:51:44.896  1266  1733 D InputMethodManagerService: mSecureKeypadEnabled = false
03-30 13:51:44.896 12760 13089 I IMM_LC  : hsifw() - flags=0, caller=android.view.inputmethod.InputMethodManager.hideSoftInputFromWindow:1846 android.view.inputmethod.InputMethodManager.hideSoftInputFromWindow:1815 com.android.launcher3.util.UiThreadHelper$UiCallbacks.handleMessage:103 android.os.Handler.dispatchMessage:102 android.os.Looper.loopOnce:226 
03-30 13:51:44.896 12760 13089 I IMM_LC  : hideSoftInputFromWindow - mService.hideSoftInput
03-30 13:51:44.896 12760 12760 W LauncherAppWidgetHost: setShouldListenFlag, mFlags:7 flag:start on:false isFront:false
03-30 13:51:44.896  1266  1930 I ActivityTaskManager: Displayed com.YourCompany.TestAndroid/com.epicgames.ue4.GameActivity: +1s574ms
03-30 13:51:44.896  1266  1930 I Pageboost: Launch time gathered : pid 4115 com.YourCompany.TestAndroid 1574
03-30 13:51:44.896  1266 11522 D InputMethodManagerService: hideSoftInput
03-30 13:51:44.897  1266  2818 I ActivityTaskManager: Removing activity ActivityRecord{55e532c u0 com.YourCompany.TestAndroid/com.epicgames.ue4.SplashActivity t4017 f}}(activityDestroyed)  from stack callers=com.android.server.wm.ActivityRecord.destroyed:4081 com.android.server.wm.ActivityClientController.activityDestroyed:287 android.app.IActivityClientController$Stub.onTransact:604 com.android.server.wm.ActivityClientController.onTransact:129 android.os.Binder.execTransactInternal:1220 
03-30 13:51:44.897  1266 17320 I AppWidgetServiceImpl: stopListening callbacks : null
03-30 13:51:44.898 12760 12760 W LauncherAppWidgetHost: stopListening, mFlags:2 isFront:false
03-30 13:51:44.898 12760 12760 W Launcher.NotificationListener: removeNotificationsChangedListener
03-30 13:51:44.898 12760 12760 I BadgeCountUpdaterImpl: onNotificationsChangedDisConnected
03-30 13:51:44.899  1143  1143 D SurfaceFlinger: Display 4630947232161729153 HWC layers:
03-30 13:51:44.899  1143  1143 D SurfaceFlinger:  SOLID_COLOR |              | 0002 |  Unknown  |    0.0    0.0    0.0    0.0 |    0   88 1080 2400 | Background for SurfaceView - com.You[...]icgames.ue4.GameActivity@5eeb130@0#0
03-30 13:51:44.899  1143  1143 D SurfaceFlinger:      DEVICE | 0xb4000077fa461f30 | 0100 | RGBA_8888    |    0.0    0.0 1080.0 2312.0 |    0   88 1080 2400 | com.YourCompany.TestAndroid/com.epicgames.ue4.GameActivity$_4115#1
03-30 13:51:44.899  1143  1143 D SurfaceFlinger:      DEVICE | 0xb4000077fa474d40 | 0100 | RGBA_8888    |    0.0    0.0 1080.0 2312.0 |    0   88 1080 2400 | com.YourCompany.TestAndroid/com.epicgames.ue4.GameActivity$_4115#0
03-30 13:51:44.899  1143  1143 D SurfaceFlinger:      DEVICE | 0xb4000077fa442df0 | 0100 | RGBA_8888    |    0.0    0.0 1080.0 2400.0 |    0    0 1080 2400 | Splash Screen com.YourCompany.TestAndroid$_11394#0
03-30 13:51:44.899  1143  1143 D SurfaceFlinger:      DEVICE | 0xb4000077fa4751c0 | 0100 | RGBA_8888    |    0.0    0.0 1080.0   87.0 |    0    0 1080   87 | StatusBar$_11394#0
03-30 13:51:44.899  1143  1143 D SurfaceFlinger:      DEVICE | 0xb4000077fa446750 | 0100 | RGBA_8888    |    0.0    0.0 1080.0  126.0 |    0 2274 1080 2400 | NavigationBar0$_11394#0
03-30 13:51:44.899  1143  1143 D SurfaceFlinger: 
03-30 13:51:44.900 17465 17465 I CocktailBarUiController: onCocktailBarStateChanged: flag=0x1 vis=2 bgType= showTimeout=-1 activate=true
03-30 13:51:44.900 12990 12990 E pageboostd: Received HALT command code 2
03-30 13:51:44.901 12760 12760 I Launcher.NotificationListener: unregisterObserver, this is not notificationService!!
03-30 13:51:44.905  1266  1733 V InputMethodManagerService: Unspecified window will hide input
03-30 13:51:44.905  1266  1733 V InputMethodManagerService: hideCurrentInputLocked : shouldHideSoftInput is false
03-30 13:51:44.905  1266  1733 D InputMethodManagerService: mDesktopModeManager null!
03-30 13:51:44.905  1266  1733 V InputMethodManagerService: getDisplayIdOfInputMethodWindowToBeAdded : 0
03-30 13:51:44.906  1266  1733 V InputMethodManagerService: Creating new session for client ClientState{14d76c2 uid=10463 pid=4115 displayId=0}
03-30 13:51:44.906  1266  1733 D InputTransport: Input channel constructed: 'ClientS', fd=1199
03-30 13:51:44.906  1266  1733 D InputTransport: Input channel constructed: 'ClientS', fd=1200
03-30 13:51:44.906  1266  1733 D InputTransport: Input channel destroyed: 'ClientS', fd=1200
03-30 13:51:44.908  1266 11522 W InputMethodManagerService: Ignoring hideSoftInput of uid 10145: com.android.internal.view.IInputMethodClient$Stub$Proxy@d68010
03-30 13:51:44.908  1143  1143 I Layer   : id=19680 removedFromDrawingState ActivityRecord{55e532c u0 com.YourCompany.TestAndroid/com.epicgames.ue4.SplashActivity t4017}#0 (153)
03-30 13:51:44.908  1143  1143 I SurfaceFlinger: id=19680 Removed ActivityRecord{55e532c u0 com.YourCompany.TestAndroid/com.epicgames.ue4.SplashActivity t4017}#0 (153)
03-30 13:51:44.908  4115  4115 D UE4     : [GameActivity] ==============> GameActive.onTrimMemory(TRIM_MEMORY_RUNNING_MODERATE) called!
03-30 13:51:44.909  1143  1143 I Layer   : id=19680 Destroyed ActivityRecord{55e532c u0 com.YourCompany.TestAndroid/com.epicgames.ue4.SplashActivity t4017}#0
03-30 13:51:44.910 12760 13089 I LiveIconUpdateEventHandler: LiveIcon onStop
03-30 13:51:44.913 12760 13089 I LiveIconUpdateEventHandler: cancelMinuteChangeAlarm
03-30 13:51:44.913  1266  1733 D SamsungAlarmManager: Cancel Alarm calling from uid:10145 pid :12760 / OP:PendingIntent{e8b8d3c: PendingIntentRecord{73b72e4 com.sec.android.app.launcher broadcastIntent}}
03-30 13:51:44.915  1266 12864 W NetlinkSocket: maximum read
03-30 13:51:44.915  1266 12864 W NetlinkSocket: maximum read
03-30 13:51:44.916 11394 13402 I ViewRootImpl@4226971[TestAndroid]: mWNT: t = android.view.SurfaceControl$Transaction@bd7545c fN = 3 android.view.SyncRtSurfaceTransactionApplier.applyTransaction:94 android.view.SyncRtSurfaceTransactionApplier.lambda$scheduleApply$0$SyncRtSurfaceTransactionApplier:71 android.view.SyncRtSurfaceTransactionApplier$$ExternalSyntheticLambda0.onFrameDraw:4 
03-30 13:51:44.916 11394 13402 I ViewRootImpl@4226971[TestAndroid]: mWNT: merge t to BBQ
03-30 13:51:44.917  1266 17320 E WindowManager: win=Window{626f8e3 u0 com.sec.android.app.launcher/com.sec.android.app.launcher.activities.LauncherActivity} destroySurfaces: appStopped=true win.mWindowRemovalAllowed=false win.mRemoveOnExit=false win.mViewVisibility=8 caller=com.android.server.wm.ActivityRecord.destroySurfaces:5842 com.android.server.wm.ActivityRecord.destroySurfaces:5823 com.android.server.wm.ActivityRecord.notifyAppStopped:5887 com.android.server.wm.ActivityRecord.activityStopped:6513 com.android.server.wm.ActivityClientController.activityStopped:253 android.app.IActivityClientController$Stub.onTransact:596 com.android.server.wm.ActivityClientController.onTransact:129 
03-30 13:51:44.917  1266 17320 I WindowManager: Destroying surface Surface(name=com.sec.android.app.launcher/com.sec.android.app.launcher.activities.LauncherActivity$_12760)/@0x6071c1a called by com.android.server.wm.WindowStateAnimator.destroySurface:987 com.android.server.wm.WindowStateAnimator.destroySurfaceLocked:518 com.android.server.wm.WindowState.destroySurfaceUnchecked:4229 com.android.server.wm.WindowState.destroySurface:4203 com.android.server.wm.ActivityRecord.destroySurfaces:5842 com.android.server.wm.ActivityRecord.destroySurfaces:5823 com.android.server.wm.ActivityRecord.notifyAppStopped:5887 com.android.server.wm.ActivityRecord.activityStopped:6513 
03-30 13:51:44.918  1266  2818 W InputMethodManagerService: onSessionCreated
03-30 13:51:44.919 27654 27654 I ViewRootImpl@532dfaf[LauncherActivity]: handleAppVisibility mAppVisible=true visible=false
03-30 13:51:44.919  1266  2818 D InputMethodManagerService: checkDisplayOfStartInputAndUpdateKeyboard display Id 0last 0
03-30 13:51:44.919  1266  2818 D InputTransport: Input channel constructed: 'ClientS', fd=1196
03-30 13:51:44.919  1266  2818 D InputTransport: Input channel destroyed: 'ClientS', fd=1196
03-30 13:51:44.921  4115  4115 D InputMethodManager: startInputInner - Id : 0
03-30 13:51:44.922   867   867 D InputMethodService: checkDisplayOfStartInputAndUpdateKeyboard display Id 0last 0
03-30 13:51:44.922  1266  2818 D RestrictionPolicy: isScreenCaptureEnabled : ret=true userId=0
03-30 13:51:44.922  1266  2818 I WindowManager: Cancelling animation restarting=true, leash=Surface(name=Surface(name=9d9c118 InputMethod)/@0xb35d6c4 - animation-leash of insets_animation)/@0x81c918b
03-30 13:51:44.922  1266  2818 I WindowManager: Reparenting to original parent: Surface(name=WindowToken{60ef89b android.os.Binder@9904aa})/@0xcf459ad, destroy=false, surface=Surface(name=9d9c118 InputMethod)/@0xb35d6c4
03-30 13:51:44.923  1266  2818 I WindowManager: Reparenting to leash, surface=Surface(name=9d9c118 InputMethod)/@0xb35d6c4, leashParent=Surface(name=WindowToken{60ef89b android.os.Binder@9904aa})/@0xcf459ad
03-30 13:51:44.923  1143  1680 I SurfaceFlinger: id=19699 createSurf (0x0),-1 flag=24004, Surface(name=9d9c118 InputMethod)/@0xb35d6c4 - animation-leash of insets_animation#1
03-30 13:51:44.924  1266  2818 D WindowManager: makeSurface duration=1 leash=Surface(name=Surface(name=9d9c118 InputMethod)/@0xb35d6c4 - animation-leash of insets_animation)/@0xdf51472
03-30 13:51:44.925  1143  1143 I Layer   : id=19668 removedFromDrawingState com.sec.android.app.launcher/com.sec.android.app.launcher.activities.LauncherActivity$_12760#0 (153)
03-30 13:51:44.925  1143  1143 I Layer   : id=19671 removedFromDrawingState OneUiHome-BlurLayer#0 (153)
03-30 13:51:44.927 11394 13403 I ViewRootImpl@4226971[TestAndroid]: mWNT: t = android.view.SurfaceControl$Transaction@18b2365 fN = 4 android.view.SyncRtSurfaceTransactionApplier.applyTransaction:94 android.view.SyncRtSurfaceTransactionApplier.lambda$scheduleApply$0$SyncRtSurfaceTransactionApplier:71 android.view.SyncRtSurfaceTransactionApplier$$ExternalSyntheticLambda0.onFrameDraw:4 
03-30 13:51:44.927 11394 13403 I ViewRootImpl@4226971[TestAndroid]: mWNT: merge t to BBQ
03-30 13:51:44.928 26108 26333 I [+0]oneconnect[1.7.83.21_01][BEACON_MANAGER_CONTROL_SERVICE]: BeaconManagerControlService.onReceive - Wearable Packet
03-30 13:51:44.929 26108 26333 I [+0]oneconnect[1.7.83.21_01][BEACON_MANAGER_CONTROL_SERVICE]: BeaconManagerControlService.onReceive - Wearable Packet
03-30 13:51:44.934 27654  2335 D OpenGLRenderer: setSurface called with nullptr
03-30 13:51:44.935 27654  2335 D OpenGLRenderer: setSurface() destroyed EGLSurface
03-30 13:51:44.935 27654  2335 D OpenGLRenderer: destroyEglSurface
03-30 13:51:44.939  1266 17307 V WindowManager: Relayout Window{9055339 u0 com.sec.android.app.launcher/com.sec.android.app.launcher.activities.LauncherActivity}: viewVisibility=8 req=1080x2400 d0
03-30 13:51:44.940  1266 17307 E WindowManager: win=Window{9055339 u0 com.sec.android.app.launcher/com.sec.android.app.launcher.activities.LauncherActivity} destroySurfaces: appStopped=true win.mWindowRemovalAllowed=false win.mRemoveOnExit=false win.mViewVisibility=8 caller=com.android.server.wm.WindowManagerService.tryStartExitingAnimation:2947 com.android.server.wm.WindowManagerService.relayoutWindow:2671 com.android.server.wm.Session.relayout:242 android.view.IWindowSession$Stub.onTransact:790 com.android.server.wm.Session.onTransact:176 android.os.Binder.execTransactInternal:1215 android.os.Binder.execTransact:1179 
03-30 13:51:44.940  1266 17307 I WindowManager: Destroying surface Surface(name=com.sec.android.app.launcher/com.sec.android.app.launcher.activities.LauncherActivity$_27654)/@0xc4c19b1 called by com.android.server.wm.WindowStateAnimator.destroySurface:987 com.android.server.wm.WindowStateAnimator.destroySurfaceLocked:518 com.android.server.wm.WindowState.destroySurfaceUnchecked:4229 com.android.server.wm.WindowState.destroySurface:4203 com.android.server.wm.WindowManagerService.tryStartExitingAnimation:2947 com.android.server.wm.WindowManagerService.relayoutWindow:2671 com.android.server.wm.Session.relayout:242 android.view.IWindowSession$Stub.onTransact:790 
03-30 13:51:44.941  1143  1143 I Layer   : id=19677 removedFromDrawingState Surface(name=9d9c118 InputMethod)/@0xb35d6c4 - animation-leash of insets_animation#0 (153)
03-30 13:51:44.942  1143  1143 I Layer   : id=19667 removedFromDrawingState com.sec.android.app.launcher/com.sec.android.app.launcher.activities.LauncherActivity$_27654#0 (153)
03-30 13:51:44.942  1143  1143 I SurfaceFlinger: id=19677 Removed Surface(name=9d9c118 InputMethod)/@0xb35d6c4 - animation-leash of insets_animation#0 (153)
03-30 13:51:44.942  1266 17307 V WindowManager: Relayout hash=9055339, pid=27654: mAttrs={(0,0)(fillxfill) gr=LEFT CENTER_HORIZONTAL sim={adjust=resize} layoutInDisplayCutoutMode=shortEdges ty=DRAWN_APPLICATION fmt=TRANSPARENT wanim=0x10302f2 alpha=0.0
03-30 13:51:44.942  1266 17307 V WindowManager:   fl=81850118
03-30 13:51:44.942  1266 17307 V WindowManager:   pfl=16020040
03-30 13:51:44.942  1266 17307 V WindowManager:   bhv=DEFAULT
03-30 13:51:44.942  1266 17307 V WindowManager:   fitSides= dimAmount=0.0 naviIconColor=0}
03-30 13:51:44.943  1143  1143 I Layer   : id=19677 Destroyed Surface(name=9d9c118 InputMethod)/@0xb35d6c4 - animation-leash of insets_animation#0
03-30 13:51:44.944  1143  1680 I SurfaceFlinger: id=19667 Removed com.sec.android.app.launcher/com.sec.android.app.launcher.activities.LauncherActivity$_27654#0 (152)
03-30 13:51:44.944 27654 27654 I ViewRootImpl@532dfaf[LauncherActivity]: Relayout returned: old=(0,0,1080,2400) new=(0,0,1080,2400) req=(1080,2400)8 dur=7 res=0x5 s={false 0} ch=true fn=2
03-30 13:51:44.945 11394 11583 D OpenGLRenderer: setSurface called with nullptr
03-30 13:51:44.945 11394 11583 D OpenGLRenderer: setSurface() destroyed EGLSurface
03-30 13:51:44.945 11394 11583 D OpenGLRenderer: destroyEglSurface
03-30 13:51:44.947 27654 27654 I A       : onApplyWindowInsets: systemWindowInsets=Insets{left=0, top=88, right=0, bottom=126}
03-30 13:51:44.947 27654 27654 I A       : onApplyWindowInsets: systemWindowInsets=Insets{left=0, top=88, right=0, bottom=126}
03-30 13:51:44.951  1266  1733 V SamsungAlarmManager: setLocked to kernel - W:212628864, now=212625067
03-30 13:51:44.952 12760 13089 I LiveIconUpdateEventHandler: cancelDateChangeAlarm
03-30 13:51:44.952  1266  1733 D SamsungAlarmManager: Cancel Alarm calling from uid:10145 pid :12760 / OP:PendingIntent{c210e96: PendingIntentRecord{3381b8f com.sec.android.app.launcher broadcastIntent}}
03-30 13:51:44.953  1266  1733 V SamsungAlarmManager: setLocked to kernel - W:212628864, now=212625069
03-30 13:51:44.954  1266 12872 D FreecessController: com.microsoft.skydrive(state: Initial -> Freezeable, Reason: uidIdle)
03-30 13:51:44.954  1266 12872 D FreecessController: com.justeat.app.uk(state: Initial -> Freezeable, Reason: uidIdle)
03-30 13:51:44.954  1266  1931 D Native_CFMS: CFMS Delete Task Tid(12760)
03-30 13:51:44.956  1143  1680 I SurfaceFlinger: id=19668 Removed com.sec.android.app.launcher/com.sec.android.app.launcher.activities.LauncherActivity$_12760#0 (152)
03-30 13:51:44.956 12760 13089 I LiveIconUpdateEventHandler: unregisterReceiver
03-30 13:51:44.956  1266  2818 V WindowManager: Relayout Window{cde691d u0 Splash Screen com.YourCompany.TestAndroid}: viewVisibility=8 req=1080x2400 d0
03-30 13:51:44.957  1266  2818 I WindowManager: Reparenting to leash, surface=Surface(name=cde691d Splash Screen com.YourCompany.TestAndroid)/@0x31f855a, leashParent=Surface(name=ActivityRecord{15ae105 u0 com.YourCompany.TestAndroid/com.epicgames.ue4.GameActivity t4017})/@0xa55a686
03-30 13:51:44.957  1143  1680 I SurfaceFlinger: id=19700 createSurf (0x0),-1 flag=24000, Surface(name=cde691d Splash Screen com.YourCompany.TestAndroid)/@0x31f855a - animation-leash of window_animation#0
03-30 13:51:44.958  1266  2818 D WindowManager: makeSurface duration=1 leash=Surface(name=Surface(name=cde691d Splash Screen com.YourCompany.TestAndroid)/@0x31f855a - animation-leash of window_animation)/@0x6577e22
03-30 13:51:44.958  1266  2818 D InputTransport: Input channel constructed: 'Letterb', fd=1201
03-30 13:51:44.958  1266  2818 D InputTransport: Input channel constructed: 'Letterb', fd=1202
03-30 13:51:44.958  1143  1143 I Layer   : id=19668 Destroyed com.sec.android.app.launcher/com.sec.android.app.launcher.activities.LauncherActivity$_12760#0
03-30 13:51:44.958  1143  1143 I Layer   : id=19671 Destroyed OneUiHome-BlurLayer#0
03-30 13:51:44.958  1266  2818 D InputTransport: Input channel constructed: 'Letterb', fd=1203
03-30 13:51:44.959  1266  2818 D InputTransport: Input channel constructed: 'Letterb', fd=1204
03-30 13:51:44.959  1266  2818 D InputTransport: Input channel constructed: 'Letterb', fd=1205
03-30 13:51:44.959  1266  2818 D InputTransport: Input channel constructed: 'Letterb', fd=1206
03-30 13:51:44.959  1266  2818 D InputTransport: Input channel constructed: 'Letterb', fd=1207
03-30 13:51:44.959  1266  2818 D InputTransport: Input channel constructed: 'Letterb', fd=1208
03-30 13:51:44.959  1143  1143 I Layer   : id=19667 Destroyed com.sec.android.app.launcher/com.sec.android.app.launcher.activities.LauncherActivity$_27654#0
03-30 13:51:44.960  1143  1223 I SurfaceFlinger: id=19701 createSurf (0x0),-1 flag=20004, Letterbox - top#1
03-30 13:51:44.968  1266  2818 V WindowManager: Relayout hash=cde691d, pid=11394: mAttrs={(0,0)(fillxfill) sim={adjust=pan} ty=APPLICATION_STARTING fmt=TRANSLUCENT wanim=0x1030001
03-30 13:51:44.968  1266  2818 V WindowManager:   fl=81030118
03-30 13:51:44.968  1266  2818 V WindowManager:   pfl=36000010
03-30 13:51:44.968  1266  2818 V WindowManager:   bhv=DEFAULT
03-30 13:51:44.968  1266  2818 V WindowManager:   fitSides= naviIconColor=0}
03-30 13:51:44.970 11394 11496 I ViewRootImpl@4226971[TestAndroid]: Relayout returned: old=(0,0,1080,2400) new=(0,0,1080,2400) req=(1080,2400)8 dur=21 res=0x5 s={false 0} ch=true fn=5
03-30 13:51:44.970 11394 11496 I ViewRootImpl@4226971[TestAndroid]: dispatchDetachedFromWindow
03-30 13:51:44.971  1266  2818 I WindowManager: Cancelling animation restarting=false, leash=Surface(name=Surface(name=5af4fae com.YourCompany.TestAndroid/com.epicgames.ue4.GameActivity)/@0xaf55b61 - animation-leash of starting_reveal)/@0xd8eb47
03-30 13:51:44.971  1266  2818 I WindowManager: Reparenting to original parent: Surface(name=ActivityRecord{15ae105 u0 com.YourCompany.TestAndroid/com.epicgames.ue4.GameActivity t4017})/@0xa55a686, destroy=false, surface=Surface(name=5af4fae com.YourCompany.TestAndroid/com.epicgames.ue4.GameActivity)/@0xaf55b61
03-30 13:51:44.971  1266  2818 D InputTransport: Input channel destroyed: 'cde691d', fd=1174
03-30 13:51:44.971  1266  2818 W InputManager-JNI: Input channel object 'cde691d Splash Screen com.YourCompany.TestAndroid (client)' was disposed without first being removed with the input manager!
03-30 13:51:44.971  1266  2818 D InputTransport: Input channel destroyed: 'cde691d', fd=1177
03-30 13:51:44.973 11394 11496 D InputTransport: Input channel destroyed: 'cde691d', fd=283
03-30 13:51:44.975  1143  1143 I Layer   : id=19698 removedFromDrawingState Surface(name=5af4fae com.YourCompany.TestAndroid/com.epicgames.ue4.GameActivity)/@0xaf55b61 - animation-leash of starting_reveal#0 (151)
03-30 13:51:44.980  1143  1143 D SurfaceFlinger: Display 4630947232161729153 HWC layers:
03-30 13:51:44.980  1143  1143 D SurfaceFlinger:  SOLID_COLOR |              | 0000 |  Unknown  |    0.0    0.0    0.0    0.0 |    0    0 1080   88 | Letterbox - top#1
03-30 13:51:44.980  1143  1143 D SurfaceFlinger:  SOLID_COLOR |              | 0002 |  Unknown  |    0.0    0.0    0.0    0.0 |    0   88 1080 2400 | Background for SurfaceView - com.You[...]icgames.ue4.GameActivity@5eeb130@0#0
03-30 13:51:44.980  1143  1143 D SurfaceFlinger:      DEVICE | 0xb4000077fa461f30 | 0100 | RGBA_8888    |    0.0    0.0 1080.0 2312.0 |    0   88 1080 2400 | com.YourCompany.TestAndroid/com.epicgames.ue4.GameActivity$_4115#1
03-30 13:51:44.980  1143  1143 D SurfaceFlinger:      DEVICE | 0xb4000077fa474d40 | 0100 | RGBA_8888    |    0.0    0.0 1080.0 2312.0 |    0   88 1080 2400 | com.YourCompany.TestAndroid/com.epicgames.ue4.GameActivity$_4115#0
03-30 13:51:44.980  1143  1143 D SurfaceFlinger:      DEVICE | 0xb4000077fa442df0 | 0100 | RGBA_8888    |    0.0    0.0 1080.0 2400.0 |    0    0 1080 2400 | Splash Screen com.YourCompany.TestAndroid$_11394#0
03-30 13:51:44.980  1143  1143 D SurfaceFlinger:      DEVICE | 0xb4000077fa4751c0 | 0100 | RGBA_8888    |    0.0    6.0 1080.0   87.0 |    0    0 1080   81 | StatusBar$_11394#0
03-30 13:51:44.980  1143  1143 D SurfaceFlinger:      DEVICE | 0xb4000077fa446750 | 0100 | RGB
03-30 13:51:44.981  1143  1143 D SurfaceFlinger: A_8888    |    0.0    0.0 1080.0  118.0 |    0 2282 1080 2400 | NavigationBar0$_11394#0
03-30 13:51:44.981  1143  1143 D SurfaceFlinger: 
03-30 13:51:45.020  1266 17316 D InputMethodManagerServicePhysicalKey: isConnectedDexOnPC false
03-30 13:51:45.021  1266 17316 D InputMethodManagerService: isImeSwitcherDisabledPackage : false
03-30 13:51:45.024  1266  1935 I WindowManager: Reparenting to original parent: Surface(name=ActivityRecord{15ae105 u0 com.YourCompany.TestAndroid/com.epicgames.ue4.GameActivity t4017})/@0xa55a686, destroy=true, surface=Surface(name=cde691d Splash Screen com.YourCompany.TestAndroid)/@0x31f855a
03-30 13:51:45.025  1266  1935 E WindowManager: win=Window{cde691d u0 Splash Screen com.YourCompany.TestAndroid EXITING} destroySurfaces: appStopped=false win.mWindowRemovalAllowed=true win.mRemoveOnExit=true win.mViewVisibility=8 caller=com.android.server.wm.ActivityRecord.destroySurfaces:5842 com.android.server.wm.ActivityRecord.destroySurfaces:5823 com.android.server.wm.WindowState.onExitAnimationDone:5972 com.android.server.wm.WindowStateAnimator.onAnimationFinished:242 com.android.server.wm.WindowState.onAnimationFinished:6225 com.android.server.wm.WindowContainer$$ExternalSyntheticLambda0.onAnimationFinished:2 com.android.server.wm.SurfaceAnimator.lambda$getFinishedCallback$0$SurfaceAnimator:113 
03-30 13:51:45.025  1266  1935 I WindowManager: Destroying surface Surface(name=Splash Screen com.YourCompany.TestAndroid$_11394)/@0xd64132b called by com.android.server.wm.WindowStateAnimator.destroySurface:987 com.android.server.wm.WindowStateAnimator.destroySurfaceLocked:518 com.android.server.wm.WindowState.destroySurfaceUnchecked:4229 com.android.server.wm.WindowState.destroySurface:4203 com.android.server.wm.ActivityRecord.destroySurfaces:5842 com.android.server.wm.ActivityRecord.destroySurfaces:5823 com.android.server.wm.WindowState.onExitAnimationDone:5972 com.android.server.wm.WindowStateAnimator.onAnimationFinished:242 
03-30 13:51:45.041  1143  1143 I Layer   : id=19682 removedFromDrawingState Splash Screen com.YourCompany.TestAndroid$_11394#0 (151)
03-30 13:51:45.041  1143  1143 I Layer   : id=19681 removedFromDrawingState cde691d Splash Screen com.YourCompany.TestAndroid#0 (151)
03-30 13:51:45.041  1143  1143 I Layer   : id=19700 removedFromDrawingState Surface(name=cde691d Splash Screen com.YourCompany.TestAndroid)/@0x31f855a - animation-leash of window_animation#0 (151)
03-30 13:51:45.041  1143  1143 I SurfaceFlinger: id=19681 Removed cde691d Splash Screen com.YourCompany.TestAndroid#0 (151)
03-30 13:51:45.041  1143  1143 I SurfaceFlinger: id=19682 Removed Splash Screen com.YourCompany.TestAndroid$_11394#0 (151)
03-30 13:51:45.041  1143  1143 I SurfaceFlinger: id=19700 Removed Surface(name=cde691d Splash Screen com.YourCompany.TestAndroid)/@0x31f855a - animation-leash of window_animation#0 (151)
03-30 13:51:45.041 24910 24910 I GsaVoiceInteractionSrv: Handling ACTION_STOP_HOTWORD
03-30 13:51:45.042  1143  1143 I Layer   : id=19700 Destroyed Surface(name=cde691d Splash Screen com.YourCompany.TestAndroid)/@0x31f855a - animation-leash of window_animation#0
03-30 13:51:45.042  1143  1143 I Layer   : id=19681 Destroyed cde691d Splash Screen com.YourCompany.TestAndroid#0
03-30 13:51:45.045  1143  1143 I Layer   : id=19682 Destroyed Splash Screen com.YourCompany.TestAndroid$_11394#0
03-30 13:51:45.049  1143  1143 D SurfaceFlinger: Display 4630947232161729153 HWC layers:
03-30 13:51:45.049  1143  1143 D SurfaceFlinger:  SOLID_COLOR |              | 0000 |  Unknown  |    0.0    0.0    0.0    0.0 |    0    0 1080   88 | Letterbox - top#1
03-30 13:51:45.049  1143  1143 D SurfaceFlinger:  SOLID_COLOR |              | 0002 |  Unknown  |    0.0    0.0    0.0    0.0 |    0   88 1080 2400 | Background for SurfaceView - com.You[...]icgames.ue4.GameActivity@5eeb130@0#0
03-30 13:51:45.049  1143  1143 D SurfaceFlinger:      DEVICE | 0xb4000077fa461f30 | 0100 | RGBA_8888    |    0.0    0.0 1080.0 2312.0 |    0   88 1080 2400 | com.YourCompany.TestAndroid/com.epicgames.ue4.GameActivity$_4115#1
03-30 13:51:45.049  1143  1143 D SurfaceFlinger:      DEVICE | 0xb4000077fa474d40 | 0100 | RGBA_8888    |    0.0    0.0 1080.0 2312.0 |    0   88 1080 2400 | com.YourCompany.TestAndroid/com.epicgames.ue4.GameActivity$_4115#0
03-30 13:51:45.049  1143  1143 D SurfaceFlinger:      DEVICE | 0xb4000077fa4751c0 | 0100 | RGBA_8888    |    0.0   42.0 1080.0   87.0 |    0    0 1080   45 | StatusBar$_11394#0
03-30 13:51:45.049  1143  1143 D SurfaceFlinger:      DEVICE | 0xb4000077fa446750 | 0100 | RGBA_8888    |    0.0    0.0 1080.0   65.0 |    0 2335 1080 2400 | NavigationBar0$_11394#0
03-30 13:51:45.049  1143  1143 D SurfaceFlinger: 
03-30 13:51:45.084  1266 11693 D MdnieScenarioControlService:  packageName : com.YourCompany.TestAndroid    className : com.epicgames.ue4.GameActivity
03-30 13:51:45.085  1266 11693 V MdnieScenarioControlService: setUIMode from UI function(3)
03-30 13:51:45.169   668   668 D io_stats: !@   8,0 r 15836811 352993608 w 4935654 83729456 d 1453374 122532204 f 0 0 iot 4543224 0 th 0 0 0 pt 0 inp 0 1 103591.322
03-30 13:51:45.183  1088  4188 I HYPER-HAL: [RequestManager.cpp]releaseLocked(): Released ID : 826274
03-30 13:51:45.187  1266 11693 V MdnieScenarioControlService: mAclOffEnabled : false mAclPreviewState : false mAclCompensationState : false
03-30 13:51:45.212  1143  1143 D SurfaceFlinger: Display 4630947232161729153 HWC layers:
03-30 13:51:45.212  1143  1143 D SurfaceFlinger:  SOLID_COLOR |              | 0000 |  Unknown  |    0.0    0.0    0.0    0.0 |    0    0 1080   88 | Letterbox - top#1
03-30 13:51:45.212  1143  1143 D SurfaceFlinger:  SOLID_COLOR |              | 0002 |  Unknown  |    0.0    0.0    0.0    0.0 |    0   88 1080 2400 | Background for SurfaceView - com.You[...]icgames.ue4.GameActivity@5eeb130@0#0
03-30 13:51:45.212  1143  1143 D SurfaceFlinger:      DEVICE | 0xb4000077fa461f30 | 0100 | RGBA_8888    |    0.0    0.0 1080.0 2312.0 |    0   88 1080 2400 | com.YourCompany.TestAndroid/com.epicgames.ue4.GameActivity$_4115#1
03-30 13:51:45.212  1143  1143 D SurfaceFlinger:      DEVICE | 0xb4000077fa474d40 | 0100 | RGBA_8888    |    0.0    0.0 1080.0 2312.0 |    0   88 1080 2400 | com.YourCompany.TestAndroid/com.epicgames.ue4.GameActivity$_4115#0
03-30 13:51:45.212  1143  1143 D SurfaceFlinger:      DEVICE | 0xb4000077fa446750 | 0100 | RGBA_8888    |    0.0    0.0 1080.0    2.0 |    0 2398 1080 2400 | NavigationBar0$_11394#0
03-30 13:51:45.212  1143  1143 D SurfaceFlinger: 
03-30 13:51:45.221  1266 17386 D SettingsProvider: isChangeAllowed() : name = input_methods_subtype_history
03-30 13:51:45.222  1266 17386 D SettingsProvider: isChangeAllowed() : name = selected_input_method_subtype
03-30 13:51:45.222  1266 17386 D InputMethodManagerServicePhysicalKey: isConnectedDexOnPC false
03-30 13:51:45.223  1266 17386 D InputMethodManagerService: isImeSwitcherDisabledPackage : false
03-30 13:51:45.224  1266  1933 D InputManager: Trying to switch keyboard layout for subtype: InputMethodSubtypeHandle{mInputMethodId=com.redraw.keyboard.theme.redkeyboard/com.jb.gokeyboard.theme.twamericankeyboard.keyboard.LatinIME, mLanguageTag=, mSubtypeId=38405033}
03-30 13:51:45.235   867   867 I InputAttributes: InputType.TYPE_NULL is specified
03-30 13:51:45.239   867   867 W SubtypeLocaleUtils: KeyboardLayoutSet not found, use QWERTY: locale=en_US extraValue=
03-30 13:51:45.245  1143  1143 D SurfaceFlinger: Display 4630947232161729153 HWC layers:
03-30 13:51:45.245  1143  1143 D SurfaceFlinger:  SOLID_COLOR |              | 0000 |  Unknown  |    0.0    0.0    0.0    0.0 |    0    0 1080   88 | Letterbox - top#1
03-30 13:51:45.245  1143  1143 D SurfaceFlinger:  SOLID_COLOR |              | 0002 |  Unknown  |    0.0    0.0    0.0    0.0 |    0   88 1080 2400 | Background for SurfaceView - com.You[...]icgames.ue4.GameActivity@5eeb130@0#0
03-30 13:51:45.245  1143  1143 D SurfaceFlinger:      DEVICE | 0xb4000077fa461f30 | 0100 | RGBA_8888    |    0.0    0.0 1080.0 2312.0 |    0   88 1080 2400 | com.YourCompany.TestAndroid/com.epicgames.ue4.GameActivity$_4115#1
03-30 13:51:45.245  1143  1143 D SurfaceFlinger:      DEVICE | 0xb4000077fa474d40 | 0100 | RGBA_8888    |    0.0    0.0 1080.0 2312.0 |    0   88 1080 2400 | com.YourCompany.TestAndroid/com.epicgames.ue4.GameActivity$_4115#0
03-30 13:51:45.245  1143  1143 D SurfaceFlinger: 
03-30 13:51:45.253 17063  3518 W MediaProvider: isAppCloneUserPair for user 0: false
03-30 13:51:45.265  4115  4154 D UE4     : EGL Extensions: 
03-30 13:51:45.266  4115  4154 D UE4     : EGL_ANDROID_front_buffer_auto_refresh EGL_ANDROID_get_frame_timestamps EGL_ANDROID_get_native_client_buffer EGL_ANDROID_presentation_time EGL_EXT_surface_CTA861_3_metadata EGL_EXT_surface_SMPTE2086_metadata EGL_KHR_get_all_proc_addresses EGL_KHR_swap_buffers_with_damage EGL_EXT_gl_colorspace_scrgb EGL_EXT_gl_colorspace_scrgb_linear EGL_EXT_gl_colorspace_display_p3_linear EGL_EXT_gl_colorspace_display_p3 EGL_EXT_gl_colorspace_display_p3_passthrough EGL_EXT_gl_colorspace_bt2020_linear EGL_EXT_gl_colorspace_bt2020_pq EGL_ANDROID_image_native_buffer EGL_ANDROID_native_fence_sync EGL_ANDROID_recordable EGL_EXT_create_context_robustness EGL_EXT_image_gl_colorspace EGL_EXT_pixel_format_float EGL_EXT_protected_content EGL_EXT_yuv_surface EGL_IMG_context_priority EGL_KHR_create_context EGL_KHR_create_context_no_error EGL_KHR_fence_sync EGL_KHR_gl_colorspace EGL_KHR_gl_renderbuffer_image EGL_KHR_gl_texture_2D_image EGL_KHR_gl_texture_3D_image EGL_KHR_gl_texture_cubemap_image EGL_KHR_image EGL_KHR_image_base EGL_KHR_lo
03-30 13:51:45.269  4115  4154 D UE4     : FAndroidGPUInfo
03-30 13:51:45.269  4115  4154 D UE4     : AndroidEGL::InitRenderSurface 1, 1
03-30 13:51:45.269  4115  4154 D UE4     : AndroidEGL::InitRenderSurface, wnd: 0xe9e160b8, width: 8, height 8 
03-30 13:51:45.269  4115  4154 D UE4     : AndroidEGL::CreateEGLRenderSurface() 0xefea0b50
03-30 13:51:45.269  4115  4154 D UE4     : AndroidEGL::InitSharedSurface 1
03-30 13:51:45.269  4115  4154 D UE4     : AndroidEGL::InitSharedSurface, width: 8, height 8 
03-30 13:51:45.269  4115  4154 D UE4     : AndroidEGL::CreateEGLSharedSurface(), auxSurface = eglCreatePbufferSurface(), 8x8
03-30 13:51:45.271  1266 11522 D SamsungAlarmManager: Cancel Alarm calling from uid:10244 pid :17133 / OP:PendingIntent{4ed5e5d: PendingIntentRecord{5cb4521 com.google.android.gms/com.google.android.gms.gcm broadcastIntent}}
03-30 13:51:45.272  1266 11522 V SamsungAlarmManager: setLocked to kernel - W:212628864, now=212625388
03-30 13:51:45.288  4115  4154 D vulkan  : searching for layers in '/data/app/~~NVXaxQud3PztEuSMx18z0A==/com.YourCompany.TestAndroid-eMfuwZfJGSp-oLixLjGcng==/lib/arm'
03-30 13:51:45.289  4115  4154 D vulkan  : searching for layers in '/data/app/~~NVXaxQud3PztEuSMx18z0A==/com.YourCompany.TestAndroid-eMfuwZfJGSp-oLixLjGcng==/base.apk!/lib/armeabi-v7a'
03-30 13:51:45.296  4115  4154 I AdrenoVK-0: ===== BEGIN DUMP OF OVERRIDDEN SETTINGS =====
03-30 13:51:45.296  4115  4154 I AdrenoVK-0: ===== END DUMP OF OVERRIDDEN SETTINGS =====
03-30 13:51:45.298  4115  4154 I AdrenoVK-0: QUALCOMM build          : cfe4c0c0a2, Iffde15f970
03-30 13:51:45.298  4115  4154 I AdrenoVK-0: Build Date              : 10/01/21
03-30 13:51:45.298  4115  4154 I AdrenoVK-0: Shader Compiler Version : EV031.32.02.06
03-30 13:51:45.298  4115  4154 I AdrenoVK-0: Local Branch            : 
03-30 13:51:45.298  4115  4154 I AdrenoVK-0: Remote Branch           : 
03-30 13:51:45.298  4115  4154 I AdrenoVK-0: Remote Branch           : 
03-30 13:51:45.298  4115  4154 I AdrenoVK-0: Reconstruct Branch      : 
03-30 13:51:45.298  4115  4154 I AdrenoVK-0: Build Config            : S P 10.0.7 AArch32
