03-29 19:24:05.602  6620  6698 D UE4     : [2022.03.29-18.24.05:602][  0]LogImageWrapper: Warning: PNG Warning: iCCP: cHRM chunk does not match sRGB
03-29 19:24:05.603  6620  6701 D UE4     : [2022.03.29-18.24.05:603][  0]LogImageWrapper: Warning: PNG Warning: iCCP: known incorrect sRGB profile
03-29 19:24:05.603  6620  6701 D UE4     : [2022.03.29-18.24.05:603][  0]LogImageWrapper: Warning: PNG Warning: iCCP: cHRM chunk does not match sRGB
03-29 19:24:05.603  6620  6701 D UE4     : [2022.03.29-18.24.05:603][  0]LogImageWrapper: Warning: PNG Warning: iCCP: known incorrect sRGB profile
03-29 19:24:05.603  6620  6701 D UE4     : [2022.03.29-18.24.05:603][  0]LogImageWrapper: Warning: PNG Warning: iCCP: cHRM chunk does not match sRGB
03-29 19:24:05.604  6620  6699 D UE4     : [2022.03.29-18.24.05:604][  0]LogImageWrapper: Warning: PNG Warning: iCCP: known incorrect sRGB profile
03-29 19:24:05.604  6620  6699 D UE4     : [2022.03.29-18.24.05:604][  0]LogImageWrapper: Warning: PNG Warning: iCCP: known incorrect sRGB profile
03-29 19:24:05.604  6620  6701 D UE4     : [2022.03.29-18.24.05:604][  0]LogImageWrapper: Warning: PNG Warning: iCCP: known incorrect sRGB profile
03-29 19:24:05.604  6620  6701 D UE4     : [2022.03.29-18.24.05:604][  0]LogImageWrapper: Warning: PNG Warning: iCCP: known incorrect sRGB profile
03-29 19:24:05.605  6620  6661 D UE4     : [2022.03.29-18.24.05:605][  0]LogImageWrapper: Warning: PNG Warning: iCCP: known incorrect sRGB profile
03-29 19:24:05.606  6620  6661 D UE4     : [2022.03.29-18.24.05:606][  0]LogImageWrapper: Warning: PNG Warning: iCCP: known incorrect sRGB profile
03-29 19:24:05.606  6620  6700 D UE4     : [2022.03.29-18.24.05:606][  0]LogImageWrapper: Warning: PNG Warning: iCCP: known incorrect sRGB profile
03-29 19:24:05.606  6620  6700 D UE4     : [2022.03.29-18.24.05:606][  0]LogImageWrapper: Warning: PNG Warning: iCCP: known incorrect sRGB profile
03-29 19:24:05.607  6620  6698 D UE4     : [2022.03.29-18.24.05:607][  0]LogImageWrapper: Warning: PNG Warning: iCCP: known incorrect sRGB profile
03-29 19:24:05.607  6620  6698 D UE4     : [2022.03.29-18.24.05:607][  0]LogImageWrapper: Warning: PNG Warning: iCCP: known incorrect sRGB profile
03-29 19:24:05.609  6620  6700 D UE4     : [2022.03.29-18.24.05:609][  0]LogImageWrapper: Warning: PNG Warning: iCCP: known incorrect sRGB profile
03-29 19:24:05.609  6620  6701 D UE4     : [2022.03.29-18.24.05:609][  0]LogImageWrapper: Warning: PNG Warning: iCCP: known incorrect sRGB profile
03-29 19:24:05.609  6620  6700 D UE4     : [2022.03.29-18.24.05:609][  0]LogImageWrapper: Warning: PNG Warning: iCCP: known incorrect sRGB profile
03-29 19:24:05.610  6620  6701 D UE4     : [2022.03.29-18.24.05:610][  0]LogImageWrapper: Warning: PNG Warning: iCCP: known incorrect sRGB profile
03-29 19:24:05.610  6620  6699 D UE4     : [2022.03.29-18.24.05:610][  0]LogImageWrapper: Warning: PNG Warning: iCCP: known incorrect sRGB profile
03-29 19:24:05.610  6620  6698 D UE4     : [2022.03.29-18.24.05:610][  0]LogImageWrapper: Warning: PNG Warning: iCCP: known incorrect sRGB profile
03-29 19:24:05.611  6620  6698 D UE4     : [2022.03.29-18.24.05:611][  0]LogImageWrapper: Warning: PNG Warning: iCCP: known incorrect sRGB profile
03-29 19:24:05.611  6620  6699 D UE4     : [2022.03.29-18.24.05:611][  0]LogImageWrapper: Warning: PNG Warning: iCCP: known incorrect sRGB profile
03-29 19:24:05.612  6620  6701 D UE4     : [2022.03.29-18.24.05:612][  0]LogImageWrapper: Warning: PNG Warning: iCCP: known incorrect sRGB profile
03-29 19:24:05.612  6620  6701 D UE4     : [2022.03.29-18.24.05:612][  0]LogImageWrapper: Warning: PNG Warning: iCCP: known incorrect sRGB profile
03-29 19:24:05.612  6620  6661 D UE4     : [2022.03.29-18.24.05:612][  0]LogImageWrapper: Warning: PNG Warning: iCCP: known incorrect sRGB profile
03-29 19:24:05.612  6620  6700 D UE4     : [2022.03.29-18.24.05:612][  0]LogImageWrapper: Warning: PNG Warning: iCCP: known incorrect sRGB profile
03-29 19:24:05.613  6620  6700 D UE4     : [2022.03.29-18.24.05:613][  0]LogImageWrapper: Warning: PNG Warning: iCCP: known incorrect sRGB profile
03-29 19:24:05.613  6620  6661 D UE4     : [2022.03.29-18.24.05:613][  0]LogImageWrapper: Warning: PNG Warning: iCCP: known incorrect sRGB profile
03-29 19:24:05.613  6620  6698 D UE4     : [2022.03.29-18.24.05:613][  0]LogImageWrapper: Warning: PNG Warning: iCCP: known incorrect sRGB profile
03-29 19:24:05.614  6620  6698 D UE4     : [2022.03.29-18.24.05:614][  0]LogImageWrapper: Warning: PNG Warning: iCCP: known incorrect sRGB profile
03-29 19:24:05.614  6620  6699 D UE4     : [2022.03.29-18.24.05:614][  0]LogImageWrapper: Warning: PNG Warning: iCCP: known incorrect sRGB profile
03-29 19:24:05.615  6620  6699 D UE4     : [2022.03.29-18.24.05:615][  0]LogImageWrapper: Warning: PNG Warning: iCCP: known incorrect sRGB profile
03-29 19:24:05.615  6620  6701 D UE4     : [2022.03.29-18.24.05:615][  0]LogImageWrapper: Warning: PNG Warning: iCCP: known incorrect sRGB profile
03-29 19:24:05.615  6620  6701 D UE4     : [2022.03.29-18.24.05:615][  0]LogImageWrapper: Warning: PNG Warning: iCCP: known incorrect sRGB profile
03-29 19:24:05.615  6620  6700 D UE4     : [2022.03.29-18.24.05:615][  0]LogImageWrapper: Warning: PNG Warning: iCCP: known incorrect sRGB profile
03-29 19:24:05.616  6620  6661 D UE4     : [2022.03.29-18.24.05:616][  0]LogImageWrapper: Warning: PNG Warning: iCCP: known incorrect sRGB profile
03-29 19:24:05.616  6620  6661 D UE4     : [2022.03.29-18.24.05:616][  0]LogImageWrapper: Warning: PNG Warning: iCCP: known incorrect sRGB profile
03-29 19:24:05.616  6620  6700 D UE4     : [2022.03.29-18.24.05:616][  0]LogImageWrapper: Warning: PNG Warning: iCCP: known incorrect sRGB profile
03-29 19:24:05.617  6620  6698 D UE4     : [2022.03.29-18.24.05:617][  0]LogImageWrapper: Warning: PNG Warning: iCCP: known incorrect sRGB profile
03-29 19:24:05.617  6620  6698 D UE4     : [2022.03.29-18.24.05:617][  0]LogImageWrapper: Warning: PNG Warning: iCCP: known incorrect sRGB profile
03-29 19:24:05.617  6620  6699 D UE4     : [2022.03.29-18.24.05:617][  0]LogImageWrapper: Warning: PNG Warning: iCCP: known incorrect sRGB profile
03-29 19:24:05.618  6620  6699 D UE4     : [2022.03.29-18.24.05:618][  0]LogImageWrapper: Warning: PNG Warning: iCCP: known incorrect sRGB profile
03-29 19:24:05.618  6620  6661 D UE4     : [2022.03.29-18.24.05:618][  0]LogImageWrapper: Warning: PNG Warning: iCCP: known incorrect sRGB profile
03-29 19:24:05.619  6620  6661 D UE4     : [2022.03.29-18.24.05:618][  0]LogImageWrapper: Warning: PNG Warning: iCCP: known incorrect sRGB profile
03-29 19:24:05.619  6620  6700 D UE4     : [2022.03.29-18.24.05:619][  0]LogImageWrapper: Warning: PNG Warning: iCCP: known incorrect sRGB profile
03-29 19:24:05.619  6620  6700 D UE4     : [2022.03.29-18.24.05:619][  0]LogImageWrapper: Warning: PNG Warning: iCCP: known incorrect sRGB profile
03-29 19:24:05.619  6620  6701 D UE4     : [2022.03.29-18.24.05:619][  0]LogImageWrapper: Warning: PNG Warning: iCCP: known incorrect sRGB profile
03-29 19:24:05.619  6620  6701 D UE4     : [2022.03.29-18.24.05:619][  0]LogImageWrapper: Warning: PNG Warning: iCCP: known incorrect sRGB profile
03-29 19:24:05.620  6620  6699 D UE4     : [2022.03.29-18.24.05:620][  0]LogImageWrapper: Warning: PNG Warning: iCCP: known incorrect sRGB profile
03-29 19:24:05.620  6620  6699 D UE4     : [2022.03.29-18.24.05:620][  0]LogImageWrapper: Warning: PNG Warning: iCCP: known incorrect sRGB profile
03-29 19:24:05.621  6620  6661 D UE4     : [2022.03.29-18.24.05:621][  0]LogImageWrapper: Warning: PNG Warning: iCCP: known incorrect sRGB profile
03-29 19:24:05.621  6620  6661 D UE4     : [2022.03.29-18.24.05:621][  0]LogImageWrapper: Warning: PNG Warning: iCCP: known incorrect sRGB profile
03-29 19:24:05.621  6620  6698 D UE4     : [2022.03.29-18.24.05:621][  0]LogImageWrapper: Warning: PNG Warning: iCCP: known incorrect sRGB profile
03-29 19:24:05.622  6620  6698 D UE4     : [2022.03.29-18.24.05:622][  0]LogImageWrapper: Warning: PNG Warning: iCCP: known incorrect sRGB profile
03-29 19:24:05.622  6620  6700 D UE4     : [2022.03.29-18.24.05:622][  0]LogImageWrapper: Warning: PNG Warning: iCCP: known incorrect sRGB profile
03-29 19:24:05.622  6620  6700 D UE4     : [2022.03.29-18.24.05:622][  0]LogImageWrapper: Warning: PNG Warning: iCCP: known incorrect sRGB profile
03-29 19:24:05.623  6620  6701 D UE4     : [2022.03.29-18.24.05:623][  0]LogImageWrapper: Warning: PNG Warning: iCCP: known incorrect sRGB profile
03-29 19:24:05.623  6620  6701 D UE4     : [2022.03.29-18.24.05:623][  0]LogImageWrapper: Warning: PNG Warning: iCCP: known incorrect sRGB profile
03-29 19:24:05.623  6620  6699 D UE4     : [2022.03.29-18.24.05:623][  0]LogImageWrapper: Warning: PNG Warning: iCCP: known incorrect sRGB profile
03-29 19:24:05.623  6620  6699 D UE4     : [2022.03.29-18.24.05:623][  0]LogImageWrapper: Warning: PNG Warning: iCCP: known incorrect sRGB profile
03-29 19:24:05.624  6620  6698 D UE4     : [2022.03.29-18.24.05:624][  0]LogImageWrapper: Warning: PNG Warning: iCCP: known incorrect sRGB profile
03-29 19:24:05.624  6620  6698 D UE4     : [2022.03.29-18.24.05:624][  0]LogImageWrapper: Warning: PNG Warning: iCCP: known incorrect sRGB profile
03-29 19:24:05.624  6620  6661 D UE4     : [2022.03.29-18.24.05:624][  0]LogImageWrapper: Warning: PNG Warning: iCCP: known incorrect sRGB profile
03-29 19:24:05.624  6620  6661 D UE4     : [2022.03.29-18.24.05:624][  0]LogImageWrapper: Warning: PNG Warning: iCCP: known incorrect sRGB profile
03-29 19:24:05.625  6620  6699 D UE4     : [2022.03.29-18.24.05:625][  0]LogImageWrapper: Warning: PNG Warning: iCCP: known incorrect sRGB profile
03-29 19:24:05.626  6620  6699 D UE4     : [2022.03.29-18.24.05:626][  0]LogImageWrapper: Warning: PNG Warning: iCCP: cHRM chunk does not match sRGB
03-29 19:24:05.626  6620  6699 D UE4     : [2022.03.29-18.24.05:626][  0]LogImageWrapper: Warning: PNG Warning: iCCP: known incorrect sRGB profile
03-29 19:24:05.626  6620  6699 D UE4     : [2022.03.29-18.24.05:626][  0]LogImageWrapper: Warning: PNG Warning: iCCP: cHRM chunk does not match sRGB
03-29 19:24:05.626  6620  6701 D UE4     : [2022.03.29-18.24.05:626][  0]LogImageWrapper: Warning: PNG Warning: iCCP: known incorrect sRGB profile
03-29 19:24:05.626  6620  6701 D UE4     : [2022.03.29-18.24.05:626][  0]LogImageWrapper: Warning: PNG Warning: iCCP: known incorrect sRGB profile
03-29 19:24:05.627  6620  6700 D UE4     : [2022.03.29-18.24.05:627][  0]LogImageWrapper: Warning: PNG Warning: iCCP: known incorrect sRGB profile
03-29 19:24:05.627  6620  6698 D UE4     : [2022.03.29-18.24.05:627][  0]LogImageWrapper: Warning: PNG Warning: iCCP: known incorrect sRGB profile
03-29 19:24:05.627  6620  6698 D UE4     : [2022.03.29-18.24.05:627][  0]LogImageWrapper: Warning: PNG Warning: iCCP: cHRM chunk does not match sRGB
03-29 19:24:05.627  6620  6698 D UE4     : [2022.03.29-18.24.05:627][  0]LogImageWrapper: Warning: PNG Warning: iCCP: known incorrect sRGB profile
03-29 19:24:05.627  6620  6698 D UE4     : [2022.03.29-18.24.05:627][  0]LogImageWrapper: Warning: PNG Warning: iCCP: cHRM chunk does not match sRGB
03-29 19:24:05.627  6620  6661 D UE4     : [2022.03.29-18.24.05:627][  0]LogImageWrapper: Warning: PNG Warning: iCCP: known incorrect sRGB profile
03-29 19:24:05.627  6620  6661 D UE4     : [2022.03.29-18.24.05:627][  0]LogImageWrapper: Warning: PNG Warning: iCCP: cHRM chunk does not match sRGB
03-29 19:24:05.628  6620  6661 D UE4     : [2022.03.29-18.24.05:628][  0]LogImageWrapper: Warning: PNG Warning: iCCP: known incorrect sRGB profile
03-29 19:24:05.628  6620  6661 D UE4     : [2022.03.29-18.24.05:628][  0]LogImageWrapper: Warning: PNG Warning: iCCP: cHRM chunk does not match sRGB
03-29 19:24:05.628  6620  6700 D UE4     : [2022.03.29-18.24.05:628][  0]LogImageWrapper: Warning: PNG Warning: iCCP: known incorrect sRGB profile
03-29 19:24:05.628  6620  6699 D UE4     : [2022.03.29-18.24.05:628][  0]LogImageWrapper: Warning: PNG Warning: iCCP: known incorrect sRGB profile
03-29 19:24:05.629  6620  6699 D UE4     : [2022.03.29-18.24.05:629][  0]LogImageWrapper: Warning: PNG Warning: iCCP: cHRM chunk does not match sRGB
03-29 19:24:05.629  6620  6699 D UE4     : [2022.03.29-18.24.05:629][  0]LogImageWrapper: Warning: PNG Warning: iCCP: known incorrect sRGB profile
03-29 19:24:05.629  6620  6699 D UE4     : [2022.03.29-18.24.05:629][  0]LogImageWrapper: Warning: PNG Warning: iCCP: cHRM chunk does not match sRGB
03-29 19:24:05.629  6620  6701 D UE4     : [2022.03.29-18.24.05:629][  0]LogImageWrapper: Warning: PNG Warning: iCCP: known incorrect sRGB profile
03-29 19:24:05.629  6620  6701 D UE4     : [2022.03.29-18.24.05:629][  0]LogImageWrapper: Warning: PNG Warning: iCCP: cHRM chunk does not match sRGB
03-29 19:24:05.629  6620  6698 D UE4     : [2022.03.29-18.24.05:629][  0]LogImageWrapper: Warning: PNG Warning: iCCP: known incorrect sRGB profile
03-29 19:24:05.629  6620  6698 D UE4     : [2022.03.29-18.24.05:629][  0]LogImageWrapper: Warning: PNG Warning: iCCP: cHRM chunk does not match sRGB
03-29 19:24:05.629  6620  6698 D UE4     : [2022.03.29-18.24.05:629][  0]LogImageWrapper: Warning: PNG Warning: iCCP: known incorrect sRGB profile
03-29 19:24:05.629  6620  6698 D UE4     : [2022.03.29-18.24.05:629][  0]LogImageWrapper: Warning: PNG Warning: iCCP: cHRM chunk does not match sRGB
03-29 19:24:05.630  6620  6701 D UE4     : [2022.03.29-18.24.05:630][  0]LogImageWrapper: Warning: PNG Warning: iCCP: known incorrect sRGB profile
03-29 19:24:05.630  6620  6701 D UE4     : [2022.03.29-18.24.05:630][  0]LogImageWrapper: Warning: PNG Warning: iCCP: cHRM chunk does not match sRGB
03-29 19:24:05.630  6620  6700 D UE4     : [2022.03.29-18.24.05:630][  0]LogImageWrapper: Warning: PNG Warning: iCCP: known incorrect sRGB profile
03-29 19:24:05.630  6620  6700 D UE4     : [2022.03.29-18.24.05:630][  0]LogImageWrapper: Warning: PNG Warning: iCCP: known incorrect sRGB profile
03-29 19:24:05.633  6620  6698 D UE4     : [2022.03.29-18.24.05:633][  0]LogImageWrapper: Warning: PNG Warning: iCCP: known incorrect sRGB profile
03-29 19:24:05.633  6620  6698 D UE4     : [2022.03.29-18.24.05:633][  0]LogImageWrapper: Warning: PNG Warning: iCCP: known incorrect sRGB profile
03-29 19:24:05.635  6620  6699 D UE4     : [2022.03.29-18.24.05:635][  0]LogImageWrapper: Warning: PNG Warning: iCCP: known incorrect sRGB profile
03-29 19:24:05.635  6620  6699 D UE4     : [2022.03.29-18.24.05:635][  0]LogImageWrapper: Warning: PNG Warning: iCCP: known incorrect sRGB profile
03-29 19:24:05.637  6620  6701 D UE4     : [2022.03.29-18.24.05:636][  0]LogImageWrapper: Warning: PNG Warning: iCCP: known incorrect sRGB profile
03-29 19:24:05.637  6620  6701 D UE4     : [2022.03.29-18.24.05:637][  0]LogImageWrapper: Warning: PNG Warning: iCCP: known incorrect sRGB profile
03-29 19:24:05.637  6620  6699 D UE4     : [2022.03.29-18.24.05:637][  0]LogImageWrapper: Warning: PNG Warning: iCCP: known incorrect sRGB profile
03-29 19:24:05.638  6620  6698 D UE4     : [2022.03.29-18.24.05:638][  0]LogImageWrapper: Warning: PNG Warning: iCCP: known incorrect sRGB profile
03-29 19:24:05.638  6620  6698 D UE4     : [2022.03.29-18.24.05:638][  0]LogImageWrapper: Warning: PNG Warning: iCCP: known incorrect sRGB profile
03-29 19:24:05.638  6620  6661 D UE4     : [2022.03.29-18.24.05:638][  0]LogImageWrapper: Warning: PNG Warning: iCCP: known incorrect sRGB profile
03-29 19:24:05.639  6620  6699 D UE4     : [2022.03.29-18.24.05:639][  0]LogImageWrapper: Warning: PNG Warning: iCCP: known incorrect sRGB profile
03-29 19:24:05.640  6620  6701 D UE4     : [2022.03.29-18.24.05:640][  0]LogImageWrapper: Warning: PNG Warning: iCCP: known incorrect sRGB profile
03-29 19:24:05.641  6620  6701 D UE4     : [2022.03.29-18.24.05:641][  0]LogImageWrapper: Warning: PNG Warning: iCCP: known incorrect sRGB profile
03-29 19:24:05.642  6620  6661 D UE4     : [2022.03.29-18.24.05:641][  0]LogImageWrapper: Warning: PNG Warning: iCCP: known incorrect sRGB profile
03-29 19:24:05.642  6620  6699 D UE4     : [2022.03.29-18.24.05:642][  0]LogImageWrapper: Warning: PNG Warning: iCCP: known incorrect sRGB profile
03-29 19:24:05.642  6620  6699 D UE4     : [2022.03.29-18.24.05:642][  0]LogImageWrapper: Warning: PNG Warning: iCCP: known incorrect sRGB profile
03-29 19:24:05.643  6620  6698 D UE4     : [2022.03.29-18.24.05:643][  0]LogImageWrapper: Warning: PNG Warning: iCCP: known incorrect sRGB profile
03-29 19:24:05.643  6620  6698 D UE4     : [2022.03.29-18.24.05:643][  0]LogImageWrapper: Warning: PNG Warning: iCCP: known incorrect sRGB profile
03-29 19:24:05.697  6620  6661 D UE4     : [2022.03.29-18.24.05:697][  0]LogShaderLibrary: Display: Using ../../../TestAndroid/Content/ShaderArchive-TestAndroid-GLSL_ES3_1_ANDROID.ushaderbytecode for material shader code. Total 1698 unique shaders.
03-29 19:24:05.698  6620  6661 D UE4     : [2022.03.29-18.24.05:698][  0]LogShaderLibrary: Display: Cooked Context: Using Shared Shader Library TestAndroid
03-29 19:24:05.699  6620  6661 D UE4     : [2022.03.29-18.24.05:699][  0]LogRHI: Display: Opened pipeline cache after state change and enqueued -1281163756 of 0 tasks for precompile.
03-29 19:24:05.699  6620  6661 D UE4     : [2022.03.29-18.24.05:699][  0]LogRHI: Display: Failed to open default shader pipeline cache for TestAndroid using shader platform 24.
03-29 19:24:05.699  6620  6661 D UE4     : [2022.03.29-18.24.05:699][  0]LogInit: Using OS detected language (en-GB).
03-29 19:24:05.699  6620  6661 D UE4     : [2022.03.29-18.24.05:699][  0]LogInit: Using OS detected locale (en-GB).
03-29 19:24:05.701  6620  6661 D UE4     : [2022.03.29-18.24.05:700][  0]LogTextLocalizationManager: No localization for 'en-GB' exists, so 'en' will be used for the language.
03-29 19:24:05.701  6620  6661 D UE4     : [2022.03.29-18.24.05:701][  0]LogTextLocalizationManager: No localization for 'en-GB' exists, so 'en' will be used for the locale.
03-29 19:24:05.702  6620  6661 D UE4     : [2022.03.29-18.24.05:702][  0]LogSlate: FontCache flush requested. Reason: Culture for localization was changed
03-29 19:24:05.702  6620  6661 D UE4     : [2022.03.29-18.24.05:702][  0]LogSlate: FontCache flush requested. Reason: Culture for localization was changed
03-29 19:24:05.703  6620  6661 D UE4     : [2022.03.29-18.24.05:703][  0]LogTextLocalizationManager: Compacting localization data took   0.05ms
03-29 19:24:05.722  6620  6661 D UE4     : [2022.03.29-18.24.05:722][  0]LogAssetRegistry: FAssetRegistry took 0.0166 seconds to start up
03-29 19:24:05.744  6620  6723 D UE4     : [2022.03.29-18.24.05:744][  0]LogRHI: AndroidEGL:SwapBuffers eglGetCompositorTimingANDROID EGL_COMPOSITE_DEADLINE_ANDROID=60132984535993, EGL_COMPOSITE_INTERVAL_ANDROID=16666667, EGL_COMPOSITE_TO_PRESENT_LATENCY_ANDROID=16666667
03-29 19:24:05.745  6620  6723 D UE4     : [2022.03.29-18.24.05:745][  0]LogRHI: JNI Display getRefreshRate=60.000004
03-29 19:24:05.745  6620  6723 D UE4     : [2022.03.29-18.24.05:745][  0]LogRHI: Final display timing metrics: DriverRefreshRate=60.0000  DriverRefreshNanos=16666667
03-29 19:24:05.745  6620  6723 D UE4     : [2022.03.29-18.24.05:745][  0]LogRHI: AndroidEGL:SwapBuffers Min=0, Max=1, Request=1, ClosestDriver=1, SetDriver=1
03-29 19:24:05.745  6620  6723 D UE4     : [2022.03.29-18.24.05:745][  0]LogRHI: Called eglSwapInterval 1
03-29 19:24:05.747  6620  6723 I BufferQueueProducer: [SurfaceView - com.YourCompany.TestAndroid/com.epicgames.ue4.GameActivity@5eeb130@0#2(BLAST Consumer)2](id:19dc00000002,api:1,p:6620,c:6620) queueBuffer: queued for the first time.
03-29 19:24:05.763  1143  1143 D SurfaceFlinger: Display 4630947232161729153 HWC layers:
03-29 19:24:05.763  1143  1143 D SurfaceFlinger:  SOLID_COLOR |              | 0000 |  Unknown  |    0.0    0.0    0.0    0.0 |    0    0 1080   88 | Letterbox - top#1
03-29 19:24:05.763  1143  1143 D SurfaceFlinger:      DEVICE | 0xb4000077fa463490 | 0102 | RGBx_8888    |    0.0    0.0  592.0 1280.0 |    0   88 1080 2400 | SurfaceView - com.YourCompany.TestAn[...].ue4.GameActivity@5eeb130@0(BLAST)#0
03-29 19:24:05.763  1143  1143 D SurfaceFlinger:      DEVICE | 0xb4000077fa469c10 | 0100 | RGBA_8888    |    0.0    0.0 1080.0 2312.0 |    0   88 1080 2400 | com.YourCompany.TestAndroid/com.epicgames.ue4.GameActivity$_6620#1
03-29 19:24:05.763  1143  1143 D SurfaceFlinger:      DEVICE | 0xb4000077fa45a370 | 0100 | RGBA_8888    |    0.0    0.0 1080.0 2312.0 |    0   88 1080 2400 | com.YourCompany.TestAndroid/com.epicgames.ue4.GameActivity$_6620#0
03-29 19:24:05.763  1143  1143 D SurfaceFlinger: 
03-29 19:24:05.885  1266 11040 D SemNscXgbMsL1: Probability - Cloud gaming: [0.0037131521]
03-29 19:24:05.885  1266 11040 D SemNscXgbMsL1: Probability - Real time: [0.13290116]
03-29 19:24:05.886  1266 11040 D SemNscXgbMsL1: Probability - Non real time: [0.6030591]
03-29 19:24:05.886  1266 11040 D SemNscXgbMsL1: 1 sample inference time: 1.280573 msecs
03-29 19:24:05.887  1266 11040 D SemNscXgbL2Rt: L2 RT 1 sample inference time: 1.186666 msecs
03-29 19:24:05.888  1266 11040 D SemNscXgbL2Nrt: L2 NRT 1 sample inference time: 0.984636 msecs
03-29 19:24:05.938 27078 27078 I wpa_supplicant: Heartbeat 1590
03-29 19:24:05.962  6620  6661 D UE4     : [2022.03.29-18.24.05:962][  0]LogStreaming: Display: FlushAsyncLoading: 1 QueuedPackages, 0 AsyncPackages
03-29 19:24:05.963 17465 20933 I AppsEdge.Badge: getBadgeIconType 0
03-29 19:24:05.964  6620  6661 D UE4     : [2022.03.29-18.24.05:963][  0]LogPackageLocalizationCache: Processed 18 localized package path(s) for 1 prioritized culture(s) in 0.000259 seconds
03-29 19:24:05.972 32297  6693 I BadgeProvider: query, [selection] : null
03-29 19:24:05.981 17465 20933 I AppsEdge.Badge: key=com.gbwhatsapp/.0:0 count=5
03-29 19:24:06.010  6620  6661 D UE4     : [2022.03.29-18.24.06:010][  0]LogSerialization: Display: AllowBulkDataInIoStore: 'true'
03-29 19:24:06.016  6620  6661 D UE4     : [2022.03.29-18.24.06:016][  0]LogInit: Active device profile: [0xac94e380][0xacd99a90 49] Android_Adreno6xx
03-29 19:24:06.016  6620  6661 D UE4     : [2022.03.29-18.24.06:016][  0]LogInit: Profiles: [0xac94de80][0xacda0520 49] Android, [0xac94e780][0xacd9afe0 49] Android_High, [0xac94e380][0xacd99a90 49] Android_Adreno6xx, 
03-29 19:24:06.056  1266 11396 I Pageboost: Launcher App Execution
03-29 19:24:06.111  6620  6661 D UE4     : [2022.03.29-18.24.06:111][  0]LogNetVersion: TestAndroid 1.0.0, NetCL: 14830424, EngineNetVer: 16, GameNetVer: 0 (Checksum: 610059153)
03-29 19:24:06.124  6169  6169 E adbd    : failed to connect to socket 'tcp:6666': Connection refused
03-29 19:24:06.390  1266 11040 D SemNscXgbMsL1: Probability - Cloud gaming: [0.0029233345]
03-29 19:24:06.390  1266 11040 D SemNscXgbMsL1: Probability - Real time: [0.24741411]
03-29 19:24:06.391  1266 11040 D SemNscXgbMsL1: Probability - Non real time: [0.7649375]
03-29 19:24:06.391  1266 11040 D SemNscXgbMsL1: 1 sample inference time: 1.48224 msecs
03-29 19:24:06.393  1266 11040 D SemNscXgbL2Rt: L2 RT 1 sample inference time: 1.648542 msecs
03-29 19:24:06.395  1266 11040 D SemNscXgbL2Nrt: L2 NRT 1 sample inference time: 1.9825 msecs
03-29 19:24:06.419  6620  6661 D UE4     : [2022.03.29-18.24.06:419][  0]LogAudioCaptureCore: Display: No Audio Capture implementations found. Audio input will be silent.
03-29 19:24:06.419  6620  6661 D UE4     : [2022.03.29-18.24.06:419][  0]LogAudioCaptureCore: Display: No Audio Capture implementations found. Audio input will be silent.
03-29 19:24:06.427  6620  6661 D UE4     : [2022.03.29-18.24.06:427][  0]LogHMD: PokeAHoleMaterial loaded successfully
03-29 19:24:06.473  1266 11048 D SemWifiSwitchForIndividualAppsService: isSkipNetworkCondition - result:2
03-29 19:24:06.612 11394 11394 D NetworkController.WifiSignalController: notifyListener: visible=true, enabled=true, connected=true, inetCondition=1, isDefault=true, receivedCR=true, receivedIC=-1, shouldForceHide=false, emptyConnected=false
03-29 19:24:06.733  6620  6661 V MediaPlayer-JNI: native_setup
03-29 19:24:06.734  6620  6661 V MediaPlayerNative: constructor
03-29 19:24:06.735  6620  6661 V MediaPlayerNative: setListener
03-29 19:24:06.736  1135  2032 D AudioFlinger: ro.audio.silent is ignored since no output device is set
03-29 19:24:06.739  6620  6661 D UE4     : [2022.03.29-18.24.06:739][  0]LogMoviePlayer: Initializing movie player
03-29 19:24:06.748  6620  6661 D UE4     : [2022.03.29-18.24.06:748][  0]LogTcpMessaging: Initializing TcpMessaging bridge, listening on 127.0.0.1:6666
03-29 19:24:06.759 17063 20829 W MediaProvider: isAppCloneUserPair for user 0: false
03-29 19:24:06.777 17063 30929 W MediaProvider: isAppCloneUserPair for user 0: false
03-29 19:24:06.788  1266 12808 D SamsungAlarmManager: Cancel Alarm calling from uid:10244 pid :13837 / OP:PendingIntent{39e474a: PendingIntentRecord{5cb4521 com.google.android.gms/com.google.android.gms.gcm broadcastIntent}}
03-29 19:24:06.789  1266 12808 V SamsungAlarmManager: setLocked to kernel - W:146201216 / NW:146171710, now=146166905
03-29 19:24:06.790 17063 20829 W MediaProvider: isAppCloneUserPair for user 0: false
03-29 19:24:06.801 17063 22879 W MediaProvider: isAppCloneUserPair for user 0: false
03-29 19:24:06.815 17063 31980 W MediaProvider: isAppCloneUserPair for user 0: false
03-29 19:24:06.826  1266 12808 D SamsungAlarmManager: setInexact (T:3/F:0/AC:false) 20220329T193943 now=146166942 - CU:10244/CP:13837/OP:PendingIntent{15916bb: PendingIntentRecord{5cb4521 com.google.android.gms/com.google.android.gms.gcm broadcastIntent}}
03-29 19:24:06.826  1266 12808 V SamsungAlarmManager: setLocked to kernel - W:146201216 / NW:146171710, now=146166943
03-29 19:24:06.827 17063 31483 W MediaProvider: isAppCloneUserPair for user 0: false
03-29 19:24:06.841 17063 31893 W MediaProvider: isAppCloneUserPair for user 0: false
03-29 19:24:06.854  1266 12808 D SamsungAlarmManager: Cancel Alarm calling from uid:10244 pid :13837 / OP:PendingIntent{233c56d: PendingIntentRecord{5cb4521 com.google.android.gms/com.google.android.gms.gcm broadcastIntent}}
03-29 19:24:06.854  1266 12808 V SamsungAlarmManager: setLocked to kernel - W:146201216 / NW:146171710, now=146166970
03-29 19:24:06.863 13837  6546 I NetworkScheduler.Stats: Task com.google.android.gms/com.google.android.gms.ipa.base.IpaGcmTaskService started execution. cause:9 exec_start_elapsed_seconds: 146166 [CONTEXT service_id=218 ]
03-29 19:24:06.866  1266 12808 D SamsungAlarmManager: setInexact (T:3/F:0/AC:false) 20220329T193943 now=146166983 - CU:10244/CP:13837/OP:PendingIntent{58075a2: PendingIntentRecord{5cb4521 com.google.android.gms/com.google.android.gms.gcm broadcastIntent}}
03-29 19:24:06.867  1266 12808 V SamsungAlarmManager: setLocked to kernel - W:146201216 / NW:146171710, now=146166983
03-29 19:24:06.872 17063 20829 W MediaProvider: isAppCloneUserPair for user 0: false
03-29 19:24:06.873  1266 12808 D SamsungAlarmManager: Cancel Alarm calling from uid:10244 pid :13837 / OP:PendingIntent{8d5a233: PendingIntentRecord{5cb4521 com.google.android.gms/com.google.android.gms.gcm broadcastIntent}}
03-29 19:24:06.874  1266 12808 V SamsungAlarmManager: setLocked to kernel - W:146201216 / NW:146171710, now=146166990
03-29 19:24:06.880  1266 17307 D SamsungAlarmManager: setInexact (T:3/F:0/AC:false) 20220329T193943 now=146166996 - CU:10244/CP:13837/OP:PendingIntent{1544b69: PendingIntentRecord{5cb4521 com.google.android.gms/com.google.android.gms.gcm broadcastIntent}}
03-29 19:24:06.880  1266 17307 V SamsungAlarmManager: setLocked to kernel - W:146201216 / NW:146171710, now=146166996
03-29 19:24:06.889 17063 22879 W MediaProvider: isAppCloneUserPair for user 0: false
03-29 19:24:06.893 13837  6546 I NetworkScheduler.Stats: Task com.google.android.gms/com.google.android.gms.ipa.base.IpaGcmTaskService finished executing. cause:9 result: 1 elapsed_millis: 80 uptime_millis: 81 exec_start_elapsed_seconds: 146166 [CONTEXT service_id=218 ]
03-29 19:24:06.895  1266 17383 D SamsungAlarmManager: Cancel Alarm calling from uid:10244 pid :13837 / OP:PendingIntent{c1449ee: PendingIntentRecord{5cb4521 com.google.android.gms/com.google.android.gms.gcm broadcastIntent}}
03-29 19:24:06.895  1266 17383 V SamsungAlarmManager: setLocked to kernel - W:146201216 / NW:146171710, now=146167011
03-29 19:24:06.898  1266 11040 D SemNscXgbMsL1: Probability - Cloud gaming: [0.022090614]
03-29 19:24:06.898  1266 11040 D SemNscXgbMsL1: Probability - Real time: [0.1044333]
03-29 19:24:06.898  1266 11040 D SemNscXgbMsL1: Probability - Non real time: [0.750682]
03-29 19:24:06.898  1266 11040 D SemNscXgbMsL1: 1 sample inference time: 1.147187 msecs
03-29 19:24:06.900  1266 17307 D SamsungAlarmManager: setInexact (T:3/F:0/AC:false) 20220329T193943 now=146167016 - CU:10244/CP:13837/OP:PendingIntent{f3e2e8f: PendingIntentRecord{5cb4521 com.google.android.gms/com.google.android.gms.gcm broadcastIntent}}
03-29 19:24:06.900  1266 17307 V SamsungAlarmManager: setLocked to kernel - W:146201216 / NW:146171710, now=146167016
03-29 19:24:06.901  1266 11040 D SemNscXgbL2Rt: L2 RT 1 sample inference time: 2.149844 msecs
03-29 19:24:06.902  1266 11040 D SemNscXgbL2Nrt: L2 NRT 1 sample inference time: 1.050677 msecs
03-29 19:24:06.903 17063 30929 W MediaProvider: isAppCloneUserPair for user 0: false
03-29 19:24:06.906  1266  1964 E Watchdog: !@Sync: 2000 heap: 114 / 121 objects: 2174736 WaitTime: 0.000 GCcnt: 0 FD: 1062 [2022-03-29 19:24:06.906] sdogWay:softdog
03-29 19:24:06.917 17063 31893 W MediaProvider: isAppCloneUserPair for user 0: false
03-29 19:24:06.922  1266 17307 D SamsungAlarmManager: Cancel Alarm calling from uid:10244 pid :13837 / OP:PendingIntent{750fea1: PendingIntentRecord{5cb4521 com.google.android.gms/com.google.android.gms.gcm broadcastIntent}}
03-29 19:24:06.922  1266 17307 V SamsungAlarmManager: setLocked to kernel - W:146201216 / NW:146171710, now=146167038
03-29 19:24:06.925  1266 12808 D SamsungAlarmManager: setInexact (T:3/F:0/AC:false) 20220329T193943 now=146167041 - CU:10244/CP:13837/OP:PendingIntent{c97a8c6: PendingIntentRecord{5cb4521 com.google.android.gms/com.google.android.gms.gcm broadcastIntent}}
03-29 19:24:06.925  1266 12808 V SamsungAlarmManager: setLocked to kernel - W:146201216 / NW:146171710, now=146167041
03-29 19:24:06.927 17063 31483 W MediaProvider: isAppCloneUserPair for user 0: false
03-29 19:24:06.933  1266 12808 D SamsungAlarmManager: Cancel Alarm calling from uid:10244 pid :13837 / OP:PendingIntent{1236087: PendingIntentRecord{5cb4521 com.google.android.gms/com.google.android.gms.gcm broadcastIntent}}
03-29 19:24:06.933  1266 12808 V SamsungAlarmManager: setLocked to kernel - W:146201216 / NW:146171710, now=146167049
03-29 19:24:06.937  1266 12808 D SamsungAlarmManager: setInexact (T:3/F:0/AC:false) 20220329T193943 now=146167053 - CU:10244/CP:13837/OP:PendingIntent{2e36bb4: PendingIntentRecord{5cb4521 com.google.android.gms/com.google.android.gms.gcm broadcastIntent}}
03-29 19:24:06.937  1266 12808 V SamsungAlarmManager: setLocked to kernel - W:146201216 / NW:146171710, now=146167053
03-29 19:24:06.938 17063 31893 W MediaProvider: isAppCloneUserPair for user 0: false
03-29 19:24:06.949 17063 30929 W MediaProvider: isAppCloneUserPair for user 0: false
03-29 19:24:06.951  1266 12808 D SamsungAlarmManager: Cancel Alarm calling from uid:10244 pid :13837 / OP:PendingIntent{6dde3dd: PendingIntentRecord{5cb4521 com.google.android.gms/com.google.android.gms.gcm broadcastIntent}}
03-29 19:24:06.951  1266 12808 V SamsungAlarmManager: setLocked to kernel - W:146201216 / NW:146171710, now=146167068
03-29 19:24:06.969 17063  6592 W MediaProvider: isAppCloneUserPair for user 0: false
03-29 19:24:06.979  6620  6661 D UE4     : [2022.03.29-18.24.06:979][  0]LogUdpMessaging: Initializing bridge on interface 0.0.0.0:0 to multicast group 230.0.0.1:6666.
03-29 19:24:06.993  6620  6661 D UE4     : [2022.03.29-18.24.06:993][  0]LogAndroidPermission: UAndroidPermissionCallbackProxy::GetInstance
03-29 19:24:06.994  6620  6661 D UE4     : [2022.03.29-18.24.06:994][  0]LogGooglePAD: Display: GooglePAD disabled.
03-29 19:24:06.995  6620  6661 D UE4     : [2022.03.29-18.24.06:995][  0]LogOcInput: OculusInput pre-init called
03-29 19:24:06.999  1266 12808 D SamsungAlarmManager: setInexact (T:3/F:0/AC:false) 20220329T193943 now=146167116 - CU:10244/CP:13837/OP:PendingIntent{c59e0d9: PendingIntentRecord{5cb4521 com.google.android.gms/com.google.android.gms.gcm broadcastIntent}}
03-29 19:24:07.000  1266 12808 V SamsungAlarmManager: setLocked to kernel - W:146201216 / NW:146171710, now=146167116
03-29 19:24:07.003 13837  5861 I NetworkScheduler.Stats: Task com.google.android.gms/com.google.android.gms.ipa.base.IpaGcmTaskService started execution. cause:9 exec_start_elapsed_seconds: 146167 [CONTEXT service_id=218 ]
03-29 19:24:07.021  1266 12808 D SamsungAlarmManager: Cancel Alarm calling from uid:10244 pid :13837 / OP:PendingIntent{14dd97f: PendingIntentRecord{5cb4521 com.google.android.gms/com.google.android.gms.gcm broadcastIntent}}
03-29 19:24:07.021  6620  6661 D UE4     : [2022.03.29-18.24.07:021][  0]LogUObjectArray: 14621 objects as part of root set at end of initial load.
03-29 19:24:07.021  1266 12808 V SamsungAlarmManager: setLocked to kernel - W:146201216 / NW:146171710, now=146167137
03-29 19:24:07.021  6620  6661 D UE4     : [2022.03.29-18.24.07:021][  0]LogUObjectArray: 2 objects are not in the root set, but can never be destroyed because they are in the DisregardForGC set.
03-29 19:24:07.021  6620  6661 D UE4     : [2022.03.29-18.24.07:021][  0]LogUObjectAllocator: 2093104 out of 0 bytes used by permanent object pool.
03-29 19:24:07.021  6620  6661 D UE4     : [2022.03.29-18.24.07:021][  0]LogUObjectArray: CloseDisregardForGC: 14621/14621 objects in disregard for GC pool
03-29 19:24:07.026  1266  2902 D SamsungAlarmManager: setInexact (T:3/F:0/AC:false) 20220329T193943 now=146167142 - CU:10244/CP:13837/OP:PendingIntent{da47d4c: PendingIntentRecord{5cb4521 com.google.android.gms/com.google.android.gms.gcm broadcastIntent}}
03-29 19:24:07.026  1266  2902 V SamsungAlarmManager: setLocked to kernel - W:146201216 / NW:146171710, now=146167142
03-29 19:24:07.033 13837  6546 I NetworkScheduler.Stats: Task com.google.android.gms/com.google.android.gms.ipa.base.IpaGcmTaskService finished executing. cause:9 result: 1 elapsed_millis: 58 uptime_millis: 58 exec_start_elapsed_seconds: 146167 [CONTEXT service_id=218 ]
03-29 19:24:07.034  6620  6661 D UE4     : [2022.03.29-18.24.07:034][  0]LogAndroid: Display: Passed PreInit()
03-29 19:24:07.036  6620  6661 D UE4     : [2022.03.29-18.24.07:036][  0]LogEngine: Initializing Engine...
03-29 19:24:07.038  1266  2902 D SamsungAlarmManager: Cancel Alarm calling from uid:10244 pid :13837 / OP:PendingIntent{1feb195: PendingIntentRecord{5cb4521 com.google.android.gms/com.google.android.gms.gcm broadcastIntent}}
03-29 19:24:07.038  1266  2902 V SamsungAlarmManager: setLocked to kernel - W:146201216 / NW:146171710, now=146167154
03-29 19:24:07.040  6620  6661 D UE4     : [2022.03.29-18.24.07:040][  0]LogStats: UGameplayTagsManager::InitializeManager -  0.002 s
03-29 19:24:07.043  1266  2902 D SamsungAlarmManager: setInexact (T:3/F:0/AC:false) 20220329T193943 now=146167159 - CU:10244/CP:13837/OP:PendingIntent{1cb32aa: PendingIntentRecord{5cb4521 com.google.android.gms/com.google.android.gms.gcm broadcastIntent}}
03-29 19:24:07.043  1266  2902 V SamsungAlarmManager: setLocked to kernel - W:146201216 / NW:146171710, now=146167160
03-29 19:24:07.069  5614  5656 I SCS@AiSearch user 0: (SamsungSearchSerialMergeScheduler) Lucene segment merge is triggered by FULL_FLUSH, took 2521ms
03-29 19:24:07.069  1266  2902 D SamsungAlarmManager: Cancel Alarm calling from uid:10244 pid :13837 / OP:PendingIntent{c3f7977: PendingIntentRecord{5cb4521 com.google.android.gms/com.google.android.gms.gcm broadcastIntent}}
03-29 19:24:07.070  5614  5656 I SCS@AiSearch user 0: (IndexSearcherManager) [pool-12-thread-1] leaving from refreshSearcherManager():  
03-29 19:24:07.070  1266  2902 V SamsungAlarmManager: setLocked to kernel - W:146201216 / NW:146171710, now=146167186
03-29 19:24:07.070  5614  5656 I SCS@AiSearch user 0: (IndexManager) [pool-12-thread-1] entering in waitUntilCommitTaskFinished (idx=com.google.android.providers.media)():  
03-29 19:24:07.070  5614  5678 I SCS@AiSearch user 0: (IndexManager) [pool-16-thread-1] entering in commitIndexWriter():  
03-29 19:24:07.080  1266  2902 D SamsungAlarmManager: setInexact (T:3/F:0/AC:false) 20220329T193943 now=146167196 - CU:10244/CP:13837/OP:PendingIntent{71329e4: PendingIntentRecord{5cb4521 com.google.android.gms/com.google.android.gms.gcm broadcastIntent}}
03-29 19:24:07.080  1266  2902 V SamsungAlarmManager: setLocked to kernel - W:146201216 / NW:146171710, now=146167197
03-29 19:24:07.114  5614  5678 I SCS@AiSearch user 0: (IndexManager) [pool-16-thread-1] leaving from commitIndexWriter():  
03-29 19:24:07.114  5614  5656 I SCS@AiSearch user 0: (IndexManager) [pool-12-thread-1] leaving from waitUntilCommitTaskFinished (idx=com.google.android.providers.media)():  
03-29 19:24:07.114  5614  5656 I SCS@AiSearch user 0: (IndexManager) addIndex(): done
03-29 19:24:07.116  5614  5656 I SCS@AiSearch user 0: (BaseCollector::AOSP_MP) fetch: fetching took  2722 ms
03-29 19:24:07.116  5614  5656 I SCS@AiSearch user 0: (BaseCollector::AOSP_MP) fetchChanges: applied 1 items
03-29 19:24:07.116  5614  5656 I SCS@AiSearch user 0: (BaseCollector::AOSP_MP) notifyIndexChange
03-29 19:24:07.126   668   668 D io_stats: !@   8,0 r 9904388 225840888 w 2606190 44389420 d 798509 50746932 f 0 0 iot 2836792 0 th 0 0 0 pt 0 inp 0 0 60134.354
03-29 19:24:07.205  6620  6661 D UE4     : [2022.03.29-18.24.07:205][  0]LogInit: Initializing FReadOnlyCVARCache
03-29 19:24:07.206  6620  6661 D UE4     : [2022.03.29-18.24.07:206][  0]LogAudio: Display: Initializing Audio Device Manager...
03-29 19:24:07.206  6620  6661 D UE4     : [2022.03.29-18.24.07:206][  0]LogAudio: Display: Audio Device Manager Initialized
03-29 19:24:07.207  6620  6661 D UE4     : [2022.03.29-18.24.07:206][  0]LogAudio: Display: Creating Audio Device:                 Id: 1, Scope: Shared, Realtime: True
03-29 19:24:07.210  6620  6661 D UE4     : [GameActivity] [JAVA] audiomanager.framesPerBuffer = 192
03-29 19:24:07.210  6620  6661 D UE4     : [2022.03.29-18.24.07:210][  0]LogAudioMixer: Display: Audio Mixer Platform Settings:
03-29 19:24:07.210  6620  6661 D UE4     : [2022.03.29-18.24.07:210][  0]LogAudioMixer: Display: 	Sample Rate:						  48000
03-29 19:24:07.210  6620  6661 D UE4     : [2022.03.29-18.24.07:210][  0]LogAudioMixer: Display: 	Callback Buffer Frame Size Requested: 1152
03-29 19:24:07.210  6620  6661 D UE4     : [2022.03.29-18.24.07:210][  0]LogAudioMixer: Display: 	Callback Buffer Frame Size To Use:	  1152
03-29 19:24:07.210  6620  6661 D UE4     : [2022.03.29-18.24.07:210][  0]LogAudioMixer: Display: 	Number of buffers to queue:			  2
03-29 19:24:07.211  6620  6661 D UE4     : [2022.03.29-18.24.07:211][  0]LogAudioMixer: Display: 	Max Channels (voices):				  32
03-29 19:24:07.211  6620  6661 D UE4     : [2022.03.29-18.24.07:211][  0]LogAudioMixer: Display: 	Number of Async Source Workers:		  0
03-29 19:24:07.211  6620  6661 D UE4     : [2022.03.29-18.24.07:211][  0]LogAudio: Display: AudioDevice MaxSources: 32
03-29 19:24:07.212  6620  6661 D UE4     : [2022.03.29-18.24.07:212][  0]LogAudio: Display: Using built-in audio occlusion.
03-29 19:24:07.212  6620  6661 D UE4     : [2022.03.29-18.24.07:212][  0]LogAudioMixer: Display: Initializing audio mixer.
03-29 19:24:07.217  6620  6661 D UE4     : [GameActivity] [JAVA] audiomanager.optimalSampleRate = 48000
03-29 19:24:07.217  6620  6661 D UE4     : [GameActivity] [JAVA] audiomanager.framesPerBuffer = 192
03-29 19:24:07.219  6620  6661 D any.TestAndroi: PlayerBase::PlayerBase()
03-29 19:24:07.219  6620  6661 D any.TestAndroi: TrackPlayerBase::TrackPlayerBase()
03-29 19:24:07.219  6620  6661 I libOpenSLES: Emulating old channel mask behavior (ignoring positional mask 0x3, using default mask 0x3 based on channel count of 2)
03-29 19:24:07.227  1135 23452 V APM_AudioPolicyManager: getOutputForAttrInt() attributes={ Content type: AUDIO_CONTENT_TYPE_UNKNOWN Usage: AUDIO_USAGE_MEDIA Source: AUDIO_SOURCE_DEFAULT Flags: 0x400 Tags:  } stream=AUDIO_STREAM_MUSIC session 6497 selectedDeviceId 0
03-29 19:24:07.227  1135 23452 D APM_AudioPolicyManager: selectOutputFlags remove raw flag for SPEAKER
03-29 19:24:07.227  1135 23452 I APM_AudioPolicyManager: selectOutputFlags: remove ULL flag for dolby
03-29 19:24:07.227  1135 23452 V APM_AudioPolicyManager: getOutputForAttrInt() device {type:0x2,@:}, sampling rate 48000, format 0x1, channel mask 0x3, flags 0x4 stream AUDIO_STREAM_MUSIC
03-29 19:24:07.228  1135 23452 V APM_AudioPolicyManager: selectOutput new bestOutput 13 criteria 0 0 0 0 0 0 4 2 
03-29 19:24:07.228  1135 23452 V APM_AudioPolicyManager: selectOutput new bestOutput 29 criteria 0 0 0 0 0 1 4 0 
03-29 19:24:07.228  1135 23452 V APM_AudioPolicyManager: getOutputForAttrInt returns output 29 selectedDeviceId 3
03-29 19:24:07.228  1135 23452 V APM_AudioPolicyManager: getOutputForAttr() returns output 29 requestedPortId 0 selectedDeviceId 3 for port ID 1224
03-29 19:24:07.228  1135 23452 I AudioFlinger: nonSecFlag 104, secFlag 0, outputFlags 4
03-29 19:24:07.228  1135 23452 W AudioFlinger: createTrack_l(): mismatch between requested flags (00000104) and output flags (00000004)
03-29 19:24:07.228  1135 23452 D AudioFlinger: Client defaulted notificationFrames to 192 for frameCount 192
03-29 19:24:07.233  1135 23452 D AF::TrackHandle: OpPlayAudio: track:957 usage:1 not muted
03-29 19:24:07.237  1135 23452 I AF::Track: setMixerOutConfig return default condition, mixer key 2002, thread key 2002
03-29 19:24:07.239  6620  6661 I AudioTrack: createTrack_l(-598108037): AUDIO_OUTPUT_FLAG_FAST successful; frameCount 0 -> 192
03-29 19:24:07.243  6620  6661 D UE4     : [2022.03.29-18.24.07:242][  0]LogAudioMixer: Display: Using Audio Device Android Audio Device
03-29 19:24:07.244  6620  6661 D UE4     : [2022.03.29-18.24.07:244][  0]LogAudioMixer: Display: Initializing Sound Submixes...
03-29 19:24:07.262  6620  6661 D UE4     : [2022.03.29-18.24.07:262][  0]LogAudioMixer: Display: Creating Master Submix 'MasterSubmixDefault'
03-29 19:24:07.263  6620  6661 D UE4     : [2022.03.29-18.24.07:263][  0]LogAudioMixer: Display: Creating Master Submix 'MasterReverbSubmixDefault'
03-29 19:24:07.266  6620  6661 D UE4     : [2022.03.29-18.24.07:266][  0]LogAudioMixer: Display: Creating Master Submix 'MasterEQSubmixDefault'
03-29 19:24:07.266  6620  6661 D UE4     : [2022.03.29-18.24.07:266][  0]LogAudioMixer: Display: Output buffers initialized: Frames=1152, Channels=2, Samples=2304
03-29 19:24:07.267  1135 23452 I AF::Track: setMixerOutConfig return default condition, mixer key 2002, thread key 2002
03-29 19:24:07.267  1135 23452 I AudioPolicyEffectException: MySpaceHandler::checkDetachCondition media 1, ring 0, mp 0
03-29 19:24:07.267  1135 23452 I AudioPolicyEffectException: MySpace detach value 1
03-29 19:24:07.267  1135 23452 V APM_AudioPolicyManager: startOutput() output 29, stream 3, session 6497, portId 1224
03-29 19:24:07.267  1135 23452 V APM_AudioPolicyManager: selectOutputForMusicEffects activeOnly 1 output 29 flags 0x00000004
03-29 19:24:07.267  1135 23452 V APM_AudioPolicyManager: selectOutputForMusicEffects selected output 13
03-29 19:24:07.267  1135 23452 V APM_AudioPolicyManager: getNewOutputDevices selected devices {type:0x2,@:}
03-29 19:24:07.267  1135 23452 V APM_AudioPolicyManager: setOutputDevices device {type:0x2,@:} delayMs 0
03-29 19:24:07.267  1135 23452 V APM_AudioPolicyManager: setOutputDevices() prevDevice {type:0x2,@:}
03-29 19:24:07.267  1135 23452 V APM_AudioPolicyManager: setOutputDevices: suppressing checkDeviceMuteStrategies
03-29 19:24:07.267  1135 23452 V APM_AudioPolicyManager: setOutputDevices setting same device {type:0x2,@:} or null device, force=0, patch handle=944
03-29 19:24:07.267  1135 23452 V APM_AudioPolicyManager: computeVolume: stream 3, index 0, volume 0.000000, deviceTypes 0x2
03-29 19:24:07.267  1135 23452 V APM_AudioPolicyManager: computeVolume: stream 3, index 1, volume 0.002239, deviceTypes 0x2
03-29 19:24:07.268  1266  1266 D AudioPlayerStateMonitor: Found a new active media playback. AudioPlaybackConfiguration piid:8959 deviceId:3 type:OpenSL ES AudioPlayer (Buffer Queue) u/pid:10458/6620 state:started attr:AudioAttributes: usage=USAGE_MEDIA content=CONTENT_TYPE_UNKNOWN flags=0x0 tags= bundle=null sessionId:6497
03-29 19:24:07.268  6620  6760 D UE4     : [2022.03.29-18.24.07:268][  0]LogAudioMixer: Display: Starting AudioMixerPlatformInterface::RunInternal()
03-29 19:24:07.272 22908 22908 I BWU@AudioPlaybackControlManager: Ph_playerType : 11, clientPid : 6620, usage : 1, playerState : 2 [main] 
03-29 19:24:07.273 22908 22908 I BWU@AudioPlaybackControlManager: Ph_com.YourCompany.TestAndroid is now playing [main] 
03-29 19:24:07.273 22908 22908 I BWU@AudioPlaybackControlManager: Ph_onPlaybackConfigChanged isMusicPlaying - 1 configs counts - 10 [main] 
03-29 19:24:07.273  1135 23452 I AudioFlinger: setAmpLPower 1, from sensor 0
03-29 19:24:07.276  1067 10731 D audio_hw_primary: start_output_stream: enter: stream(0xeb2cc970)usecase(2: low-latency-playback) devices(0x2) is_haptic_usecase(0)
03-29 19:24:07.276  1067 10731 D audio_hw_primary: select_devices for use case (low-latency-playback)
03-29 19:24:07.276  1067 10731 I sm7225_platform: platform_check_and_set_codec_backend_cfg:becf: afe: bitwidth 24, samplerate 48000 channels 2, backend_idx 0 usecase = 2 device (speaker)
03-29 19:24:07.276  1067 10731 D sm7225_platform: platform_split_snd_device: snd_device(2) num devices(1) new_snd_devices(0)
03-29 19:24:07.276  1067 10731 I sm7225_platform: platform_check_and_set_codec_backend_cfg: new_snd_devices[0] is 2
03-29 19:24:07.276  1067 10731 I sm7225_platform: platform_check_codec_backend_cfg:becf: afe: bitwidth 24, samplerate 48000 channels 2, backend_idx 0 usecase = 2 device (speaker)
03-29 19:24:07.276  1067 10731 D sm7225_platform: platform_check_codec_backend_cfg:becf: updated afe: bitwidth 24, samplerate 48000 channels 2,backend_idx 0 usecase = 2 device (speaker)
03-29 19:24:07.276  1067 10731 D sm7225_platform: platform_check_codec_backend_cfg:becf: afe: playback on codec device not supporting native playback set default Sample Rate(48k)
03-29 19:24:07.276  1067 10731 I sm7225_platform: platform_check_codec_backend_cfg:becf: afe: Codec selected backend: 0 updated bit width: 24 and sample rate: 48000
03-29 19:24:07.276  1067 10731 D audio_hw_primary: check_usecases_codec_backend:becf: force routing 1
03-29 19:24:07.276  1067 10731 E sm7225_platform: platform_check_backends_match: Invalid snd_device = 
03-29 19:24:07.276  1067 10731 D audio_hw_primary: check_usecases_codec_backend:becf: (80) check_usecases curr device: speaker, usecase device: backends match 0
03-29 19:24:07.276  1067 10731 D audio_hw_primary: check_usecases_codec_backend:becf: check_usecases num.of Usecases to switch 0
03-29 19:24:07.276  1067 10731 D hardware_info: hw_info_append_hw_type : device_name = speaker
03-29 19:24:07.276  1067 10731 E tas_spk_prot: call enable_sa_path
03-29 19:24:07.276  1067 10731 V tas_spk_prot: Enter enable_sa_path
03-29 19:24:07.276  1067 10731 D tas_spk_prot: Enabling SND_DEVICE_IN_CAPTURE_VI_FEEDBACK
03-29 19:24:07.276  1067 10731 D hardware_info: hw_info_append_hw_type : device_name = vi-feedback
03-29 19:24:07.276  1067 10731 D audio_hw_primary: enable_snd_device: snd_device(297: vi-feedback)
03-29 19:24:07.277  1067 10731 D sm7225_platform: platform_get_island_cfg_on_device:island cfg status on snd_device = (vi-feedback 0)
03-29 19:24:07.277 22908 22908 I BWU@AecWakeupService: Ph_IMediaControlListener - onStartRecording() with aecType : 1 [main] 
03-29 19:24:07.277  1067 10731 I soundtrigger: audio_extn_sound_trigger_update_device_status: device 0x129 of type 1 for Event 1, with Raise=0
03-29 19:24:07.277  1067 10731 D audio_route: Apply path: vi-feedback
03-29 19:24:07.277  1067 10731 D tas_spk_prot: Enabling USECASE_AUDIO_SPKR_CALIB_TX
03-29 19:24:07.277  1067 10731 D soundtrigger: audio_extn_sound_trigger_update_stream_status: uc_info->id 54 of type 1 for Event 3, with Raise=0
03-29 19:24:07.277  1067 10731 D audio_hw_utils: audio_extn_utils_send_app_type_cfg: usecase->in_snd_device vi-feedback
03-29 19:24:07.277  1067 10731 E voice   : voice_is_in_call_rec_stream: input stream is NULL
03-29 19:24:07.277  1067 10731 D sm7225_platform: platform_split_snd_device: snd_device(297) num devices(0) new_snd_devices(0)
03-29 19:24:07.277  1067 10731 E voice   : voice_is_in_call_rec_stream: input stream is NULL
03-29 19:24:07.277  1067 10731 I audio_hw_utils: send_app_type_cfg_for_device default app_type 69938, acdb_dev_id 102, sample_rate 48000, snd_device_be_idx 53
03-29 19:24:07.278 22908 22908 I BWU@AecWakeupService: Ph_add History 20220329_192407 (stopRecording) aecType : 1 null [main] 
03-29 19:24:07.278  1067 10731 D sm7225_platform: platform_split_snd_device: snd_device(297) num devices(1) new_snd_devices(0)
03-29 19:24:07.278  1067 10731 D ACDB-LOADER: ACDB -> send_audio_cal, acdb_id = 102, path = 1, app id = 0x11132, sample rate = 48000, afe_sample_rate = 48000
03-29 19:24:07.278  1067 10731 D ACDB-LOADER: ACDB -> send_asm_topology
03-29 19:24:07.278  1067 10731 D ACDB-LOADER: ACDB -> ACDB_CMD_GET_AUDPROC_STREAM_TOPOLOGY_ID
03-29 19:24:07.278  1067 10731 D ACDB-LOADER: ACDB -> send_adm_topology
03-29 19:24:07.278  1067 10731 D ACDB-LOADER: ACDB -> ACDB_CMD_GET_AUDPROC_COMMON_TOPOLOGY_ID
03-29 19:24:07.278  1067 10731 D ACDB-LOADER: ACDB -> send_audtable
03-29 19:24:07.278  1067 10731 D ACDB-LOADER: ACDB -> ACDB_CMD_GET_AUDPROC_INSTANCE_COMMON_TABLE_SIZE
03-29 19:24:07.278  1067 10731 D ACDB-LOADER: ACDB -> ACDB_CMD_GET_AUDPROC_INSTANCE_COMMON_TABLE
